{"level":"INFO","timestamp":"2026-05-06T23:18:25.926+0500","caller":"app/app.go:176","message":"🗄️ Database initialized and migrations applied"}
{"level":"INFO","timestamp":"2026-05-06T23:18:25.938+0500","caller":"app/app.go:87","message":"🚀 HTTP OrderService server listening on localhost:8080"}
{"level":"INFO","timestamp":"2026-05-06T23:18:25.938+0500","caller":"app/app.go:40","message":"🚀 Order Kafka consumer running"}
{"level":"INFO","timestamp":"2026-05-06T23:18:25.941+0500","caller":"order_consumer/consumer.go:32","message":"Starting order consumer service"}
{"level":"INFO","timestamp":"2026-05-06T23:18:26.069+0500","caller":"sarama@v1.48.0/consumer_group.go:869","message":"New session","member_id":"sarama-98618d0a-e1c5-4911-80be-b9c1e6d0aebf","claims":{"order.assembled":[0,1]}}
{"level":"INFO","timestamp":"2026-05-06T23:21:56.542+0500","caller":"app/app.go:73","message":"Shutdown signal received"}
{"level":"INFO","timestamp":"2026-05-06T23:21:56.542+0500","caller":"sync/once.go:78","message":"🚦 Начинаем процесс graceful shutdown..."}
{"level":"INFO","timestamp":"2026-05-06T23:21:56.542+0500","caller":"runtime/asm_amd64.s:1693","message":"🛑 Получен системный сигнал, начинаем graceful shutdown..."}
{"level":"INFO","timestamp":"2026-05-06T23:21:56.542+0500","caller":"sarama@v1.48.0/consumer_group.go:969","message":"Kafka session context done"}
{"level":"INFO","timestamp":"2026-05-06T23:21:56.542+0500","caller":"closer/closer.go:171","message":"🧩 Закрываем Kafka consumer group..."}
{"level":"INFO","timestamp":"2026-05-06T23:21:56.542+0500","caller":"closer/closer.go:171","message":"🧩 Закрываем HTTP server..."}
{"level":"INFO","timestamp":"2026-05-06T23:21:56.543+0500","caller":"closer/closer.go:171","message":"✅ HTTP server успешно закрыт за 458.114µs"}
{"level":"INFO","timestamp":"2026-05-06T23:21:56.543+0500","caller":"closer/closer.go:171","message":"🧩 Закрываем Kafka sync producer..."}
{"level":"INFO","timestamp":"2026-05-06T23:21:56.543+0500","caller":"closer/closer.go:171","message":"🧩 Закрываем Payment gRPC connection..."}
{"level":"INFO","timestamp":"2026-05-06T23:21:56.543+0500","caller":"closer/closer.go:171","message":"🧩 Закрываем Inventory gRPC connection..."}
{"level":"INFO","timestamp":"2026-05-06T23:21:56.543+0500","caller":"closer/closer.go:171","message":"🧩 Закрываем IAM gRPC connection..."}
{"level":"INFO","timestamp":"2026-05-06T23:21:56.543+0500","caller":"closer/closer.go:171","message":"🧩 Закрываем PostgresSQL connection..."}
{"level":"INFO","timestamp":"2026-05-06T23:21:56.545+0500","caller":"closer/closer.go:171","message":"✅ Kafka sync producer успешно закрыт за 1.962187ms"}
{"level":"INFO","timestamp":"2026-05-06T23:21:56.542+0500","caller":"sarama@v1.48.0/consumer_group.go:969","message":"Kafka session context done"}
{"level":"INFO","timestamp":"2026-05-06T23:21:56.546+0500","caller":"closer/closer.go:171","message":"✅ IAM gRPC connection успешно закрыт за 2.908144ms"}
{"level":"INFO","timestamp":"2026-05-06T23:21:56.546+0500","caller":"closer/closer.go:171","message":"✅ Payment gRPC connection успешно закрыт за 2.957795ms"}
{"level":"INFO","timestamp":"2026-05-06T23:21:56.546+0500","caller":"closer/closer.go:171","message":"✅ Inventory gRPC connection успешно закрыт за 2.839445ms"}
{"level":"INFO","timestamp":"2026-05-06T23:21:56.547+0500","caller":"closer/closer.go:171","message":"✅ PostgresSQL connection успешно закрыт за 4.048069ms"}
{"level":"ERROR","timestamp":"2026-05-06T23:21:56.916+0500","caller":"order_consumer/consumer.go:34","message":"Consume from order.assembled topic error","error":"context canceled"}
{"level":"INFO","timestamp":"2026-05-06T23:21:56.958+0500","caller":"closer/closer.go:171","message":"✅ Kafka consumer group успешно закрыт за 415.195272ms"}
{"level":"INFO","timestamp":"2026-05-06T23:21:56.958+0500","caller":"sync/once.go:78","message":"✅ Все ресурсы успешно закрыты"}
{"level":"INFO","timestamp":"2026-05-06T23:21:59.672+0500","caller":"app/app.go:176","message":"🗄️ Database initialized and migrations applied"}
{"level":"INFO","timestamp":"2026-05-06T23:21:59.686+0500","caller":"app/app.go:87","message":"🚀 HTTP OrderService server listening on localhost:8080"}
{"level":"INFO","timestamp":"2026-05-06T23:21:59.686+0500","caller":"app/app.go:40","message":"🚀 Order Kafka consumer running"}
{"level":"INFO","timestamp":"2026-05-06T23:21:59.696+0500","caller":"order_consumer/consumer.go:32","message":"Starting order consumer service"}
{"level":"INFO","timestamp":"2026-05-06T23:21:59.750+0500","caller":"sarama@v1.48.0/consumer_group.go:869","message":"New session","member_id":"sarama-7f5d8261-9518-4b7e-b8d6-c42a49a4ff36","claims":{"order.assembled":[0,1]}}
{"level":"ERROR","timestamp":"2026-05-06T23:22:38.522+0500","caller":"cmd/main.go:33","message":"💥 Не удалось создать приложение","error":"failed to run migrations: ./iam/migrations directory does not exist"}
{"level":"INFO","timestamp":"2026-05-06T23:22:38.523+0500","caller":"sync/once.go:78","message":"🚦 Начинаем процесс graceful shutdown..."}
{"level":"INFO","timestamp":"2026-05-06T23:22:38.523+0500","caller":"closer/closer.go:171","message":"🧩 Закрываем PostgresSQL connection..."}
{"level":"INFO","timestamp":"2026-05-06T23:22:38.523+0500","caller":"closer/closer.go:171","message":"✅ PostgresSQL connection успешно закрыт за 233.932µs"}
{"level":"INFO","timestamp":"2026-05-06T23:22:38.523+0500","caller":"sync/once.go:78","message":"✅ Все ресурсы успешно закрыты"}
{"level":"ERROR","timestamp":"2026-05-06T23:22:42.488+0500","caller":"cmd/main.go:33","message":"💥 Не удалось создать приложение","error":"failed to run migrations: ./iam/migrations directory does not exist"}
{"level":"INFO","timestamp":"2026-05-06T23:22:42.488+0500","caller":"sync/once.go:78","message":"🚦 Начинаем процесс graceful shutdown..."}
{"level":"INFO","timestamp":"2026-05-06T23:22:42.489+0500","caller":"closer/closer.go:171","message":"🧩 Закрываем PostgresSQL connection..."}
{"level":"INFO","timestamp":"2026-05-06T23:22:42.489+0500","caller":"closer/closer.go:171","message":"✅ PostgresSQL connection успешно закрыт за 253.33µs"}
{"level":"INFO","timestamp":"2026-05-06T23:22:42.489+0500","caller":"sync/once.go:78","message":"✅ Все ресурсы успешно закрыты"}
{"level":"ERROR","timestamp":"2026-05-06T23:23:21.456+0500","caller":"cmd/main.go:33","message":"💥 Не удалось создать приложение","error":"failed to run migrations: ../iam/migrations directory does not exist"}
{"level":"INFO","timestamp":"2026-05-06T23:23:21.457+0500","caller":"sync/once.go:78","message":"🚦 Начинаем процесс graceful shutdown..."}
{"level":"INFO","timestamp":"2026-05-06T23:23:21.457+0500","caller":"closer/closer.go:171","message":"🧩 Закрываем PostgresSQL connection..."}
{"level":"INFO","timestamp":"2026-05-06T23:23:21.457+0500","caller":"closer/closer.go:171","message":"✅ PostgresSQL connection успешно закрыт за 586.099µs"}
{"level":"INFO","timestamp":"2026-05-06T23:23:21.457+0500","caller":"sync/once.go:78","message":"✅ Все ресурсы успешно закрыты"}
{"level":"ERROR","timestamp":"2026-05-06T23:23:22.822+0500","caller":"cmd/main.go:33","message":"💥 Не удалось создать приложение","error":"failed to run migrations: ../iam/migrations directory does not exist"}
{"level":"INFO","timestamp":"2026-05-06T23:23:22.822+0500","caller":"sync/once.go:78","message":"🚦 Начинаем процесс graceful shutdown..."}
{"level":"INFO","timestamp":"2026-05-06T23:23:22.822+0500","caller":"closer/closer.go:171","message":"🧩 Закрываем PostgresSQL connection..."}
{"level":"INFO","timestamp":"2026-05-06T23:23:22.823+0500","caller":"closer/closer.go:171","message":"✅ PostgresSQL connection успешно закрыт за 142.986µs"}
{"level":"INFO","timestamp":"2026-05-06T23:23:22.823+0500","caller":"sync/once.go:78","message":"✅ Все ресурсы успешно закрыты"}
{"level":"INFO","timestamp":"2026-05-06T23:23:43.591+0500","caller":"app/app.go:94","message":"🗄️ Database initialized and migrations applied"}
{"level":"INFO","timestamp":"2026-05-06T23:23:43.591+0500","caller":"app/app.go:64","message":"🔴 Redis initialized"}
{"level":"INFO","timestamp":"2026-05-06T23:23:43.592+0500","caller":"app/app.go:134","message":"🚀 gRPC IAMService server listening on localhost:50053"}
{"level":"INFO","timestamp":"2026-05-06T23:24:06.285+0500","caller":"runtime/asm_amd64.s:1693","message":"🛑 Получен системный сигнал, начинаем graceful shutdown..."}
{"level":"INFO","timestamp":"2026-05-06T23:24:06.285+0500","caller":"sarama@v1.48.0/consumer_group.go:969","message":"Kafka session context done"}
{"level":"INFO","timestamp":"2026-05-06T23:24:06.285+0500","caller":"sync/once.go:78","message":"🚦 Начинаем процесс graceful shutdown..."}
{"level":"INFO","timestamp":"2026-05-06T23:24:06.285+0500","caller":"sarama@v1.48.0/consumer_group.go:969","message":"Kafka session context done"}
{"level":"INFO","timestamp":"2026-05-06T23:24:06.285+0500","caller":"app/app.go:73","message":"Shutdown signal received"}
{"level":"INFO","timestamp":"2026-05-06T23:24:06.286+0500","caller":"closer/closer.go:171","message":"🧩 Закрываем Kafka consumer group..."}
{"level":"INFO","timestamp":"2026-05-06T23:24:06.286+0500","caller":"closer/closer.go:171","message":"🧩 Закрываем Payment gRPC connection..."}
{"level":"INFO","timestamp":"2026-05-06T23:24:06.286+0500","caller":"closer/closer.go:171","message":"🧩 Закрываем Inventory gRPC connection..."}
{"level":"INFO","timestamp":"2026-05-06T23:24:06.286+0500","caller":"closer/closer.go:171","message":"🧩 Закрываем HTTP server..."}
{"level":"INFO","timestamp":"2026-05-06T23:24:06.286+0500","caller":"closer/closer.go:171","message":"🧩 Закрываем IAM gRPC connection..."}
{"level":"INFO","timestamp":"2026-05-06T23:24:06.286+0500","caller":"closer/closer.go:171","message":"🧩 Закрываем PostgresSQL connection..."}
{"level":"INFO","timestamp":"2026-05-06T23:24:06.286+0500","caller":"closer/closer.go:171","message":"✅ Payment gRPC connection успешно закрыт за 186.239µs"}
{"level":"INFO","timestamp":"2026-05-06T23:24:06.286+0500","caller":"closer/closer.go:171","message":"✅ Inventory gRPC connection успешно закрыт за 134.641µs"}
{"level":"INFO","timestamp":"2026-05-06T23:24:06.286+0500","caller":"closer/closer.go:171","message":"🧩 Закрываем Kafka sync producer..."}
{"level":"INFO","timestamp":"2026-05-06T23:24:06.286+0500","caller":"closer/closer.go:171","message":"✅ PostgresSQL connection успешно закрыт за 245.892µs"}
{"level":"INFO","timestamp":"2026-05-06T23:24:06.286+0500","caller":"closer/closer.go:171","message":"✅ Kafka sync producer успешно закрыт за 266.522µs"}
{"level":"INFO","timestamp":"2026-05-06T23:24:06.286+0500","caller":"closer/closer.go:171","message":"✅ HTTP server успешно закрыт за 384.792µs"}
{"level":"INFO","timestamp":"2026-05-06T23:24:06.286+0500","caller":"closer/closer.go:171","message":"✅ IAM gRPC connection успешно закрыт за 557.482µs"}
{"level":"ERROR","timestamp":"2026-05-06T23:24:06.518+0500","caller":"order_consumer/consumer.go:34","message":"Consume from order.assembled topic error","error":"context canceled"}
{"level":"INFO","timestamp":"2026-05-06T23:24:06.521+0500","caller":"closer/closer.go:171","message":"✅ Kafka consumer group успешно закрыт за 235.934379ms"}
{"level":"INFO","timestamp":"2026-05-06T23:24:06.522+0500","caller":"sync/once.go:78","message":"✅ Все ресурсы успешно закрыты"}
{"level":"INFO","timestamp":"2026-05-06T23:24:07.349+0500","caller":"app/app.go:176","message":"🗄️ Database initialized and migrations applied"}
{"level":"INFO","timestamp":"2026-05-06T23:24:07.357+0500","caller":"app/app.go:87","message":"🚀 HTTP OrderService server listening on localhost:8080"}
{"level":"INFO","timestamp":"2026-05-06T23:24:07.357+0500","caller":"app/app.go:40","message":"🚀 Order Kafka consumer running"}
{"level":"INFO","timestamp":"2026-05-06T23:24:07.363+0500","caller":"order_consumer/consumer.go:32","message":"Starting order consumer service"}
{"level":"INFO","timestamp":"2026-05-06T23:24:07.380+0500","caller":"sarama@v1.48.0/consumer_group.go:869","message":"New session","member_id":"sarama-7ac90bcd-31df-4d2d-a620-77ac8810f385","claims":{"order.assembled":[0,1]}}
{"level":"INFO","timestamp":"2026-05-07T06:29:58.826+0500","caller":"sarama@v1.48.0/consumer_group.go:969","message":"Kafka session context done"}
{"level":"INFO","timestamp":"2026-05-07T06:29:58.826+0500","caller":"sarama@v1.48.0/consumer_group.go:969","message":"Kafka session context done"}
{"level":"INFO","timestamp":"2026-05-07T06:29:58.827+0500","caller":"runtime/asm_amd64.s:1693","message":"🛑 Получен системный сигнал, начинаем graceful shutdown..."}
{"level":"INFO","timestamp":"2026-05-07T06:29:58.828+0500","caller":"sync/once.go:78","message":"🚦 Начинаем процесс graceful shutdown..."}
{"level":"INFO","timestamp":"2026-05-07T06:29:58.826+0500","caller":"app/app.go:73","message":"Shutdown signal received"}
{"level":"INFO","timestamp":"2026-05-07T06:29:58.828+0500","caller":"closer/closer.go:171","message":"🧩 Закрываем Payment gRPC connection..."}
{"level":"INFO","timestamp":"2026-05-07T06:29:58.828+0500","caller":"closer/closer.go:171","message":"🧩 Закрываем Kafka sync producer..."}
{"level":"INFO","timestamp":"2026-05-07T06:29:58.828+0500","caller":"closer/closer.go:171","message":"🧩 Закрываем PostgresSQL connection..."}
{"level":"INFO","timestamp":"2026-05-07T06:29:58.828+0500","caller":"closer/closer.go:171","message":"🧩 Закрываем Kafka consumer group..."}
{"level":"INFO","timestamp":"2026-05-07T06:29:58.828+0500","caller":"closer/closer.go:171","message":"🧩 Закрываем IAM gRPC connection..."}
{"level":"INFO","timestamp":"2026-05-07T06:29:58.828+0500","caller":"closer/closer.go:171","message":"🧩 Закрываем HTTP server..."}
{"level":"INFO","timestamp":"2026-05-07T06:29:58.828+0500","caller":"closer/closer.go:171","message":"🧩 Закрываем Inventory gRPC connection..."}
{"level":"INFO","timestamp":"2026-05-07T06:29:58.829+0500","caller":"closer/closer.go:171","message":"✅ Kafka sync producer успешно закрыт за 1.11582ms"}
{"level":"INFO","timestamp":"2026-05-07T06:29:58.830+0500","caller":"closer/closer.go:171","message":"✅ HTTP server успешно закрыт за 1.458217ms"}
{"level":"INFO","timestamp":"2026-05-07T06:29:58.830+0500","caller":"closer/closer.go:171","message":"✅ PostgresSQL connection успешно закрыт за 1.547346ms"}
{"level":"INFO","timestamp":"2026-05-07T06:29:58.830+0500","caller":"closer/closer.go:171","message":"✅ Payment gRPC connection успешно закрыт за 2.196523ms"}
{"level":"INFO","timestamp":"2026-05-07T06:29:58.830+0500","caller":"closer/closer.go:171","message":"✅ Inventory gRPC connection успешно закрыт за 2.278919ms"}
{"level":"INFO","timestamp":"2026-05-07T06:29:58.833+0500","caller":"closer/closer.go:171","message":"✅ IAM gRPC connection успешно закрыт за 4.615848ms"}
{"level":"ERROR","timestamp":"2026-05-07T06:29:58.895+0500","caller":"order_consumer/consumer.go:34","message":"Consume from order.assembled topic error","error":"context canceled"}
{"level":"INFO","timestamp":"2026-05-07T06:29:58.902+0500","caller":"closer/closer.go:171","message":"✅ Kafka consumer group успешно закрыт за 74.408301ms"}
{"level":"INFO","timestamp":"2026-05-07T06:29:58.903+0500","caller":"sync/once.go:78","message":"✅ Все ресурсы успешно закрыты"}
{"level":"INFO","timestamp":"2026-05-07T06:32:33.292+0500","caller":"runtime/asm_amd64.s:1693","message":"🛑 Получен системный сигнал, начинаем graceful shutdown..."}
{"level":"INFO","timestamp":"2026-05-07T06:32:33.296+0500","caller":"sync/once.go:78","message":"🚦 Начинаем процесс graceful shutdown..."}
{"level":"INFO","timestamp":"2026-05-07T06:32:33.298+0500","caller":"closer/closer.go:171","message":"🧩 Закрываем gRPC server..."}
{"level":"INFO","timestamp":"2026-05-07T06:32:33.298+0500","caller":"closer/closer.go:171","message":"🧩 Закрываем TCP listener..."}
{"level":"INFO","timestamp":"2026-05-07T06:32:33.298+0500","caller":"closer/closer.go:171","message":"✅ TCP listener успешно закрыт за 732.191µs"}
{"level":"INFO","timestamp":"2026-05-07T06:32:33.298+0500","caller":"closer/closer.go:171","message":"🧩 Закрываем Redis pool..."}
{"level":"INFO","timestamp":"2026-05-07T06:32:33.298+0500","caller":"closer/closer.go:171","message":"🧩 Закрываем PostgresSQL connection..."}
{"level":"INFO","timestamp":"2026-05-07T06:32:33.299+0500","caller":"closer/closer.go:171","message":"✅ Redis pool успешно закрыт за 1.345759ms"}
{"level":"INFO","timestamp":"2026-05-07T06:32:33.300+0500","caller":"closer/closer.go:171","message":"✅ PostgresSQL connection успешно закрыт за 2.725121ms"}
{"level":"INFO","timestamp":"2026-05-07T06:32:33.307+0500","caller":"closer/closer.go:171","message":"✅ gRPC server успешно закрыт за 9.803395ms"}
{"level":"INFO","timestamp":"2026-05-07T06:32:33.307+0500","caller":"sync/once.go:78","message":"✅ Все ресурсы успешно закрыты"}
