{"level":"INFO","timestamp":"2026-05-05T22:16:44.184+0500","caller":"app/app.go:94","message":"🗄️ Database initialized and migrations applied"}
{"level":"INFO","timestamp":"2026-05-05T22:16:44.185+0500","caller":"app/app.go:64","message":"🔴 Redis initialized"}
{"level":"INFO","timestamp":"2026-05-05T22:16:44.186+0500","caller":"app/app.go:134","message":"🚀 gRPC IAMService server listening on localhost:50053"}
{"level":"INFO","timestamp":"2026-05-05T22:29:51.547+0500","caller":"runtime/asm_amd64.s:1693","message":"🛑 Получен системный сигнал, начинаем graceful shutdown..."}
{"level":"INFO","timestamp":"2026-05-05T22:29:51.549+0500","caller":"sync/once.go:78","message":"🚦 Начинаем процесс graceful shutdown..."}
{"level":"INFO","timestamp":"2026-05-05T22:29:51.549+0500","caller":"closer/closer.go:171","message":"🧩 Закрываем gRPC server..."}
{"level":"INFO","timestamp":"2026-05-05T22:29:51.549+0500","caller":"closer/closer.go:171","message":"🧩 Закрываем Redis pool..."}
{"level":"INFO","timestamp":"2026-05-05T22:29:51.549+0500","caller":"closer/closer.go:171","message":"🧩 Закрываем PostgresSQL connection..."}
{"level":"INFO","timestamp":"2026-05-05T22:29:51.549+0500","caller":"closer/closer.go:171","message":"🧩 Закрываем TCP listener..."}
{"level":"INFO","timestamp":"2026-05-05T22:29:51.550+0500","caller":"closer/closer.go:171","message":"✅ Redis pool успешно закрыт за 551.633µs"}
{"level":"INFO","timestamp":"2026-05-05T22:29:51.550+0500","caller":"closer/closer.go:171","message":"✅ PostgresSQL connection успешно закрыт за 540.389µs"}
{"level":"INFO","timestamp":"2026-05-05T22:29:51.550+0500","caller":"closer/closer.go:171","message":"✅ TCP listener успешно закрыт за 478.086µs"}
{"level":"INFO","timestamp":"2026-05-05T22:29:51.553+0500","caller":"closer/closer.go:171","message":"✅ gRPC server успешно закрыт за 4.517781ms"}
{"level":"INFO","timestamp":"2026-05-05T22:29:51.554+0500","caller":"sync/once.go:78","message":"✅ Все ресурсы успешно закрыты"}
{"level":"INFO","timestamp":"2026-05-05T22:29:52.302+0500","caller":"app/app.go:94","message":"🗄️ Database initialized and migrations applied"}
{"level":"INFO","timestamp":"2026-05-05T22:29:52.303+0500","caller":"app/app.go:64","message":"🔴 Redis initialized"}
{"level":"INFO","timestamp":"2026-05-05T22:29:52.303+0500","caller":"app/app.go:134","message":"🚀 gRPC IAMService server listening on localhost:50053"}
{"level":"INFO","timestamp":"2026-05-05T22:33:34.290+0500","caller":"runtime/asm_amd64.s:1693","message":"🛑 Получен системный сигнал, начинаем graceful shutdown..."}
{"level":"INFO","timestamp":"2026-05-05T22:33:34.291+0500","caller":"sync/once.go:78","message":"🚦 Начинаем процесс graceful shutdown..."}
{"level":"INFO","timestamp":"2026-05-05T22:33:34.291+0500","caller":"closer/closer.go:171","message":"🧩 Закрываем gRPC server..."}
{"level":"INFO","timestamp":"2026-05-05T22:33:34.291+0500","caller":"closer/closer.go:171","message":"🧩 Закрываем Redis pool..."}
{"level":"INFO","timestamp":"2026-05-05T22:33:34.291+0500","caller":"closer/closer.go:171","message":"🧩 Закрываем PostgresSQL connection..."}
{"level":"INFO","timestamp":"2026-05-05T22:33:34.291+0500","caller":"closer/closer.go:171","message":"🧩 Закрываем TCP listener..."}
{"level":"INFO","timestamp":"2026-05-05T22:33:34.291+0500","caller":"closer/closer.go:171","message":"✅ Redis pool успешно закрыт за 191.245µs"}
{"level":"INFO","timestamp":"2026-05-05T22:33:34.291+0500","caller":"closer/closer.go:171","message":"✅ TCP listener успешно закрыт за 187.587µs"}
{"level":"INFO","timestamp":"2026-05-05T22:33:34.291+0500","caller":"closer/closer.go:171","message":"✅ PostgresSQL connection успешно закрыт за 290.876µs"}
{"level":"INFO","timestamp":"2026-05-05T22:33:34.292+0500","caller":"closer/closer.go:171","message":"✅ gRPC server успешно закрыт за 1.696021ms"}
{"level":"INFO","timestamp":"2026-05-05T22:33:34.293+0500","caller":"sync/once.go:78","message":"✅ Все ресурсы успешно закрыты"}
{"level":"INFO","timestamp":"2026-05-05T22:33:35.293+0500","caller":"app/app.go:94","message":"🗄️ Database initialized and migrations applied"}
{"level":"INFO","timestamp":"2026-05-05T22:33:35.293+0500","caller":"app/app.go:64","message":"🔴 Redis initialized"}
{"level":"INFO","timestamp":"2026-05-05T22:33:35.294+0500","caller":"app/app.go:134","message":"🚀 gRPC IAMService server listening on localhost:50053"}
{"level":"INFO","timestamp":"2026-05-05T22:34:10.057+0500","caller":"runtime/asm_amd64.s:1693","message":"🛑 Получен системный сигнал, начинаем graceful shutdown..."}
{"level":"INFO","timestamp":"2026-05-05T22:34:10.058+0500","caller":"sync/once.go:78","message":"🚦 Начинаем процесс graceful shutdown..."}
{"level":"INFO","timestamp":"2026-05-05T22:34:10.058+0500","caller":"closer/closer.go:171","message":"🧩 Закрываем TCP listener..."}
{"level":"INFO","timestamp":"2026-05-05T22:34:10.058+0500","caller":"closer/closer.go:171","message":"🧩 Закрываем gRPC server..."}
{"level":"INFO","timestamp":"2026-05-05T22:34:10.058+0500","caller":"closer/closer.go:171","message":"🧩 Закрываем Redis pool..."}
{"level":"INFO","timestamp":"2026-05-05T22:34:10.058+0500","caller":"closer/closer.go:171","message":"🧩 Закрываем PostgresSQL connection..."}
{"level":"INFO","timestamp":"2026-05-05T22:34:10.058+0500","caller":"closer/closer.go:171","message":"✅ TCP listener успешно закрыт за 312.766µs"}
{"level":"INFO","timestamp":"2026-05-05T22:34:10.058+0500","caller":"closer/closer.go:171","message":"✅ Redis pool успешно закрыт за 418.9µs"}
{"level":"INFO","timestamp":"2026-05-05T22:34:10.059+0500","caller":"closer/closer.go:171","message":"✅ PostgresSQL connection успешно закрыт за 357.268µs"}
{"level":"INFO","timestamp":"2026-05-05T22:34:10.064+0500","caller":"closer/closer.go:171","message":"✅ gRPC server успешно закрыт за 6.030724ms"}
{"level":"INFO","timestamp":"2026-05-05T22:34:10.064+0500","caller":"sync/once.go:78","message":"✅ Все ресурсы успешно закрыты"}
{"level":"INFO","timestamp":"2026-05-05T22:34:11.128+0500","caller":"app/app.go:94","message":"🗄️ Database initialized and migrations applied"}
{"level":"INFO","timestamp":"2026-05-05T22:34:11.128+0500","caller":"app/app.go:64","message":"🔴 Redis initialized"}
{"level":"INFO","timestamp":"2026-05-05T22:34:11.128+0500","caller":"app/app.go:134","message":"🚀 gRPC IAMService server listening on localhost:50053"}
{"level":"INFO","timestamp":"2026-05-05T22:37:27.080+0500","caller":"runtime/asm_amd64.s:1693","message":"🛑 Получен системный сигнал, начинаем graceful shutdown..."}
{"level":"INFO","timestamp":"2026-05-05T22:37:27.080+0500","caller":"sync/once.go:78","message":"🚦 Начинаем процесс graceful shutdown..."}
{"level":"INFO","timestamp":"2026-05-05T22:37:27.080+0500","caller":"closer/closer.go:171","message":"🧩 Закрываем gRPC server..."}
{"level":"INFO","timestamp":"2026-05-05T22:37:27.080+0500","caller":"closer/closer.go:171","message":"🧩 Закрываем Redis pool..."}
{"level":"INFO","timestamp":"2026-05-05T22:37:27.081+0500","caller":"closer/closer.go:171","message":"🧩 Закрываем PostgresSQL connection..."}
{"level":"INFO","timestamp":"2026-05-05T22:37:27.081+0500","caller":"closer/closer.go:171","message":"✅ Redis pool успешно закрыт за 331.676µs"}
{"level":"INFO","timestamp":"2026-05-05T22:37:27.081+0500","caller":"closer/closer.go:171","message":"🧩 Закрываем TCP listener..."}
{"level":"INFO","timestamp":"2026-05-05T22:37:27.081+0500","caller":"closer/closer.go:171","message":"✅ PostgresSQL connection успешно закрыт за 402.985µs"}
{"level":"INFO","timestamp":"2026-05-05T22:37:27.081+0500","caller":"closer/closer.go:171","message":"✅ TCP listener успешно закрыт за 298.461µs"}
{"level":"INFO","timestamp":"2026-05-05T22:37:27.082+0500","caller":"closer/closer.go:171","message":"✅ gRPC server успешно закрыт за 2.076306ms"}
{"level":"INFO","timestamp":"2026-05-05T22:37:27.083+0500","caller":"sync/once.go:78","message":"✅ Все ресурсы успешно закрыты"}
{"level":"INFO","timestamp":"2026-05-05T22:37:28.589+0500","caller":"app/app.go:94","message":"🗄️ Database initialized and migrations applied"}
{"level":"INFO","timestamp":"2026-05-05T22:37:28.589+0500","caller":"app/app.go:64","message":"🔴 Redis initialized"}
{"level":"INFO","timestamp":"2026-05-05T22:37:28.589+0500","caller":"app/app.go:134","message":"🚀 gRPC IAMService server listening on localhost:50053"}
