{"level":"INFO","timestamp":"2026-04-07T22:10:36.389+0500","caller":"app/app.go:128","message":"🗄️ Database initialized and migrations applied"}
{"level":"INFO","timestamp":"2026-04-07T22:10:36.409+0500","caller":"app/app.go:34","message":"🚀 HTTP OrderService server listening on localhost:8080"}
{"level":"INFO","timestamp":"2026-04-07T22:25:17.606+0500","caller":"runtime/asm_amd64.s:1693","message":"🛑 Получен системный сигнал, начинаем graceful shutdown..."}
{"level":"INFO","timestamp":"2026-04-07T22:25:17.608+0500","caller":"sync/once.go:78","message":"🚦 Начинаем процесс graceful shutdown..."}
{"level":"INFO","timestamp":"2026-04-07T22:25:17.609+0500","caller":"closer/closer.go:171","message":"🧩 Закрываем HTTP server..."}
{"level":"INFO","timestamp":"2026-04-07T22:25:17.609+0500","caller":"closer/closer.go:171","message":"🧩 Закрываем Inventory gRPC connection..."}
{"level":"INFO","timestamp":"2026-04-07T22:25:17.609+0500","caller":"closer/closer.go:171","message":"🧩 Закрываем Kafka sync producer..."}
{"level":"INFO","timestamp":"2026-04-07T22:25:17.609+0500","caller":"closer/closer.go:171","message":"🧩 Закрываем PostgresSQL connection..."}
{"level":"INFO","timestamp":"2026-04-07T22:25:17.609+0500","caller":"closer/closer.go:171","message":"🧩 Закрываем Payment gRPC connection..."}
{"level":"INFO","timestamp":"2026-04-07T22:25:17.610+0500","caller":"closer/closer.go:171","message":"✅ PostgresSQL connection успешно закрыт за 774.604µs"}
{"level":"INFO","timestamp":"2026-04-07T22:25:17.610+0500","caller":"closer/closer.go:171","message":"✅ HTTP server успешно закрыт за 907.202µs"}
{"level":"INFO","timestamp":"2026-04-07T22:25:17.610+0500","caller":"closer/closer.go:171","message":"✅ Kafka sync producer успешно закрыт за 1.044731ms"}
{"level":"INFO","timestamp":"2026-04-07T22:25:17.611+0500","caller":"closer/closer.go:171","message":"✅ Payment gRPC connection успешно закрыт за 1.683557ms"}
{"level":"INFO","timestamp":"2026-04-07T22:25:17.611+0500","caller":"closer/closer.go:171","message":"✅ Inventory gRPC connection успешно закрыт за 2.186034ms"}
{"level":"INFO","timestamp":"2026-04-07T22:25:17.611+0500","caller":"sync/once.go:78","message":"✅ Все ресурсы успешно закрыты"}
{"level":"INFO","timestamp":"2026-04-07T22:26:29.788+0500","caller":"app/app.go:128","message":"🗄️ Database initialized and migrations applied"}
{"level":"INFO","timestamp":"2026-04-07T22:26:29.795+0500","caller":"app/app.go:34","message":"🚀 HTTP OrderService server listening on localhost:8080"}
{"level":"INFO","timestamp":"2026-04-07T22:26:33.180+0500","caller":"payment/payment.go:14","message":"payment succeeded","transaction_uuid":"0c8bf8e2-d61d-4d11-b498-7bf5909777aa","order_uuid":"27f223be-f0c8-44fe-bc9b-976884c8cfee","user_uuid":"27f223be-f0c8-44fe-bc9b-976884c8cfee","payment_method":4}
{"level":"INFO","timestamp":"2026-04-07T22:26:33.493+0500","caller":"order_producer/producer.go:28","message":"Message sent","topic":"order.paid","partition":0,"offset":0,"key":"27f223be-f0c8-44fe-bc9b-976884c8cfee","value":"\n$c632b775-2c5f-411d-8f76-e8ef4bd7ecdc\u0012$27f223be-f0c8-44fe-bc9b-976884c8cfee\u001a$27f223be-f0c8-44fe-bc9b-976884c8cfee\"\u000einvestor-money*$0c8bf8e2-d61d-4d11-b498-7bf5909777aa"}
{"level":"INFO","timestamp":"2026-04-07T22:29:14.358+0500","caller":"runtime/asm_amd64.s:1693","message":"🛑 Получен системный сигнал, начинаем graceful shutdown..."}
{"level":"INFO","timestamp":"2026-04-07T22:29:14.367+0500","caller":"sync/once.go:78","message":"🚦 Начинаем процесс graceful shutdown..."}
{"level":"INFO","timestamp":"2026-04-07T22:29:14.367+0500","caller":"closer/closer.go:171","message":"🧩 Закрываем Payment gRPC connection..."}
{"level":"INFO","timestamp":"2026-04-07T22:29:14.367+0500","caller":"closer/closer.go:171","message":"🧩 Закрываем Inventory gRPC connection..."}
{"level":"INFO","timestamp":"2026-04-07T22:29:14.368+0500","caller":"closer/closer.go:171","message":"🧩 Закрываем Kafka sync producer..."}
{"level":"INFO","timestamp":"2026-04-07T22:29:14.367+0500","caller":"closer/closer.go:171","message":"🧩 Закрываем HTTP server..."}
{"level":"INFO","timestamp":"2026-04-07T22:29:14.368+0500","caller":"closer/closer.go:171","message":"✅ Inventory gRPC connection успешно закрыт за 416.587µs"}
{"level":"INFO","timestamp":"2026-04-07T22:29:14.367+0500","caller":"closer/closer.go:171","message":"🧩 Закрываем PostgresSQL connection..."}
{"level":"INFO","timestamp":"2026-04-07T22:29:14.368+0500","caller":"closer/closer.go:171","message":"✅ HTTP server успешно закрыт за 546.2µs"}
{"level":"INFO","timestamp":"2026-04-07T22:29:14.368+0500","caller":"closer/closer.go:171","message":"✅ Payment gRPC connection успешно закрыт за 834.172µs"}
{"level":"INFO","timestamp":"2026-04-07T22:29:14.368+0500","caller":"closer/closer.go:171","message":"✅ Kafka sync producer успешно закрыт за 337.736µs"}
{"level":"INFO","timestamp":"2026-04-07T22:29:14.368+0500","caller":"closer/closer.go:171","message":"✅ PostgresSQL connection успешно закрыт за 776.685µs"}
{"level":"INFO","timestamp":"2026-04-07T22:29:14.368+0500","caller":"sync/once.go:78","message":"✅ Все ресурсы успешно закрыты"}
{"level":"INFO","timestamp":"2026-04-07T22:29:16.285+0500","caller":"app/app.go:128","message":"🗄️ Database initialized and migrations applied"}
{"level":"INFO","timestamp":"2026-04-07T22:29:16.287+0500","caller":"app/app.go:34","message":"🚀 HTTP OrderService server listening on localhost:8080"}
{"level":"INFO","timestamp":"2026-04-07T22:30:00.050+0500","caller":"payment/payment.go:14","message":"payment succeeded","transaction_uuid":"499390f4-b040-4a2e-baf3-bc3d2276df06","order_uuid":"27f223be-f0c8-44fe-bc9b-976884c8cfee","user_uuid":"27f223be-f0c8-44fe-bc9b-976884c8cfee","payment_method":4}
{"level":"INFO","timestamp":"2026-04-07T22:30:00.062+0500","caller":"order_producer/producer.go:28","message":"Message sent","topic":"order.paid","partition":0,"offset":1,"key":"27f223be-f0c8-44fe-bc9b-976884c8cfee","value":"\n$503f128b-b3d8-4758-b09f-a3c40e1dd8fd\u0012$27f223be-f0c8-44fe-bc9b-976884c8cfee\u001a$27f223be-f0c8-44fe-bc9b-976884c8cfee\"\u000einvestor-money*$499390f4-b040-4a2e-baf3-bc3d2276df06"}
