2026-05-03T22:02:19.968+0500	INFO	sync/once.go:78	ℹ️ Нет функций для закрытия.
2026-05-03T22:03:45.786+0500	INFO	app/app.go:86	🗄️ Database initialized and migrations applied
2026-05-03T22:03:45.786+0500	INFO	app/app.go:125	🚀 gRPC IAMService server listening on 0.0.0.0:50053
2026-05-03T22:13:48.952+0500	ERROR	cmd/main.go:33	💥 Не удалось создать приложение	{"error": "failed to run migrations: ERROR 20250802235935_create_users_table.sql: failed to run SQL migration: failed to execute SQL query \"create index idx_users_user_uuid on users(user_uuid);\\n\": ERROR: column \"user_uuid\" does not exist (SQLSTATE 42703)"}
2026-05-03T22:13:48.953+0500	INFO	sync/once.go:78	🚦 Начинаем процесс graceful shutdown...
2026-05-03T22:13:48.954+0500	INFO	closer/closer.go:171	🧩 Закрываем PostgresSQL connection...
2026-05-03T22:13:48.954+0500	INFO	closer/closer.go:171	✅ PostgresSQL connection успешно закрыт за 202.07µs
2026-05-03T22:13:48.954+0500	INFO	sync/once.go:78	✅ Все ресурсы успешно закрыты
2026-05-03T22:16:31.071+0500	INFO	app/app.go:86	🗄️ Database initialized and migrations applied
2026-05-03T22:16:31.071+0500	INFO	app/app.go:125	🚀 gRPC IAMService server listening on 0.0.0.0:50053
2026-05-03T22:32:51.403+0500	INFO	runtime/asm_amd64.s:1693	🛑 Получен системный сигнал, начинаем graceful shutdown...
2026-05-03T22:32:51.404+0500	INFO	sync/once.go:78	🚦 Начинаем процесс graceful shutdown...
2026-05-03T22:32:51.405+0500	INFO	closer/closer.go:171	🧩 Закрываем PostgresSQL connection...
2026-05-03T22:32:51.405+0500	INFO	closer/closer.go:171	✅ PostgresSQL connection успешно закрыт за 263.036µs
2026-05-03T22:32:51.405+0500	INFO	closer/closer.go:171	🧩 Закрываем gRPC server...
2026-05-03T22:32:51.405+0500	INFO	closer/closer.go:171	🧩 Закрываем TCP listener...
2026-05-03T22:32:51.406+0500	INFO	closer/closer.go:171	✅ TCP listener успешно закрыт за 760.175µs
2026-05-03T22:32:51.406+0500	INFO	closer/closer.go:171	✅ gRPC server успешно закрыт за 854.849µs
2026-05-03T22:32:51.406+0500	INFO	sync/once.go:78	✅ Все ресурсы успешно закрыты
2026-05-03T22:32:54.781+0500	INFO	app/app.go:86	🗄️ Database initialized and migrations applied
2026-05-03T22:32:54.782+0500	INFO	app/app.go:125	🚀 gRPC IAMService server listening on 0.0.0.0:50053
2026-05-03T22:33:31.135+0500	INFO	runtime/asm_amd64.s:1693	🛑 Получен системный сигнал, начинаем graceful shutdown...
2026-05-03T22:33:31.135+0500	INFO	sync/once.go:78	🚦 Начинаем процесс graceful shutdown...
2026-05-03T22:33:31.136+0500	INFO	closer/closer.go:171	🧩 Закрываем PostgresSQL connection...
2026-05-03T22:33:31.136+0500	INFO	closer/closer.go:171	🧩 Закрываем TCP listener...
2026-05-03T22:33:31.136+0500	INFO	closer/closer.go:171	🧩 Закрываем gRPC server...
2026-05-03T22:33:31.136+0500	ERROR	cmd/main.go:39	💥 Ошибка при работе приложения	{"error": "accept tcp [::]:50053: use of closed network connection"}
2026-05-03T22:33:31.136+0500	INFO	closer/closer.go:171	✅ gRPC server успешно закрыт за 218.416µs
2026-05-03T22:33:31.136+0500	INFO	closer/closer.go:171	✅ PostgresSQL connection успешно закрыт за 249.289µs
2026-05-03T22:33:31.136+0500	INFO	closer/closer.go:171	✅ TCP listener успешно закрыт за 390.591µs
2026-05-03T22:33:31.136+0500	INFO	sync/once.go:78	✅ Все ресурсы успешно закрыты
{"level":"ERROR","timestamp":"2026-05-03T22:34:08.568+0500","caller":"cmd/main.go:33","message":"💥 Не удалось создать приложение","error":"failed to run migrations: ./iam/migrations directory does not exist"}
{"level":"INFO","timestamp":"2026-05-03T22:34:08.568+0500","caller":"sync/once.go:78","message":"🚦 Начинаем процесс graceful shutdown..."}
{"level":"INFO","timestamp":"2026-05-03T22:34:08.568+0500","caller":"closer/closer.go:171","message":"🧩 Закрываем PostgresSQL connection..."}
{"level":"INFO","timestamp":"2026-05-03T22:34:08.568+0500","caller":"closer/closer.go:171","message":"✅ PostgresSQL connection успешно закрыт за 53.495µs"}
{"level":"INFO","timestamp":"2026-05-03T22:34:08.568+0500","caller":"sync/once.go:78","message":"✅ Все ресурсы успешно закрыты"}
{"level":"ERROR","timestamp":"2026-05-03T22:35:05.670+0500","caller":"cmd/main.go:33","message":"💥 Не удалось создать приложение","error":"failed to run migrations: ./iam/migrations directory does not exist"}
{"level":"INFO","timestamp":"2026-05-03T22:35:05.670+0500","caller":"sync/once.go:78","message":"🚦 Начинаем процесс graceful shutdown..."}
{"level":"INFO","timestamp":"2026-05-03T22:35:05.670+0500","caller":"closer/closer.go:171","message":"🧩 Закрываем PostgresSQL connection..."}
{"level":"INFO","timestamp":"2026-05-03T22:35:05.671+0500","caller":"closer/closer.go:171","message":"✅ PostgresSQL connection успешно закрыт за 88.282µs"}
{"level":"INFO","timestamp":"2026-05-03T22:35:05.671+0500","caller":"sync/once.go:78","message":"✅ Все ресурсы успешно закрыты"}
{"level":"ERROR","timestamp":"2026-05-03T22:36:03.731+0500","caller":"cmd/main.go:33","message":"💥 Не удалось создать приложение","error":"failed to run migrations: ./iam/migrations directory does not exist"}
{"level":"INFO","timestamp":"2026-05-03T22:36:03.731+0500","caller":"sync/once.go:78","message":"🚦 Начинаем процесс graceful shutdown..."}
{"level":"INFO","timestamp":"2026-05-03T22:36:03.731+0500","caller":"closer/closer.go:171","message":"🧩 Закрываем PostgresSQL connection..."}
{"level":"INFO","timestamp":"2026-05-03T22:36:03.732+0500","caller":"closer/closer.go:171","message":"✅ PostgresSQL connection успешно закрыт за 114.461µs"}
{"level":"INFO","timestamp":"2026-05-03T22:36:03.732+0500","caller":"sync/once.go:78","message":"✅ Все ресурсы успешно закрыты"}
{"level":"INFO","timestamp":"2026-05-03T22:36:59.267+0500","caller":"app/app.go:86","message":"🗄️ Database initialized and migrations applied"}
{"level":"INFO","timestamp":"2026-05-03T22:36:59.269+0500","caller":"app/app.go:125","message":"🚀 gRPC IAMService server listening on localhost:50053"}
{"level":"INFO","timestamp":"2026-05-03T22:37:20.122+0500","caller":"runtime/asm_amd64.s:1693","message":"🛑 Получен системный сигнал, начинаем graceful shutdown..."}
{"level":"INFO","timestamp":"2026-05-03T22:37:20.122+0500","caller":"sync/once.go:78","message":"🚦 Начинаем процесс graceful shutdown..."}
{"level":"INFO","timestamp":"2026-05-03T22:37:20.123+0500","caller":"closer/closer.go:171","message":"🧩 Закрываем gRPC server..."}
{"level":"INFO","timestamp":"2026-05-03T22:37:20.123+0500","caller":"closer/closer.go:171","message":"🧩 Закрываем PostgresSQL connection..."}
{"level":"INFO","timestamp":"2026-05-03T22:37:20.123+0500","caller":"closer/closer.go:171","message":"🧩 Закрываем TCP listener..."}
{"level":"INFO","timestamp":"2026-05-03T22:37:20.123+0500","caller":"closer/closer.go:171","message":"✅ TCP listener успешно закрыт за 208.472µs"}
{"level":"INFO","timestamp":"2026-05-03T22:37:20.123+0500","caller":"closer/closer.go:171","message":"✅ PostgresSQL connection успешно закрыт за 210.956µs"}
{"level":"INFO","timestamp":"2026-05-03T22:37:20.123+0500","caller":"closer/closer.go:171","message":"✅ gRPC server успешно закрыт за 603.246µs"}
{"level":"INFO","timestamp":"2026-05-03T22:37:20.123+0500","caller":"sync/once.go:78","message":"✅ Все ресурсы успешно закрыты"}
{"level":"INFO","timestamp":"2026-05-03T22:37:21.014+0500","caller":"app/app.go:86","message":"🗄️ Database initialized and migrations applied"}
{"level":"INFO","timestamp":"2026-05-03T22:37:21.014+0500","caller":"app/app.go:125","message":"🚀 gRPC IAMService server listening on localhost:50053"}
{"level":"ERROR","timestamp":"2026-05-03T22:37:56.044+0500","caller":"v1/get.go:26","message":"error while getting user","user_uuid":"","error":"ERROR: column \"deleted_at\" does not exist (SQLSTATE 42703)"}
{"level":"ERROR","timestamp":"2026-05-03T22:37:58.874+0500","caller":"v1/get.go:26","message":"error while getting user","user_uuid":"consequat elit deserunt amet culpa","error":"ERROR: column \"deleted_at\" does not exist (SQLSTATE 42703)"}
{"level":"ERROR","timestamp":"2026-05-03T22:37:59.915+0500","caller":"v1/get.go:26","message":"error while getting user","user_uuid":"consequat elit deserunt amet culpa","error":"ERROR: column \"deleted_at\" does not exist (SQLSTATE 42703)"}
{"level":"ERROR","timestamp":"2026-05-03T22:38:31.826+0500","caller":"v1/getAll.go:26","message":"error while getting user","error":"ERROR: column \"deleted_at\" does not exist (SQLSTATE 42703)"}
{"level":"INFO","timestamp":"2026-05-03T22:39:24.314+0500","caller":"runtime/asm_amd64.s:1693","message":"🛑 Получен системный сигнал, начинаем graceful shutdown..."}
{"level":"INFO","timestamp":"2026-05-03T22:39:24.314+0500","caller":"sync/once.go:78","message":"🚦 Начинаем процесс graceful shutdown..."}
{"level":"INFO","timestamp":"2026-05-03T22:39:24.314+0500","caller":"closer/closer.go:171","message":"🧩 Закрываем gRPC server..."}
{"level":"INFO","timestamp":"2026-05-03T22:39:24.314+0500","caller":"closer/closer.go:171","message":"🧩 Закрываем TCP listener..."}
{"level":"INFO","timestamp":"2026-05-03T22:39:24.314+0500","caller":"closer/closer.go:171","message":"🧩 Закрываем PostgresSQL connection..."}
{"level":"INFO","timestamp":"2026-05-03T22:39:24.315+0500","caller":"closer/closer.go:171","message":"✅ TCP listener успешно закрыт за 230.961µs"}
{"level":"INFO","timestamp":"2026-05-03T22:39:24.315+0500","caller":"closer/closer.go:171","message":"✅ PostgresSQL connection успешно закрыт за 402.812µs"}
{"level":"INFO","timestamp":"2026-05-03T22:39:24.320+0500","caller":"closer/closer.go:171","message":"✅ gRPC server успешно закрыт за 6.199799ms"}
{"level":"INFO","timestamp":"2026-05-03T22:39:24.320+0500","caller":"sync/once.go:78","message":"✅ Все ресурсы успешно закрыты"}
{"level":"INFO","timestamp":"2026-05-03T22:39:43.021+0500","caller":"app/app.go:86","message":"🗄️ Database initialized and migrations applied"}
{"level":"INFO","timestamp":"2026-05-03T22:39:43.022+0500","caller":"app/app.go:125","message":"🚀 gRPC IAMService server listening on localhost:50053"}
{"level":"ERROR","timestamp":"2026-05-03T22:40:00.242+0500","caller":"v1/get.go:26","message":"error while getting user","user_uuid":"consequat elit deserunt amet culpa","error":"ERROR: invalid input syntax for type uuid: \"consequat elit deserunt amet culpa\" (SQLSTATE 22P02)"}
{"level":"INFO","timestamp":"2026-05-03T22:41:51.510+0500","caller":"runtime/asm_amd64.s:1693","message":"🛑 Получен системный сигнал, начинаем graceful shutdown..."}
{"level":"INFO","timestamp":"2026-05-03T22:41:51.511+0500","caller":"sync/once.go:78","message":"🚦 Начинаем процесс graceful shutdown..."}
{"level":"INFO","timestamp":"2026-05-03T22:41:51.511+0500","caller":"closer/closer.go:171","message":"🧩 Закрываем PostgresSQL connection..."}
{"level":"INFO","timestamp":"2026-05-03T22:41:51.511+0500","caller":"closer/closer.go:171","message":"🧩 Закрываем gRPC server..."}
{"level":"INFO","timestamp":"2026-05-03T22:41:51.511+0500","caller":"closer/closer.go:171","message":"🧩 Закрываем TCP listener..."}
{"level":"INFO","timestamp":"2026-05-03T22:41:51.511+0500","caller":"closer/closer.go:171","message":"✅ TCP listener успешно закрыт за 276.309µs"}
{"level":"INFO","timestamp":"2026-05-03T22:41:51.512+0500","caller":"closer/closer.go:171","message":"✅ PostgresSQL connection успешно закрыт за 559.87µs"}
{"level":"INFO","timestamp":"2026-05-03T22:41:51.718+0500","caller":"closer/closer.go:171","message":"✅ gRPC server успешно закрыт за 206.351766ms"}
{"level":"INFO","timestamp":"2026-05-03T22:41:51.718+0500","caller":"sync/once.go:78","message":"✅ Все ресурсы успешно закрыты"}
{"level":"INFO","timestamp":"2026-05-03T22:41:53.038+0500","caller":"app/app.go:86","message":"🗄️ Database initialized and migrations applied"}
{"level":"INFO","timestamp":"2026-05-03T22:41:53.038+0500","caller":"app/app.go:125","message":"🚀 gRPC IAMService server listening on localhost:50053"}
{"level":"ERROR","timestamp":"2026-05-03T22:41:55.979+0500","caller":"v1/getAll.go:21","message":"error while getting user","error":"user not found"}
{"level":"ERROR","timestamp":"2026-05-03T22:42:16.897+0500","caller":"v1/get.go:26","message":"error while getting user","user_uuid":"550e8400-e29b-41d4-a716-446655440000","error":"user not found"}
{"level":"ERROR","timestamp":"2026-05-03T22:42:53.204+0500","caller":"v1/getAll.go:26","message":"error while getting user","error":"sql: Scan error on column index 1, name \"info\": unsupported Scan, storing driver.Value type []uint8 into type *model.UserInfo"}
{"level":"ERROR","timestamp":"2026-05-03T22:43:13.566+0500","caller":"v1/get.go:32","message":"error while getting user","user_uuid":"bb515e80-ae58-48b7-81d7-d19322ca4728","error":"sql: Scan error on column index 1, name \"info\": unsupported Scan, storing driver.Value type []uint8 into type *model.UserInfo"}
{"level":"ERROR","timestamp":"2026-05-03T22:47:22.778+0500","caller":"v1/get.go:32","message":"error while getting user","user_uuid":"bb515e80-ae58-48b7-81d7-d19322ca4728","error":"sql: Scan error on column index 1, name \"info\": unsupported Scan, storing driver.Value type []uint8 into type *model.UserInfo"}
{"level":"INFO","timestamp":"2026-05-03T22:50:40.688+0500","caller":"runtime/asm_amd64.s:1693","message":"🛑 Получен системный сигнал, начинаем graceful shutdown..."}
{"level":"INFO","timestamp":"2026-05-03T22:50:40.688+0500","caller":"sync/once.go:78","message":"🚦 Начинаем процесс graceful shutdown..."}
{"level":"INFO","timestamp":"2026-05-03T22:50:40.688+0500","caller":"closer/closer.go:171","message":"🧩 Закрываем gRPC server..."}
{"level":"INFO","timestamp":"2026-05-03T22:50:40.688+0500","caller":"closer/closer.go:171","message":"🧩 Закрываем TCP listener..."}
{"level":"INFO","timestamp":"2026-05-03T22:50:40.688+0500","caller":"closer/closer.go:171","message":"✅ TCP listener успешно закрыт за 81.374µs"}
{"level":"INFO","timestamp":"2026-05-03T22:50:40.688+0500","caller":"closer/closer.go:171","message":"🧩 Закрываем PostgresSQL connection..."}
{"level":"INFO","timestamp":"2026-05-03T22:50:40.688+0500","caller":"closer/closer.go:171","message":"✅ PostgresSQL connection успешно закрыт за 173.95µs"}
{"level":"INFO","timestamp":"2026-05-03T22:50:40.692+0500","caller":"closer/closer.go:171","message":"✅ gRPC server успешно закрыт за 3.45003ms"}
{"level":"INFO","timestamp":"2026-05-03T22:50:40.692+0500","caller":"sync/once.go:78","message":"✅ Все ресурсы успешно закрыты"}
{"level":"INFO","timestamp":"2026-05-03T22:50:42.220+0500","caller":"app/app.go:86","message":"🗄️ Database initialized and migrations applied"}
{"level":"INFO","timestamp":"2026-05-03T22:50:42.220+0500","caller":"app/app.go:125","message":"🚀 gRPC IAMService server listening on localhost:50053"}
{"level":"ERROR","timestamp":"2026-05-03T22:50:49.490+0500","caller":"v1/get.go:32","message":"error while getting user","user_uuid":"bb515e80-ae58-48b7-81d7-d19322ca4728","error":"sql: Scan error on column index 1, name \"info\": unsupported Scan, storing driver.Value type []uint8 into type *model.UserInfo"}
{"level":"ERROR","timestamp":"2026-05-03T22:50:50.670+0500","caller":"v1/get.go:32","message":"error while getting user","user_uuid":"bb515e80-ae58-48b7-81d7-d19322ca4728","error":"sql: Scan error on column index 1, name \"info\": unsupported Scan, storing driver.Value type []uint8 into type *model.UserInfo"}
{"level":"INFO","timestamp":"2026-05-03T22:52:09.319+0500","caller":"runtime/asm_amd64.s:1693","message":"🛑 Получен системный сигнал, начинаем graceful shutdown..."}
{"level":"INFO","timestamp":"2026-05-03T22:52:09.319+0500","caller":"sync/once.go:78","message":"🚦 Начинаем процесс graceful shutdown..."}
{"level":"INFO","timestamp":"2026-05-03T22:52:09.319+0500","caller":"closer/closer.go:171","message":"🧩 Закрываем PostgresSQL connection..."}
{"level":"INFO","timestamp":"2026-05-03T22:52:09.319+0500","caller":"closer/closer.go:171","message":"🧩 Закрываем TCP listener..."}
{"level":"INFO","timestamp":"2026-05-03T22:52:09.319+0500","caller":"closer/closer.go:171","message":"✅ PostgresSQL connection успешно закрыт за 319.668µs"}
{"level":"INFO","timestamp":"2026-05-03T22:52:09.319+0500","caller":"closer/closer.go:171","message":"🧩 Закрываем gRPC server..."}
{"level":"ERROR","timestamp":"2026-05-03T22:52:09.320+0500","caller":"cmd/main.go:39","message":"💥 Ошибка при работе приложения","error":"accept tcp 127.0.0.1:50053: use of closed network connection"}
{"level":"INFO","timestamp":"2026-05-03T22:52:09.320+0500","caller":"closer/closer.go:171","message":"✅ TCP listener успешно закрыт за 467.66µs"}
{"level":"INFO","timestamp":"2026-05-03T22:52:09.321+0500","caller":"closer/closer.go:171","message":"✅ gRPC server успешно закрыт за 1.723513ms"}
{"level":"INFO","timestamp":"2026-05-03T22:52:09.321+0500","caller":"sync/once.go:78","message":"✅ Все ресурсы успешно закрыты"}
{"level":"INFO","timestamp":"2026-05-03T22:56:11.563+0500","caller":"app/app.go:86","message":"🗄️ Database initialized and migrations applied"}
{"level":"INFO","timestamp":"2026-05-03T22:56:11.563+0500","caller":"app/app.go:125","message":"🚀 gRPC IAMService server listening on localhost:50053"}
{"level":"INFO","timestamp":"2026-05-03T22:57:53.788+0500","caller":"runtime/asm_amd64.s:1693","message":"🛑 Получен системный сигнал, начинаем graceful shutdown..."}
{"level":"INFO","timestamp":"2026-05-03T22:57:53.789+0500","caller":"sync/once.go:78","message":"🚦 Начинаем процесс graceful shutdown..."}
{"level":"INFO","timestamp":"2026-05-03T22:57:53.789+0500","caller":"closer/closer.go:171","message":"🧩 Закрываем TCP listener..."}
{"level":"INFO","timestamp":"2026-05-03T22:57:53.789+0500","caller":"closer/closer.go:171","message":"🧩 Закрываем gRPC server..."}
{"level":"INFO","timestamp":"2026-05-03T22:57:53.789+0500","caller":"closer/closer.go:171","message":"🧩 Закрываем PostgresSQL connection..."}
{"level":"INFO","timestamp":"2026-05-03T22:57:53.789+0500","caller":"closer/closer.go:171","message":"✅ TCP listener успешно закрыт за 442.809µs"}
{"level":"INFO","timestamp":"2026-05-03T22:57:53.789+0500","caller":"closer/closer.go:171","message":"✅ PostgresSQL connection успешно закрыт за 570.641µs"}
{"level":"INFO","timestamp":"2026-05-03T22:57:53.799+0500","caller":"closer/closer.go:171","message":"✅ gRPC server успешно закрыт за 10.41004ms"}
{"level":"INFO","timestamp":"2026-05-03T22:57:53.799+0500","caller":"sync/once.go:78","message":"✅ Все ресурсы успешно закрыты"}
{"level":"INFO","timestamp":"2026-05-03T23:07:49.888+0500","caller":"app/app.go:86","message":"🗄️ Database initialized and migrations applied"}
{"level":"INFO","timestamp":"2026-05-03T23:07:49.889+0500","caller":"app/app.go:125","message":"🚀 gRPC IAMService server listening on localhost:50053"}
{"level":"INFO","timestamp":"2026-05-03T23:08:55.550+0500","caller":"runtime/asm_amd64.s:1693","message":"🛑 Получен системный сигнал, начинаем graceful shutdown..."}
{"level":"INFO","timestamp":"2026-05-03T23:08:55.551+0500","caller":"sync/once.go:78","message":"🚦 Начинаем процесс graceful shutdown..."}
{"level":"INFO","timestamp":"2026-05-03T23:08:55.551+0500","caller":"closer/closer.go:171","message":"🧩 Закрываем PostgresSQL connection..."}
{"level":"INFO","timestamp":"2026-05-03T23:08:55.551+0500","caller":"closer/closer.go:171","message":"🧩 Закрываем TCP listener..."}
{"level":"INFO","timestamp":"2026-05-03T23:08:55.551+0500","caller":"closer/closer.go:171","message":"🧩 Закрываем gRPC server..."}
{"level":"INFO","timestamp":"2026-05-03T23:08:55.551+0500","caller":"closer/closer.go:171","message":"✅ PostgresSQL connection успешно закрыт за 328.334µs"}
{"level":"INFO","timestamp":"2026-05-03T23:08:55.551+0500","caller":"closer/closer.go:171","message":"✅ TCP listener успешно закрыт за 395.315µs"}
{"level":"INFO","timestamp":"2026-05-03T23:08:55.552+0500","caller":"closer/closer.go:171","message":"✅ gRPC server успешно закрыт за 1.485519ms"}
{"level":"INFO","timestamp":"2026-05-03T23:08:55.552+0500","caller":"sync/once.go:78","message":"✅ Все ресурсы успешно закрыты"}
{"level":"INFO","timestamp":"2026-05-03T23:11:35.640+0500","caller":"app/app.go:86","message":"🗄️ Database initialized and migrations applied"}
{"level":"INFO","timestamp":"2026-05-03T23:11:35.640+0500","caller":"app/app.go:125","message":"🚀 gRPC IAMService server listening on localhost:50053"}
{"level":"INFO","timestamp":"2026-05-03T23:12:32.566+0500","caller":"runtime/asm_amd64.s:1693","message":"🛑 Получен системный сигнал, начинаем graceful shutdown..."}
{"level":"INFO","timestamp":"2026-05-03T23:12:32.566+0500","caller":"sync/once.go:78","message":"🚦 Начинаем процесс graceful shutdown..."}
{"level":"INFO","timestamp":"2026-05-03T23:12:32.567+0500","caller":"closer/closer.go:171","message":"🧩 Закрываем PostgresSQL connection..."}
{"level":"INFO","timestamp":"2026-05-03T23:12:32.567+0500","caller":"closer/closer.go:171","message":"🧩 Закрываем TCP listener..."}
{"level":"INFO","timestamp":"2026-05-03T23:12:32.567+0500","caller":"closer/closer.go:171","message":"✅ PostgresSQL connection успешно закрыт за 273.058µs"}
{"level":"ERROR","timestamp":"2026-05-03T23:12:32.567+0500","caller":"cmd/main.go:39","message":"💥 Ошибка при работе приложения","error":"accept tcp 127.0.0.1:50053: use of closed network connection"}
{"level":"INFO","timestamp":"2026-05-03T23:12:32.567+0500","caller":"closer/closer.go:171","message":"✅ TCP listener успешно закрыт за 489.304µs"}
{"level":"INFO","timestamp":"2026-05-03T23:12:32.567+0500","caller":"closer/closer.go:171","message":"🧩 Закрываем gRPC server..."}
{"level":"INFO","timestamp":"2026-05-03T23:12:32.568+0500","caller":"closer/closer.go:171","message":"✅ gRPC server успешно закрыт за 1.541965ms"}
{"level":"INFO","timestamp":"2026-05-03T23:12:32.569+0500","caller":"sync/once.go:78","message":"✅ Все ресурсы успешно закрыты"}
{"level":"INFO","timestamp":"2026-05-03T23:12:33.796+0500","caller":"app/app.go:86","message":"🗄️ Database initialized and migrations applied"}
{"level":"INFO","timestamp":"2026-05-03T23:12:33.797+0500","caller":"app/app.go:125","message":"🚀 gRPC IAMService server listening on localhost:50053"}
{"level":"INFO","timestamp":"2026-05-03T23:12:54.798+0500","caller":"app/app.go:86","message":"🗄️ Database initialized and migrations applied"}
{"level":"INFO","timestamp":"2026-05-03T23:12:54.798+0500","caller":"app/app.go:125","message":"🚀 gRPC IAMService server listening on localhost:50053"}
{"level":"INFO","timestamp":"2026-05-03T23:13:19.052+0500","caller":"app/app.go:86","message":"🗄️ Database initialized and migrations applied"}
{"level":"INFO","timestamp":"2026-05-03T23:13:19.053+0500","caller":"app/app.go:125","message":"🚀 gRPC IAMService server listening on localhost:50053"}
{"level":"INFO","timestamp":"2026-05-03T23:16:06.586+0500","caller":"runtime/asm_amd64.s:1693","message":"🛑 Получен системный сигнал, начинаем graceful shutdown..."}
{"level":"INFO","timestamp":"2026-05-03T23:16:06.594+0500","caller":"sync/once.go:78","message":"🚦 Начинаем процесс graceful shutdown..."}
{"level":"INFO","timestamp":"2026-05-03T23:16:06.595+0500","caller":"closer/closer.go:171","message":"🧩 Закрываем gRPC server..."}
{"level":"INFO","timestamp":"2026-05-03T23:16:06.595+0500","caller":"closer/closer.go:171","message":"🧩 Закрываем TCP listener..."}
{"level":"INFO","timestamp":"2026-05-03T23:16:06.595+0500","caller":"closer/closer.go:171","message":"✅ TCP listener успешно закрыт за 156.888µs"}
{"level":"INFO","timestamp":"2026-05-03T23:16:06.595+0500","caller":"closer/closer.go:171","message":"🧩 Закрываем PostgresSQL connection..."}
{"level":"INFO","timestamp":"2026-05-03T23:16:06.595+0500","caller":"closer/closer.go:171","message":"✅ PostgresSQL connection успешно закрыт за 299.147µs"}
{"level":"INFO","timestamp":"2026-05-03T23:16:06.597+0500","caller":"closer/closer.go:171","message":"✅ gRPC server успешно закрыт за 1.922763ms"}
{"level":"INFO","timestamp":"2026-05-03T23:16:06.597+0500","caller":"sync/once.go:78","message":"✅ Все ресурсы успешно закрыты"}
{"level":"INFO","timestamp":"2026-05-03T23:16:08.087+0500","caller":"app/app.go:86","message":"🗄️ Database initialized and migrations applied"}
{"level":"INFO","timestamp":"2026-05-03T23:16:08.088+0500","caller":"app/app.go:125","message":"🚀 gRPC IAMService server listening on localhost:50053"}
{"level":"INFO","timestamp":"2026-05-03T23:28:28.232+0500","caller":"app/app.go:86","message":"🗄️ Database initialized and migrations applied"}
{"level":"ERROR","timestamp":"2026-05-03T23:28:28.234+0500","caller":"cmd/main.go:33","message":"💥 Не удалось создать приложение","error":"listen tcp 127.0.0.1:50053: bind: address already in use"}
{"level":"INFO","timestamp":"2026-05-03T23:28:28.234+0500","caller":"sync/once.go:78","message":"🚦 Начинаем процесс graceful shutdown..."}
{"level":"INFO","timestamp":"2026-05-03T23:28:28.234+0500","caller":"closer/closer.go:171","message":"🧩 Закрываем PostgresSQL connection..."}
{"level":"INFO","timestamp":"2026-05-03T23:28:28.234+0500","caller":"closer/closer.go:171","message":"✅ PostgresSQL connection успешно закрыт за 79.719µs"}
{"level":"INFO","timestamp":"2026-05-03T23:28:28.234+0500","caller":"sync/once.go:78","message":"✅ Все ресурсы успешно закрыты"}
