{"level":"INFO","timestamp":"2026-05-02T07:53:21.618+0500","caller":"app/app.go:141","message":"🤖 Telegram bot started..."}
{"level":"INFO","timestamp":"2026-05-02T07:53:21.618+0500","caller":"app/app.go:115","message":"🚀 Order Assembled consumer running"}
{"level":"INFO","timestamp":"2026-05-02T07:53:21.618+0500","caller":"app/app.go:104","message":"🚀 Order Paid consumer running"}
{"level":"INFO","timestamp":"2026-05-02T07:53:21.650+0500","caller":"order_assembled_consumer/consumer.go:28","message":"Starting ship assembled consumer service"}
{"level":"INFO","timestamp":"2026-05-02T07:53:21.650+0500","caller":"order_paid_consumer/consumer.go:30","message":"Starting order consumer service"}
{"level":"INFO","timestamp":"2026-05-02T07:53:21.819+0500","caller":"sarama@v1.48.0/consumer_group.go:869","message":"New session","member_id":"sarama-9d9ece3b-6508-4034-9400-9aba090605df","claims":{"order.assembled":[0,1]}}
{"level":"INFO","timestamp":"2026-05-02T07:53:21.820+0500","caller":"sarama@v1.48.0/consumer_group.go:869","message":"New session","member_id":"sarama-4ad20e6f-bcaf-425d-b088-df38d7e16669","claims":{"order.paid":[0,1]}}
{"level":"INFO","timestamp":"2026-05-02T07:54:28.087+0500","caller":"sarama@v1.48.0/consumer_group.go:969","message":"Kafka session context done"}
{"level":"INFO","timestamp":"2026-05-02T07:54:28.087+0500","caller":"sarama@v1.48.0/consumer_group.go:969","message":"Kafka session context done"}
{"level":"INFO","timestamp":"2026-05-02T07:54:28.088+0500","caller":"sarama@v1.48.0/consumer_group.go:969","message":"Kafka session context done"}
{"level":"INFO","timestamp":"2026-05-02T07:54:28.088+0500","caller":"sarama@v1.48.0/consumer_group.go:969","message":"Kafka session context done"}
{"level":"INFO","timestamp":"2026-05-02T07:54:28.591+0500","caller":"order_paid_consumer/consumer.go:32","message":"Kafka consumer group rebalancing..."}
{"level":"INFO","timestamp":"2026-05-02T07:54:28.591+0500","caller":"order_assembled_consumer/consumer.go:30","message":"Kafka consumer group rebalancing..."}
{"level":"INFO","timestamp":"2026-05-02T07:54:28.607+0500","caller":"sarama@v1.48.0/consumer_group.go:869","message":"New session","member_id":"sarama-9d9ece3b-6508-4034-9400-9aba090605df","claims":{"order.assembled":[0]}}
{"level":"INFO","timestamp":"2026-05-02T07:54:28.608+0500","caller":"sarama@v1.48.0/consumer_group.go:869","message":"New session","member_id":"sarama-4ad20e6f-bcaf-425d-b088-df38d7e16669","claims":{"order.paid":[0]}}
{"level":"INFO","timestamp":"2026-05-02T07:54:53.375+0500","caller":"sarama@v1.48.0/consumer_group.go:969","message":"Kafka session context done"}
{"level":"INFO","timestamp":"2026-05-02T07:54:53.375+0500","caller":"sarama@v1.48.0/consumer_group.go:969","message":"Kafka session context done"}
{"level":"INFO","timestamp":"2026-05-02T07:54:53.877+0500","caller":"order_paid_consumer/consumer.go:32","message":"Kafka consumer group rebalancing..."}
{"level":"INFO","timestamp":"2026-05-02T07:54:53.877+0500","caller":"order_assembled_consumer/consumer.go:30","message":"Kafka consumer group rebalancing..."}
{"level":"INFO","timestamp":"2026-05-02T07:54:53.887+0500","caller":"sarama@v1.48.0/consumer_group.go:869","message":"New session","member_id":"sarama-9d9ece3b-6508-4034-9400-9aba090605df","claims":{"order.assembled":[0,1]}}
{"level":"INFO","timestamp":"2026-05-02T07:54:53.888+0500","caller":"sarama@v1.48.0/consumer_group.go:869","message":"New session","member_id":"sarama-4ad20e6f-bcaf-425d-b088-df38d7e16669","claims":{"order.paid":[0,1]}}
{"level":"INFO","timestamp":"2026-05-02T07:56:05.959+0500","caller":"sarama@v1.48.0/consumer_group.go:969","message":"Kafka session context done"}
{"level":"INFO","timestamp":"2026-05-02T07:56:05.959+0500","caller":"sarama@v1.48.0/consumer_group.go:969","message":"Kafka session context done"}
{"level":"INFO","timestamp":"2026-05-02T07:56:05.959+0500","caller":"sarama@v1.48.0/consumer_group.go:969","message":"Kafka session context done"}
{"level":"INFO","timestamp":"2026-05-02T07:56:05.959+0500","caller":"sarama@v1.48.0/consumer_group.go:969","message":"Kafka session context done"}
{"level":"INFO","timestamp":"2026-05-02T07:56:06.462+0500","caller":"order_assembled_consumer/consumer.go:30","message":"Kafka consumer group rebalancing..."}
{"level":"INFO","timestamp":"2026-05-02T07:56:06.462+0500","caller":"order_paid_consumer/consumer.go:32","message":"Kafka consumer group rebalancing..."}
{"level":"INFO","timestamp":"2026-05-02T07:56:06.472+0500","caller":"sarama@v1.48.0/consumer_group.go:869","message":"New session","member_id":"sarama-9d9ece3b-6508-4034-9400-9aba090605df","claims":{"order.assembled":[0]}}
{"level":"INFO","timestamp":"2026-05-02T07:56:06.472+0500","caller":"sarama@v1.48.0/consumer_group.go:869","message":"New session","member_id":"sarama-4ad20e6f-bcaf-425d-b088-df38d7e16669","claims":{"order.paid":[0]}}
{"level":"INFO","timestamp":"2026-05-02T07:56:24.694+0500","caller":"sarama@v1.48.0/consumer_group.go:969","message":"Kafka session context done"}
{"level":"INFO","timestamp":"2026-05-02T07:56:25.196+0500","caller":"order_paid_consumer/consumer.go:32","message":"Kafka consumer group rebalancing..."}
{"level":"INFO","timestamp":"2026-05-02T07:56:25.197+0500","caller":"sarama@v1.48.0/consumer_group.go:969","message":"Kafka session context done"}
{"level":"INFO","timestamp":"2026-05-02T07:56:25.205+0500","caller":"sarama@v1.48.0/consumer_group.go:869","message":"New session","member_id":"sarama-4ad20e6f-bcaf-425d-b088-df38d7e16669","claims":{"order.paid":[0,1]}}
{"level":"INFO","timestamp":"2026-05-02T07:56:25.700+0500","caller":"order_assembled_consumer/consumer.go:30","message":"Kafka consumer group rebalancing..."}
{"level":"INFO","timestamp":"2026-05-02T07:56:25.724+0500","caller":"sarama@v1.48.0/consumer_group.go:869","message":"New session","member_id":"sarama-9d9ece3b-6508-4034-9400-9aba090605df","claims":{"order.assembled":[0,1]}}
{"level":"INFO","timestamp":"2026-05-02T08:07:54.163+0500","caller":"sarama@v1.48.0/consumer_group.go:969","message":"message received","member_id":"sarama-4ad20e6f-bcaf-425d-b088-df38d7e16669","key":"e7379a49-c828-4e0e-be72-fff56dec1193","partition":0,"offset":0}
{"level":"INFO","timestamp":"2026-05-02T08:07:54.168+0500","caller":"consumer/groupHandler.go:66","message":"Kafka msg received","topic":"order.paid"}
{"level":"INFO","timestamp":"2026-05-02T08:07:54.174+0500","caller":"order_paid_consumer/handler.go:18","message":"Processing message","topic":"order.paid","partition":0,"offset":0,"order_uuid":"e7379a49-c828-4e0e-be72-fff56dec1193","event_uuid":"ae00d329-f9aa-4e18-8cd7-6b986221ef3f","payment_method":"investor-money","transaction_uuid":"e7a9de15-f8d2-4221-9c7a-f6822023ee1c"}
{"level":"INFO","timestamp":"2026-05-02T08:07:54.180+0500","caller":"sarama@v1.48.0/consumer_group.go:969","message":"message received","member_id":"sarama-9d9ece3b-6508-4034-9400-9aba090605df","key":"ae00d329-f9aa-4e18-8cd7-6b986221ef3f","partition":0,"offset":0}
{"level":"INFO","timestamp":"2026-05-02T08:07:54.181+0500","caller":"consumer/groupHandler.go:66","message":"Kafka msg received","topic":"order.assembled"}
{"level":"INFO","timestamp":"2026-05-02T08:07:54.182+0500","caller":"order_assembled_consumer/handler.go:18","message":"Processing message","topic":"order.assembled","partition":0,"offset":0,"event_uuid":"ae00d329-f9aa-4e18-8cd7-6b986221ef3f","order_uuid":"e7379a49-c828-4e0e-be72-fff56dec1193","user_uuid":"e7379a49-c828-4e0e-be72-fff56dec1193","build_time_sec":10}
{"level":"INFO","timestamp":"2026-05-02T08:07:54.759+0500","caller":"telegram/service.go:62","message":"Telegram message sent to chat","chat_id":886449792,"message":"🛸 **НОВОЕ СООБЩЕНИЕ О ПОСТРОЙКЕ КОСМИЧЕСКОГО КОРАБЛЯ!**\n\n🆔 **ID:** ae00d329-f9aa-4e18-8cd7-6b986221ef3f\n📍 **Номер заказа:** e7379a49-c828-4e0e-be72-fff56dec1193\n📝 **Пользователь:** e7379a49-c828-4e0e-be72-fff56dec1193\n🕐 **Время сборки:** 10"}
{"level":"INFO","timestamp":"2026-05-02T08:07:54.759+0500","caller":"telegram/service.go:93","message":"Telegram message sent to chat","chat_id":886449792,"message":"🛸 **НОВОЕ СООБЩЕНИЕ ОБ ОПЛАТЕ СБОРКИ КОСМИЧЕСКОГО КОРАБЛЯ!**\n\n🆔 **ID:** ae00d329-f9aa-4e18-8cd7-6b986221ef3f\n📍 **Номер заказа:** e7379a49-c828-4e0e-be72-fff56dec1193\n📝 **Пользователь:** e7379a49-c828-4e0e-be72-fff56dec1193\n🎨 **Способ оплаты:** investor-money\n⏱️ **Транзакция номер:** e7a9de15-f8d2-4221-9c7a-f6822023ee1c"}
{"level":"INFO","timestamp":"2026-05-02T08:08:50.702+0500","caller":"sarama@v1.48.0/consumer_group.go:969","message":"message received","member_id":"sarama-4ad20e6f-bcaf-425d-b088-df38d7e16669","key":"3fe8cf5e-1867-4a14-bf3f-c5ba66da6209","partition":0,"offset":1}
{"level":"INFO","timestamp":"2026-05-02T08:08:50.702+0500","caller":"consumer/groupHandler.go:66","message":"Kafka msg received","topic":"order.paid"}
{"level":"INFO","timestamp":"2026-05-02T08:08:50.702+0500","caller":"order_paid_consumer/handler.go:18","message":"Processing message","topic":"order.paid","partition":0,"offset":1,"order_uuid":"3fe8cf5e-1867-4a14-bf3f-c5ba66da6209","event_uuid":"8bc526f9-fff1-43c7-ac7e-4cdcf692b367","payment_method":"investor-money","transaction_uuid":"78f8925d-f4c8-407a-b9be-ad321b0dcdcc"}
{"level":"INFO","timestamp":"2026-05-02T08:08:50.710+0500","caller":"sarama@v1.48.0/consumer_group.go:969","message":"message received","member_id":"sarama-9d9ece3b-6508-4034-9400-9aba090605df","key":"8bc526f9-fff1-43c7-ac7e-4cdcf692b367","partition":1,"offset":0}
{"level":"INFO","timestamp":"2026-05-02T08:08:50.711+0500","caller":"consumer/groupHandler.go:66","message":"Kafka msg received","topic":"order.assembled"}
{"level":"INFO","timestamp":"2026-05-02T08:08:50.711+0500","caller":"order_assembled_consumer/handler.go:18","message":"Processing message","topic":"order.assembled","partition":1,"offset":0,"event_uuid":"8bc526f9-fff1-43c7-ac7e-4cdcf692b367","order_uuid":"3fe8cf5e-1867-4a14-bf3f-c5ba66da6209","user_uuid":"3fe8cf5e-1867-4a14-bf3f-c5ba66da6209","build_time_sec":4}
{"level":"INFO","timestamp":"2026-05-02T08:08:50.954+0500","caller":"telegram/service.go:93","message":"Telegram message sent to chat","chat_id":886449792,"message":"🛸 **НОВОЕ СООБЩЕНИЕ ОБ ОПЛАТЕ СБОРКИ КОСМИЧЕСКОГО КОРАБЛЯ!**\n\n🆔 **ID:** 8bc526f9-fff1-43c7-ac7e-4cdcf692b367\n📍 **Номер заказа:** 3fe8cf5e-1867-4a14-bf3f-c5ba66da6209\n📝 **Пользователь:** 3fe8cf5e-1867-4a14-bf3f-c5ba66da6209\n🎨 **Способ оплаты:** investor-money\n⏱️ **Транзакция номер:** 78f8925d-f4c8-407a-b9be-ad321b0dcdcc"}
{"level":"INFO","timestamp":"2026-05-02T08:08:51.031+0500","caller":"telegram/service.go:62","message":"Telegram message sent to chat","chat_id":886449792,"message":"🛸 **НОВОЕ СООБЩЕНИЕ О ПОСТРОЙКЕ КОСМИЧЕСКОГО КОРАБЛЯ!**\n\n🆔 **ID:** 8bc526f9-fff1-43c7-ac7e-4cdcf692b367\n📍 **Номер заказа:** 3fe8cf5e-1867-4a14-bf3f-c5ba66da6209\n📝 **Пользователь:** 3fe8cf5e-1867-4a14-bf3f-c5ba66da6209\n🕐 **Время сборки:** 4"}
{"level":"INFO","timestamp":"2026-05-02T08:09:34.355+0500","caller":"sarama@v1.48.0/consumer_group.go:969","message":"message received","member_id":"sarama-4ad20e6f-bcaf-425d-b088-df38d7e16669","key":"67ad7176-bbb7-4fb2-810a-f3ff299da1ef","partition":1,"offset":0}
{"level":"INFO","timestamp":"2026-05-02T08:09:34.356+0500","caller":"consumer/groupHandler.go:66","message":"Kafka msg received","topic":"order.paid"}
{"level":"INFO","timestamp":"2026-05-02T08:09:34.356+0500","caller":"order_paid_consumer/handler.go:18","message":"Processing message","topic":"order.paid","partition":1,"offset":0,"order_uuid":"67ad7176-bbb7-4fb2-810a-f3ff299da1ef","event_uuid":"56d0d918-fcf1-4326-b160-d7cfd88ce73d","payment_method":"investor-money","transaction_uuid":"b7a2bf20-0959-46cc-92df-e0c7ab1624f5"}
{"level":"INFO","timestamp":"2026-05-02T08:09:34.365+0500","caller":"sarama@v1.48.0/consumer_group.go:969","message":"message received","member_id":"sarama-9d9ece3b-6508-4034-9400-9aba090605df","key":"56d0d918-fcf1-4326-b160-d7cfd88ce73d","partition":0,"offset":1}
{"level":"INFO","timestamp":"2026-05-02T08:09:34.366+0500","caller":"consumer/groupHandler.go:66","message":"Kafka msg received","topic":"order.assembled"}
{"level":"INFO","timestamp":"2026-05-02T08:09:34.366+0500","caller":"order_assembled_consumer/handler.go:18","message":"Processing message","topic":"order.assembled","partition":0,"offset":1,"event_uuid":"56d0d918-fcf1-4326-b160-d7cfd88ce73d","order_uuid":"67ad7176-bbb7-4fb2-810a-f3ff299da1ef","user_uuid":"67ad7176-bbb7-4fb2-810a-f3ff299da1ef","build_time_sec":6}
{"level":"INFO","timestamp":"2026-05-02T08:09:34.521+0500","caller":"telegram/service.go:93","message":"Telegram message sent to chat","chat_id":886449792,"message":"🛸 **НОВОЕ СООБЩЕНИЕ ОБ ОПЛАТЕ СБОРКИ КОСМИЧЕСКОГО КОРАБЛЯ!**\n\n🆔 **ID:** 56d0d918-fcf1-4326-b160-d7cfd88ce73d\n📍 **Номер заказа:** 67ad7176-bbb7-4fb2-810a-f3ff299da1ef\n📝 **Пользователь:** 67ad7176-bbb7-4fb2-810a-f3ff299da1ef\n🎨 **Способ оплаты:** investor-money\n⏱️ **Транзакция номер:** b7a2bf20-0959-46cc-92df-e0c7ab1624f5"}
{"level":"INFO","timestamp":"2026-05-02T08:09:34.548+0500","caller":"telegram/service.go:62","message":"Telegram message sent to chat","chat_id":886449792,"message":"🛸 **НОВОЕ СООБЩЕНИЕ О ПОСТРОЙКЕ КОСМИЧЕСКОГО КОРАБЛЯ!**\n\n🆔 **ID:** 56d0d918-fcf1-4326-b160-d7cfd88ce73d\n📍 **Номер заказа:** 67ad7176-bbb7-4fb2-810a-f3ff299da1ef\n📝 **Пользователь:** 67ad7176-bbb7-4fb2-810a-f3ff299da1ef\n🕐 **Время сборки:** 6"}
\" }]"}
{"level":"INFO","timestamp":"2026-05-02T08:07:54.057+0500","caller":"payment/payment.go:15","message":"payment succeeded","transaction_uuid":"e7a9de15-f8d2-4221-9c7a-f6822023ee1c","order_uuid":"e7379a49-c828-4e0e-be72-fff56dec1193","user_uuid":"e7379a49-c828-4e0e-be72-fff56dec1193","payment_method":4}
{"level":"INFO","timestamp":"2026-05-02T08:07:54.161+0500","caller":"order_producer/producer.go:28","message":"Message sent","topic":"order.paid","partition":0,"offset":0,"key":"e7379a49-c828-4e0e-be72-fff56dec1193","value":"\n$ae00d329-f9aa-4e18-8cd7-6b986221ef3f\u0012$e7379a49-c828-4e0e-be72-fff56dec1193\u001a$e7379a49-c828-4e0e-be72-fff56dec1193\"\u000einvestor-money*$e7a9de15-f8d2-4221-9c7a-f6822023ee1c"}
{"level":"INFO","timestamp":"2026-05-02T08:07:54.161+0500","caller":"sarama@v1.48.0/consumer_group.go:969","message":"message received","member_id":"sarama-4cf43544-57cc-4cdd-8595-71adf4c69c8a","key":"e7379a49-c828-4e0e-be72-fff56dec1193","partition":0,"offset":0}
{"level":"INFO","timestamp":"2026-05-02T08:07:54.163+0500","caller":"consumer/groupHandler.go:66","message":"Kafka msg received","topic":"order.paid"}
{"level":"INFO","timestamp":"2026-05-02T08:07:54.163+0500","caller":"order_consumer/handler.go:15","message":"handler start"}
{"level":"INFO","timestamp":"2026-05-02T08:07:54.165+0500","caller":"order_consumer/handler.go:23","message":"Processing message","topic":"order.paid","partition":0,"offset":0,"order_uuid":"e7379a49-c828-4e0e-be72-fff56dec1193","event_uuid":"ae00d329-f9aa-4e18-8cd7-6b986221ef3f","payment_method":"investor-money","transaction_uuid":"e7a9de15-f8d2-4221-9c7a-f6822023ee1c"}
{"level":"INFO","timestamp":"2026-05-02T08:07:54.178+0500","caller":"order_producer/producer.go:27","message":"Message sent","topic":"order.assembled","partition":0,"offset":0,"key":"ae00d329-f9aa-4e18-8cd7-6b986221ef3f","value":"\n$ae00d329-f9aa-4e18-8cd7-6b986221ef3f\u0012$e7379a49-c828-4e0e-be72-fff56dec1193\u001a$e7379a49-c828-4e0e-be72-fff56dec1193 \n"}
{"level":"INFO","timestamp":"2026-05-02T08:07:54.178+0500","caller":"order_consumer/handler.go:57","message":"handler end"}
{"level":"INFO","timestamp":"2026-05-02T08:07:54.180+0500","caller":"sarama@v1.48.0/consumer_group.go:969","message":"message received","member_id":"sarama-651975b4-8df4-4062-ba2e-d04ef7d54795","key":"ae00d329-f9aa-4e18-8cd7-6b986221ef3f","partition":0,"offset":0}
{"level":"INFO","timestamp":"2026-05-02T08:07:54.180+0500","caller":"consumer/groupHandler.go:66","message":"Kafka msg received","topic":"order.assembled"}
{"level":"INFO","timestamp":"2026-05-02T08:07:54.181+0500","caller":"order_consumer/handler.go:21","message":"Processing message","topic":"order.assembled","partition":0,"offset":0,"order_uuid":"e7379a49-c828-4e0e-be72-fff56dec1193","event_uuid":"ae00d329-f9aa-4e18-8cd7-6b986221ef3f","user_uuid":"e7379a49-c828-4e0e-be72-fff56dec1193","build_time_sec":10}
{"level":"INFO","timestamp":"2026-05-02T08:08:50.690+0500","caller":"payment/payment.go:15","message":"payment succeeded","transaction_uuid":"78f8925d-f4c8-407a-b9be-ad321b0dcdcc","order_uuid":"3fe8cf5e-1867-4a14-bf3f-c5ba66da6209","user_uuid":"3fe8cf5e-1867-4a14-bf3f-c5ba66da6209","payment_method":4}
{"level":"INFO","timestamp":"2026-05-02T08:08:50.698+0500","caller":"order_producer/producer.go:28","message":"Message sent","topic":"order.paid","partition":0,"offset":1,"key":"3fe8cf5e-1867-4a14-bf3f-c5ba66da6209","value":"\n$8bc526f9-fff1-43c7-ac7e-4cdcf692b367\u0012$3fe8cf5e-1867-4a14-bf3f-c5ba66da6209\u001a$3fe8cf5e-1867-4a14-bf3f-c5ba66da6209\"\u000einvestor-money*$78f8925d-f4c8-407a-b9be-ad321b0dcdcc"}
{"level":"INFO","timestamp":"2026-05-02T08:08:50.701+0500","caller":"sarama@v1.48.0/consumer_group.go:969","message":"message received","member_id":"sarama-4cf43544-57cc-4cdd-8595-71adf4c69c8a","key":"3fe8cf5e-1867-4a14-bf3f-c5ba66da6209","partition":0,"offset":1}
{"level":"INFO","timestamp":"2026-05-02T08:08:50.701+0500","caller":"consumer/groupHandler.go:66","message":"Kafka msg received","topic":"order.paid"}
{"level":"INFO","timestamp":"2026-05-02T08:08:50.701+0500","caller":"order_consumer/handler.go:15","message":"handler start"}
{"level":"INFO","timestamp":"2026-05-02T08:08:50.702+0500","caller":"order_consumer/handler.go:23","message":"Processing message","topic":"order.paid","partition":0,"offset":1,"order_uuid":"3fe8cf5e-1867-4a14-bf3f-c5ba66da6209","event_uuid":"8bc526f9-fff1-43c7-ac7e-4cdcf692b367","payment_method":"investor-money","transaction_uuid":"78f8925d-f4c8-407a-b9be-ad321b0dcdcc"}
{"level":"INFO","timestamp":"2026-05-02T08:08:50.708+0500","caller":"order_producer/producer.go:27","message":"Message sent","topic":"order.assembled","partition":1,"offset":0,"key":"8bc526f9-fff1-43c7-ac7e-4cdcf692b367","value":"\n$8bc526f9-fff1-43c7-ac7e-4cdcf692b367\u0012$3fe8cf5e-1867-4a14-bf3f-c5ba66da6209\u001a$3fe8cf5e-1867-4a14-bf3f-c5ba66da6209 \u0004"}
{"level":"INFO","timestamp":"2026-05-02T08:08:50.708+0500","caller":"order_consumer/handler.go:57","message":"handler end"}
{"level":"INFO","timestamp":"2026-05-02T08:08:50.710+0500","caller":"sarama@v1.48.0/consumer_group.go:969","message":"message received","member_id":"sarama-89a23756-f7f9-4211-bf3a-0a46ba79379b","key":"8bc526f9-fff1-43c7-ac7e-4cdcf692b367","partition":1,"offset":0}
{"level":"INFO","timestamp":"2026-05-02T08:08:50.710+0500","caller":"consumer/groupHandler.go:66","message":"Kafka msg received","topic":"order.assembled"}
{"level":"INFO","timestamp":"2026-05-02T08:08:50.711+0500","caller":"order_consumer/handler.go:21","message":"Processing message","topic":"order.assembled","partition":1,"offset":0,"order_uuid":"3fe8cf5e-1867-4a14-bf3f-c5ba66da6209","event_uuid":"8bc526f9-fff1-43c7-ac7e-4cdcf692b367","user_uuid":"3fe8cf5e-1867-4a14-bf3f-c5ba66da6209","build_time_sec":4}
{"level":"INFO","timestamp":"2026-05-02T08:09:34.345+0500","caller":"payment/payment.go:15","message":"payment succeeded","transaction_uuid":"b7a2bf20-0959-46cc-92df-e0c7ab1624f5","order_uuid":"67ad7176-bbb7-4fb2-810a-f3ff299da1ef","user_uuid":"67ad7176-bbb7-4fb2-810a-f3ff299da1ef","payment_method":4}
{"level":"INFO","timestamp":"2026-05-02T08:09:34.353+0500","caller":"order_producer/producer.go:28","message":"Message sent","topic":"order.paid","partition":1,"offset":0,"key":"67ad7176-bbb7-4fb2-810a-f3ff299da1ef","value":"\n$56d0d918-fcf1-4326-b160-d7cfd88ce73d\u0012$67ad7176-bbb7-4fb2-810a-f3ff299da1ef\u001a$67ad7176-bbb7-4fb2-810a-f3ff299da1ef\"\u000einvestor-money*$b7a2bf20-0959-46cc-92df-e0c7ab1624f5"}
{"level":"INFO","timestamp":"2026-05-02T08:09:34.355+0500","caller":"sarama@v1.48.0/consumer_group.go:969","message":"message received","member_id":"sarama-b4eabba2-0af6-42fe-884d-bc3ea76e8e45","key":"67ad7176-bbb7-4fb2-810a-f3ff299da1ef","partition":1,"offset":0}
{"level":"INFO","timestamp":"2026-05-02T08:09:34.356+0500","caller":"consumer/groupHandler.go:66","message":"Kafka msg received","topic":"order.paid"}
{"level":"INFO","timestamp":"2026-05-02T08:09:34.356+0500","caller":"order_consumer/handler.go:15","message":"handler start"}
{"level":"INFO","timestamp":"2026-05-02T08:09:34.358+0500","caller":"order_consumer/handler.go:23","message":"Processing message","topic":"order.paid","partition":1,"offset":0,"order_uuid":"67ad7176-bbb7-4fb2-810a-f3ff299da1ef","event_uuid":"56d0d918-fcf1-4326-b160-d7cfd88ce73d","payment_method":"investor-money","transaction_uuid":"b7a2bf20-0959-46cc-92df-e0c7ab1624f5"}
{"level":"INFO","timestamp":"2026-05-02T08:09:34.364+0500","caller":"order_producer/producer.go:27","message":"Message sent","topic":"order.assembled","partition":0,"offset":1,"key":"56d0d918-fcf1-4326-b160-d7cfd88ce73d","value":"\n$56d0d918-fcf1-4326-b160-d7cfd88ce73d\u0012$67ad7176-bbb7-4fb2-810a-f3ff299da1ef\u001a$67ad7176-bbb7-4fb2-810a-f3ff299da1ef \u0006"}
{"level":"INFO","timestamp":"2026-05-02T08:09:34.365+0500","caller":"order_consumer/handler.go:57","message":"handler end"}
{"level":"INFO","timestamp":"2026-05-02T08:09:34.366+0500","caller":"sarama@v1.48.0/consumer_group.go:969","message":"message received","member_id":"sarama-651975b4-8df4-4062-ba2e-d04ef7d54795","key":"56d0d918-fcf1-4326-b160-d7cfd88ce73d","partition":0,"offset":1}
{"level":"INFO","timestamp":"2026-05-02T08:09:34.366+0500","caller":"consumer/groupHandler.go:66","message":"Kafka msg received","topic":"order.assembled"}
{"level":"INFO","timestamp":"2026-05-02T08:09:34.366+0500","caller":"order_consumer/handler.go:21","message":"Processing message","topic":"order.assembled","partition":0,"offset":1,"order_uuid":"67ad7176-bbb7-4fb2-810a-f3ff299da1ef","event_uuid":"56d0d918-fcf1-4326-b160-d7cfd88ce73d","user_uuid":"67ad7176-bbb7-4fb2-810a-f3ff299da1ef","build_time_sec":6}
