{"level":"INFO","timestamp":"2026-04-13T01:29:43.290+0500","caller":"app/app.go:91","message":"🚀 Order Kafka consumer running"}
{"level":"INFO","timestamp":"2026-04-13T01:29:43.322+0500","caller":"order_consumer/consumer.go:30","message":"Starting order consumer service"}
{"level":"INFO","timestamp":"2026-04-13T01:29:43.404+0500","caller":"sarama@v1.47.0/consumer_group.go:869","message":"New session","member_id":"sarama-9dbae4f3-8aa7-4af4-89eb-4015637cabf8","claims":{"order.paid":[0,1,2]}}
{"level":"INFO","timestamp":"2026-04-13T01:30:25.679+0500","caller":"sarama@v1.47.0/consumer_group.go:976","message":"Kafka session context done"}
{"level":"INFO","timestamp":"2026-04-13T01:30:25.679+0500","caller":"sarama@v1.47.0/consumer_group.go:976","message":"Kafka session context done"}
{"level":"INFO","timestamp":"2026-04-13T01:30:25.679+0500","caller":"sarama@v1.47.0/consumer_group.go:976","message":"Kafka session context done"}
{"level":"INFO","timestamp":"2026-04-13T01:30:26.181+0500","caller":"order_consumer/consumer.go:32","message":"Kafka consumer group rebalancing..."}
{"level":"INFO","timestamp":"2026-04-13T01:30:26.192+0500","caller":"sarama@v1.47.0/consumer_group.go:869","message":"New session","member_id":"sarama-9dbae4f3-8aa7-4af4-89eb-4015637cabf8","claims":{"order.paid":[0,2]}}
{"level":"INFO","timestamp":"2026-04-13T01:30:44.399+0500","caller":"sarama@v1.47.0/consumer_group.go:976","message":"Kafka session context done"}
{"level":"INFO","timestamp":"2026-04-13T01:30:44.399+0500","caller":"sarama@v1.47.0/consumer_group.go:976","message":"Kafka session context done"}
{"level":"INFO","timestamp":"2026-04-13T01:30:44.901+0500","caller":"order_consumer/consumer.go:32","message":"Kafka consumer group rebalancing..."}
{"level":"INFO","timestamp":"2026-04-13T01:30:45.417+0500","caller":"sarama@v1.47.0/consumer_group.go:869","message":"New session","member_id":"sarama-9dbae4f3-8aa7-4af4-89eb-4015637cabf8","claims":{"order.paid":[0]}}
{"level":"INFO","timestamp":"2026-04-13T01:54:00.947+0500","caller":"sarama@v1.47.0/consumer_group.go:976","message":"message received","member_id":"sarama-9dbae4f3-8aa7-4af4-89eb-4015637cabf8","key":"c2376ab6-d3d4-43b9-9b6d-a44fe1c072f2","partition":0,"offset":5}
{"level":"INFO","timestamp":"2026-04-13T01:54:00.951+0500","caller":"consumer/groupHandler.go:69","message":"Kafka msg received","topic":"order.paid"}
{"level":"INFO","timestamp":"2026-04-13T01:54:00.960+0500","caller":"order_consumer/handler.go:21","message":"Processing message","topic":"order.paid","partition":0,"offset":5,"order_uuid":"c2376ab6-d3d4-43b9-9b6d-a44fe1c072f2","event_uuid":"f8fe1b55-e780-4857-864c-aa4610e95b8a","payment_method":"investor-money","transaction_uuid":"8c0848ed-1eae-4924-91b1-a5e85f7c9086"}
{"level":"INFO","timestamp":"2026-04-13T01:54:08.977+0500","caller":"order_producer/producer.go:42","message":"Message sent","topic":"order.assembled","partition":1,"offset":4,"key":"f8fe1b55-e780-4857-864c-aa4610e95b8a","value":"\n$f8fe1b55-e780-4857-864c-aa4610e95b8a\u0012$c2376ab6-d3d4-43b9-9b6d-a44fe1c072f2\u001a$c2376ab6-d3d4-43b9-9b6d-a44fe1c072f2 \u0008"}
timestamp":"2026-04-13T01:32:30.914+0500","caller":"app/app.go:47","message":"🚀 Order Kafka consumer running"}
{"level":"INFO","timestamp":"2026-04-13T01:32:30.917+0500","caller":"order_consumer/consumer.go:31","message":"Starting order consumer service"}
{"level":"INFO","timestamp":"2026-04-13T01:32:30.929+0500","caller":"sarama@v1.47.0/consumer_group.go:869","message":"New session","member_id":"sarama-b527f4e4-28db-49d5-8f24-bab0e4dea1a6","claims":{"order.assembled":[0,1]}}
{"level":"INFO","timestamp":"2026-04-13T01:32:46.996+0500","caller":"app/app.go:173","message":"🗄️ Database initialized and migrations applied"}
{"level":"INFO","timestamp":"2026-04-13T01:32:47.000+0500","caller":"app/app.go:36","message":"🚀 HTTP OrderService server listening on localhost:8080"}
{"level":"INFO","timestamp":"2026-04-13T01:32:47.000+0500","caller":"app/app.go:47","message":"🚀 Order Kafka consumer running"}
{"level":"ERROR","timestamp":"2026-04-13T01:32:47.001+0500","caller":"app/app.go:82","message":"Component crashed, shutting down","error":"http server crashed: listen tcp 127.0.0.1:8080: bind: address already in use","errorVerbose":"http server crashed: listen tcp 127.0.0.1:8080: bind: address already in use\ngithub.com/mbakhodurov/homeworks/week5/order/internal/app.(*App).Run.func2\n\t/home/mbakhodurov/gomodules/homeworks/week5/order/internal/app/app.go:73\nruntime.goexit\n\t/usr/local/go/src/runtime/asm_amd64.s:1693"}
{"level":"ERROR","timestamp":"2026-04-13T01:32:47.002+0500","caller":"cmd/main.go:41","message":"❌ Ошибка при работе приложения","error":"http server crashed: listen tcp 127.0.0.1:8080: bind: address already in use","errorVerbose":"http server crashed: listen tcp 127.0.0.1:8080: bind: address already in use\ngithub.com/mbakhodurov/homeworks/week5/order/internal/app.(*App).Run.func2\n\t/home/mbakhodurov/gomodules/homeworks/week5/order/internal/app/app.go:73\nruntime.goexit\n\t/usr/local/go/src/runtime/asm_amd64.s:1693"}
{"level":"INFO","timestamp":"2026-04-13T01:32:47.003+0500","caller":"sync/once.go:78","message":"🚦 Начинаем процесс graceful shutdown..."}
{"level":"INFO","timestamp":"2026-04-13T01:32:47.003+0500","caller":"closer/closer.go:171","message":"🧩 Закрываем HTTP server..."}
{"level":"INFO","timestamp":"2026-04-13T01:32:47.004+0500","caller":"closer/closer.go:171","message":"🧩 Закрываем Inventory gRPC connection..."}
{"level":"INFO","timestamp":"2026-04-13T01:32:47.004+0500","caller":"closer/closer.go:171","message":"🧩 Закрываем Payment gRPC connection..."}
{"level":"INFO","timestamp":"2026-04-13T01:32:47.004+0500","caller":"closer/closer.go:171","message":"✅ HTTP server успешно закрыт за 59.887µs"}
{"level":"INFO","timestamp":"2026-04-13T01:32:47.004+0500","caller":"closer/closer.go:171","message":"🧩 Закрываем PostgresSQL connection..."}
{"level":"INFO","timestamp":"2026-04-13T01:32:47.004+0500","caller":"closer/closer.go:171","message":"🧩 Закрываем Kafka sync producer..."}
{"level":"INFO","timestamp":"2026-04-13T01:32:47.004+0500","caller":"closer/closer.go:171","message":"✅ Inventory gRPC connection успешно закрыт за 294.464µs"}
{"level":"INFO","timestamp":"2026-04-13T01:32:47.004+0500","caller":"closer/closer.go:171","message":"✅ Payment gRPC connection успешно закрыт за 316.478µs"}
{"level":"INFO","timestamp":"2026-04-13T01:32:47.004+0500","caller":"closer/closer.go:171","message":"✅ PostgresSQL connection успешно закрыт за 391.582µs"}
{"level":"INFO","timestamp":"2026-04-13T01:32:47.004+0500","caller":"closer/closer.go:171","message":"✅ Kafka sync producer успешно закрыт за 325.648µs"}
{"level":"INFO","timestamp":"2026-04-13T01:32:47.004+0500","caller":"sync/once.go:78","message":"✅ Все ресурсы успешно закрыты"}
{"level":"INFO","timestamp":"2026-04-13T01:33:06.013+0500","caller":"app/app.go:173","message":"🗄️ Database initialized and migrations applied"}
{"level":"INFO","timestamp":"2026-04-13T01:33:06.022+0500","caller":"app/app.go:47","message":"🚀 Order Kafka consumer running"}
{"level":"INFO","timestamp":"2026-04-13T01:33:06.026+0500","caller":"order_consumer/consumer.go:31","message":"Starting order consumer service"}
{"level":"INFO","timestamp":"2026-04-13T01:33:07.158+0500","caller":"sarama@v1.47.0/consumer_group.go:976","message":"Kafka session context done"}
{"level":"INFO","timestamp":"2026-04-13T01:33:07.159+0500","caller":"sarama@v1.47.0/consumer_group.go:976","message":"Kafka session context done"}
{"level":"INFO","timestamp":"2026-04-13T01:33:07.661+0500","caller":"order_consumer/consumer.go:32","message":"Kafka consumer group rebalancing..."}
{"level":"INFO","timestamp":"2026-04-13T01:33:07.669+0500","caller":"sarama@v1.47.0/consumer_group.go:869","message":"New session","member_id":"sarama-b905ed50-9f6a-4a86-a325-20846ccda7f5","claims":{"order.assembled":[1]}}
{"level":"INFO","timestamp":"2026-04-13T01:33:07.669+0500","caller":"sarama@v1.47.0/consumer_group.go:869","message":"New session","member_id":"sarama-b527f4e4-28db-49d5-8f24-bab0e4dea1a6","claims":{"order.assembled":[0]}}
{"level":"INFO","timestamp":"2026-04-13T01:36:15.722+0500","caller":"sync/once.go:78","message":"ℹ️ Нет функций для закрытия."}
{"level":"INFO","timestamp":"2026-04-13T01:41:44.413+0500","caller":"sync/once.go:78","message":"ℹ️ Нет функций для закрытия."}
{"level":"INFO","timestamp":"2026-04-13T01:41:47.178+0500","caller":"sync/once.go:78","message":"ℹ️ Нет функций для закрытия."}
{"level":"INFO","timestamp":"2026-04-13T01:42:50.803+0500","caller":"app/app.go:115","message":"🚀 Order Assembled consumer running"}
{"level":"INFO","timestamp":"2026-04-13T01:42:50.804+0500","caller":"app/app.go:141","message":"🤖 Telegram bot started..."}
{"level":"INFO","timestamp":"2026-04-13T01:42:50.804+0500","caller":"app/app.go:104","message":"🚀 Order Paid consumer running"}
{"level":"INFO","timestamp":"2026-04-13T01:42:50.804+0500","caller":"order_paid_consumer/consumer.go:30","message":"Starting order consumer service"}
{"level":"INFO","timestamp":"2026-04-13T01:44:23.851+0500","caller":"app/app.go:115","message":"🚀 Order Assembled consumer running"}
{"level":"INFO","timestamp":"2026-04-13T01:44:23.851+0500","caller":"app/app.go:141","message":"🤖 Telegram bot started..."}
{"level":"INFO","timestamp":"2026-04-13T01:44:23.852+0500","caller":"app/app.go:104","message":"🚀 Order Paid consumer running"}
{"level":"INFO","timestamp":"2026-04-13T01:44:23.866+0500","caller":"order_assembled_consumer/consumer.go:29","message":"Starting ship assembled consumer service"}
{"level":"INFO","timestamp":"2026-04-13T01:44:23.866+0500","caller":"order_paid_consumer/consumer.go:30","message":"Starting order consumer service"}
{"level":"ERROR","timestamp":"2026-04-13T01:44:23.917+0500","caller":"order_paid_consumer/consumer.go:32","message":"Kafka consume error","error":"kafka server: The provider group protocol type is incompatible with the other members"}
{"level":"ERROR","timestamp":"2026-04-13T01:44:23.917+0500","caller":"order_paid_consumer/consumer.go:34","message":"Failed to start order paid consumer service","error":"kafka server: The provider group protocol type is incompatible with the other members"}
{"level":"ERROR","timestamp":"2026-04-13T01:44:23.917+0500","caller":"app/app.go:57","message":"Component crashed, shutting down","error":"order paid consumer crashed: kafka server: The provider group protocol type is incompatible with the other members","errorVerbose":"order paid consumer crashed: kafka server: The provider group protocol type is incompatible with the other members:\n    github.com/mbakhodurov/homeworks/week5/notification/internal/app.(*App).Run.func1\n        /home/mbakhodurov/gomodules/homeworks/week5/notification/internal/app/app.go:41"}
{"level":"ERROR","timestamp":"2026-04-13T01:44:23.917+0500","caller":"cmd/main.go:39","message":"❌ Ошибка при работе приложения","error":"order paid consumer crashed: kafka server: The provider group protocol type is incompatible with the other members","errorVerbose":"order paid consumer crashed: kafka server: The provider group protocol type is incompatible with the other members:\n    github.com/mbakhodurov/homeworks/week5/notification/internal/app.(*App).Run.func1\n        /home/mbakhodurov/gomodules/homeworks/week5/notification/internal/app/app.go:41"}
{"level":"INFO","timestamp":"2026-04-13T01:44:23.917+0500","caller":"sync/once.go:78","message":"ℹ️ Нет функций для закрытия."}
{"level":"INFO","timestamp":"2026-04-13T01:50:03.412+0500","caller":"app/app.go:115","message":"🚀 Order Assembled consumer running"}
{"level":"INFO","timestamp":"2026-04-13T01:50:03.412+0500","caller":"app/app.go:141","message":"🤖 Telegram bot started..."}
{"level":"INFO","timestamp":"2026-04-13T01:50:03.412+0500","caller":"app/app.go:104","message":"🚀 Order Paid consumer running"}
{"level":"INFO","timestamp":"2026-04-13T01:50:03.425+0500","caller":"order_paid_consumer/consumer.go:30","message":"Starting order consumer service"}
{"level":"INFO","timestamp":"2026-04-13T01:50:03.425+0500","caller":"order_assembled_consumer/consumer.go:29","message":"Starting ship assembled consumer service"}
{"level":"INFO","timestamp":"2026-04-13T01:50:03.441+0500","caller":"sarama@v1.47.0/consumer_group.go:869","message":"New session","member_id":"sarama-87b03760-15e5-4a06-a192-08e1715dbb15","claims":{"order.assembled":[0,1]}}
{"level":"INFO","timestamp":"2026-04-13T01:50:03.442+0500","caller":"sarama@v1.47.0/consumer_group.go:869","message":"New session","member_id":"sarama-3fa02150-df1d-431b-b6e0-ec4e214cb930","claims":{"order.paid":[0,1,2]}}
{"level":"INFO","timestamp":"2026-04-13T01:50:03.557+0500","caller":"sarama@v1.47.0/consumer_group.go:976","message":"message received","member_id":"sarama-87b03760-15e5-4a06-a192-08e1715dbb15","key":"9e85cd19-4072-4bcc-9e1a-0287178292f3","partition":1,"offset":0}
{"level":"INFO","timestamp":"2026-04-13T01:50:03.558+0500","caller":"consumer/groupHandler.go:69","message":"Kafka msg received","topic":"order.assembled"}
{"level":"INFO","timestamp":"2026-04-13T01:50:03.557+0500","caller":"sarama@v1.47.0/consumer_group.go:976","message":"message received","member_id":"sarama-87b03760-15e5-4a06-a192-08e1715dbb15","key":"c5fe30e6-0ce7-4926-bed8-49861b922b99","partition":0,"offset":0}
{"level":"INFO","timestamp":"2026-04-13T01:50:03.558+0500","caller":"consumer/groupHandler.go:69","message":"Kafka msg received","topic":"order.assembled"}
{"level":"INFO","timestamp":"2026-04-13T01:50:03.558+0500","caller":"order_assembled_consumer/handler.go:19","message":"Processing message","topic":"order.assembled","partition":1,"offset":0,"event_uuid":"9e85cd19-4072-4bcc-9e1a-0287178292f3","order_uuid":"c2376ab6-d3d4-43b9-9b6d-a44fe1c072f2","user_uuid":"c2376ab6-d3d4-43b9-9b6d-a44fe1c072f2","build_time_sec":4}
{"level":"INFO","timestamp":"2026-04-13T01:50:03.558+0500","caller":"order_assembled_consumer/handler.go:19","message":"Processing message","topic":"order.assembled","partition":0,"offset":0,"event_uuid":"c5fe30e6-0ce7-4926-bed8-49861b922b99","order_uuid":"c2376ab6-d3d4-43b9-9b6d-a44fe1c072f2","user_uuid":"c2376ab6-d3d4-43b9-9b6d-a44fe1c072f2","build_time_sec":1}
{"level":"INFO","timestamp":"2026-04-13T01:50:03.743+0500","caller":"telegram/service.go:62","message":"Telegram message sent to chat","chat_id":886449792,"message":"🛸 **НОВОЕ СООБЩЕНИЕ О ПОСТРОЙКЕ КОСМИЧЕСКОГО КОРАБЛЯ!**\n\n🆔 **ID:** 9e85cd19-4072-4bcc-9e1a-0287178292f3\n📍 **Номер заказа:** c2376ab6-d3d4-43b9-9b6d-a44fe1c072f2\n📝 **Пользователь:** c2376ab6-d3d4-43b9-9b6d-a44fe1c072f2\n🕐 **Время сборки:** 4"}
{"level":"INFO","timestamp":"2026-04-13T01:50:03.743+0500","caller":"sarama@v1.47.0/consumer_group.go:976","message":"message received","member_id":"sarama-87b03760-15e5-4a06-a192-08e1715dbb15","key":"c3e4d6cc-c219-41b6-bd30-827a1f85cc95","partition":1,"offset":1}
{"level":"INFO","timestamp":"2026-04-13T01:50:03.743+0500","caller":"consumer/groupHandler.go:69","message":"Kafka msg received","topic":"order.assembled"}
{"level":"INFO","timestamp":"2026-04-13T01:50:03.743+0500","caller":"order_assembled_consumer/handler.go:19","message":"Processing message","topic":"order.assembled","partition":1,"offset":1,"event_uuid":"c3e4d6cc-c219-41b6-bd30-827a1f85cc95","order_uuid":"27f223be-f0c8-44fe-bc9b-976884c8cfee","user_uuid":"27f223be-f0c8-44fe-bc9b-976884c8cfee","build_time_sec":6}
{"level":"INFO","timestamp":"2026-04-13T01:50:03.769+0500","caller":"telegram/service.go:62","message":"Telegram message sent to chat","chat_id":886449792,"message":"🛸 **НОВОЕ СООБЩЕНИЕ О ПОСТРОЙКЕ КОСМИЧЕСКОГО КОРАБЛЯ!**\n\n🆔 **ID:** c5fe30e6-0ce7-4926-bed8-49861b922b99\n📍 **Номер заказа:** c2376ab6-d3d4-43b9-9b6d-a44fe1c072f2\n📝 **Пользователь:** c2376ab6-d3d4-43b9-9b6d-a44fe1c072f2\n🕐 **Время сборки:** 1"}
{"level":"INFO","timestamp":"2026-04-13T01:50:03.769+0500","caller":"sarama@v1.47.0/consumer_group.go:976","message":"message received","member_id":"sarama-87b03760-15e5-4a06-a192-08e1715dbb15","key":"a456d6e5-cc32-4cd3-a471-bb8e192d58b5","partition":0,"offset":1}
{"level":"INFO","timestamp":"2026-04-13T01:50:03.769+0500","caller":"consumer/groupHandler.go:69","message":"Kafka msg received","topic":"order.assembled"}
{"level":"INFO","timestamp":"2026-04-13T01:50:03.769+0500","caller":"order_assembled_consumer/handler.go:19","message":"Processing message","topic":"order.assembled","partition":0,"offset":1,"event_uuid":"a456d6e5-cc32-4cd3-a471-bb8e192d58b5","order_uuid":"c2376ab6-d3d4-43b9-9b6d-a44fe1c072f2","user_uuid":"c2376ab6-d3d4-43b9-9b6d-a44fe1c072f2","build_time_sec":6}
{"level":"INFO","timestamp":"2026-04-13T01:50:03.895+0500","caller":"telegram/service.go:62","message":"Telegram message sent to chat","chat_id":886449792,"message":"🛸 **НОВОЕ СООБЩЕНИЕ О ПОСТРОЙКЕ КОСМИЧЕСКОГО КОРАБЛЯ!**\n\n🆔 **ID:** c3e4d6cc-c219-41b6-bd30-827a1f85cc95\n📍 **Номер заказа:** 27f223be-f0c8-44fe-bc9b-976884c8cfee\n📝 **Пользователь:** 27f223be-f0c8-44fe-bc9b-976884c8cfee\n🕐 **Время сборки:** 6"}
{"level":"INFO","timestamp":"2026-04-13T01:50:03.895+0500","caller":"sarama@v1.47.0/consumer_group.go:976","message":"message received","member_id":"sarama-87b03760-15e5-4a06-a192-08e1715dbb15","key":"dc967226-c2c8-4dba-a75b-612c2dac38d4","partition":1,"offset":2}
{"level":"INFO","timestamp":"2026-04-13T01:50:03.895+0500","caller":"consumer/groupHandler.go:69","message":"Kafka msg received","topic":"order.assembled"}
{"level":"INFO","timestamp":"2026-04-13T01:50:03.895+0500","caller":"order_assembled_consumer/handler.go:19","message":"Processing message","topic":"order.assembled","partition":1,"offset":2,"event_uuid":"dc967226-c2c8-4dba-a75b-612c2dac38d4","order_uuid":"27f223be-f0c8-44fe-bc9b-976884c8cfee","user_uuid":"27f223be-f0c8-44fe-bc9b-976884c8cfee","build_time_sec":2}
{"level":"INFO","timestamp":"2026-04-13T01:50:03.936+0500","caller":"telegram/service.go:62","message":"Telegram message sent to chat","chat_id":886449792,"message":"🛸 **НОВОЕ СООБЩЕНИЕ О ПОСТРОЙКЕ КОСМИЧЕСКОГО КОРАБЛЯ!**\n\n🆔 **ID:** a456d6e5-cc32-4cd3-a471-bb8e192d58b5\n📍 **Номер заказа:** c2376ab6-d3d4-43b9-9b6d-a44fe1c072f2\n📝 **Пользователь:** c2376ab6-d3d4-43b9-9b6d-a44fe1c072f2\n🕐 **Время сборки:** 6"}
{"level":"INFO","timestamp":"2026-04-13T01:50:04.077+0500","caller":"telegram/service.go:62","message":"Telegram message sent to chat","chat_id":886449792,"message":"🛸 **НОВОЕ СООБЩЕНИЕ О ПОСТРОЙКЕ КОСМИЧЕСКОГО КОРАБЛЯ!**\n\n🆔 **ID:** dc967226-c2c8-4dba-a75b-612c2dac38d4\n📍 **Номер заказа:** 27f223be-f0c8-44fe-bc9b-976884c8cfee\n📝 **Пользователь:** 27f223be-f0c8-44fe-bc9b-976884c8cfee\n🕐 **Время сборки:** 2"}
{"level":"INFO","timestamp":"2026-04-13T01:50:04.077+0500","caller":"sarama@v1.47.0/consumer_group.go:976","message":"message received","member_id":"sarama-87b03760-15e5-4a06-a192-08e1715dbb15","key":"79c0c079-8a9c-41b0-bd31-b35d24c6593d","partition":1,"offset":3}
{"level":"INFO","timestamp":"2026-04-13T01:50:04.077+0500","caller":"consumer/groupHandler.go:69","message":"Kafka msg received","topic":"order.assembled"}
{"level":"INFO","timestamp":"2026-04-13T01:50:04.077+0500","caller":"order_assembled_consumer/handler.go:19","message":"Processing message","topic":"order.assembled","partition":1,"offset":3,"event_uuid":"79c0c079-8a9c-41b0-bd31-b35d24c6593d","order_uuid":"27f223be-f0c8-44fe-bc9b-976884c8cfee","user_uuid":"27f223be-f0c8-44fe-bc9b-976884c8cfee","build_time_sec":4}
{"level":"INFO","timestamp":"2026-04-13T01:50:04.239+0500","caller":"telegram/service.go:62","message":"Telegram message sent to chat","chat_id":886449792,"message":"🛸 **НОВОЕ СООБЩЕНИЕ О ПОСТРОЙКЕ КОСМИЧЕСКОГО КОРАБЛЯ!**\n\n🆔 **ID:** 79c0c079-8a9c-41b0-bd31-b35d24c6593d\n📍 **Номер заказа:** 27f223be-f0c8-44fe-bc9b-976884c8cfee\n📝 **Пользователь:** 27f223be-f0c8-44fe-bc9b-976884c8cfee\n🕐 **Время сборки:** 4"}
{"level":"INFO","timestamp":"2026-04-13T01:50:53.899+0500","caller":"app/app.go:129","message":"chat id","chat_id":886449792}
{"level":"INFO","timestamp":"2026-04-13T01:52:52.798+0500","caller":"payment/payment.go:14","message":"payment succeeded","transaction_uuid":"e1d4144b-132a-43ed-8a84-ac29b1e63461","order_uuid":"27f223be-f0c8-44fe-bc9b-976884c8cfee","user_uuid":"27f223be-f0c8-44fe-bc9b-976884c8cfee","payment_method":4}
{"level":"INFO","timestamp":"2026-04-13T01:52:52.817+0500","caller":"order_producer/producer.go:28","message":"Message sent","topic":"order.paid","partition":2,"offset":5,"key":"27f223be-f0c8-44fe-bc9b-976884c8cfee","value":"\n$638911e2-77e6-4d8c-94f8-736c43b4c39b\u0012$27f223be-f0c8-44fe-bc9b-976884c8cfee\u001a$27f223be-f0c8-44fe-bc9b-976884c8cfee\"\u000einvestor-money*$e1d4144b-132a-43ed-8a84-ac29b1e63461"}
{"level":"INFO","timestamp":"2026-04-13T01:52:52.818+0500","caller":"sarama@v1.47.0/consumer_group.go:976","message":"message received","member_id":"sarama-3fa02150-df1d-431b-b6e0-ec4e214cb930","key":"27f223be-f0c8-44fe-bc9b-976884c8cfee","partition":2,"offset":5}
{"level":"INFO","timestamp":"2026-04-13T01:52:52.818+0500","caller":"consumer/groupHandler.go:69","message":"Kafka msg received","topic":"order.paid"}
{"level":"INFO","timestamp":"2026-04-13T01:52:52.819+0500","caller":"order_paid_consumer/handler.go:18","message":"Processing message","topic":"order.paid","partition":2,"offset":5,"order_uuid":"27f223be-f0c8-44fe-bc9b-976884c8cfee","event_uuid":"638911e2-77e6-4d8c-94f8-736c43b4c39b","payment_method":"investor-money","transaction_uuid":"e1d4144b-132a-43ed-8a84-ac29b1e63461"}
{"level":"INFO","timestamp":"2026-04-13T01:52:52.821+0500","caller":"sarama@v1.47.0/consumer_group.go:976","message":"message received","member_id":"sarama-fe3205e3-329e-4dca-9c5b-d092cfa887a2","key":"27f223be-f0c8-44fe-bc9b-976884c8cfee","partition":2,"offset":5}
{"level":"INFO","timestamp":"2026-04-13T01:52:52.823+0500","caller":"consumer/groupHandler.go:69","message":"Kafka msg received","topic":"order.paid"}
{"level":"INFO","timestamp":"2026-04-13T01:52:52.824+0500","caller":"order_consumer/handler.go:21","message":"Processing message","topic":"order.paid","partition":2,"offset":5,"order_uuid":"27f223be-f0c8-44fe-bc9b-976884c8cfee","event_uuid":"638911e2-77e6-4d8c-94f8-736c43b4c39b","payment_method":"investor-money","transaction_uuid":"e1d4144b-132a-43ed-8a84-ac29b1e63461"}
{"level":"INFO","timestamp":"2026-04-13T01:52:52.985+0500","caller":"telegram/service.go:93","message":"Telegram message sent to chat","chat_id":886449792,"message":"🛸 **НОВОЕ СООБЩЕНИЕ ОБ ОПЛАТЕ СБОРКИ КОСМИЧЕСКОГО КОРАБЛЯ!**\n\n🆔 **ID:** 638911e2-77e6-4d8c-94f8-736c43b4c39b\n📍 **Номер заказа:** 27f223be-f0c8-44fe-bc9b-976884c8cfee\n📝 **Пользователь:** 27f223be-f0c8-44fe-bc9b-976884c8cfee\n🎨 **Способ оплаты:** investor-money\n⏱️ **Транзакция номер:** e1d4144b-132a-43ed-8a84-ac29b1e63461"}
{"level":"INFO","timestamp":"2026-04-13T01:52:53.832+0500","caller":"order_producer/producer.go:42","message":"Message sent","topic":"order.assembled","partition":0,"offset":2,"key":"638911e2-77e6-4d8c-94f8-736c43b4c39b","value":"\n$638911e2-77e6-4d8c-94f8-736c43b4c39b\u0012$27f223be-f0c8-44fe-bc9b-976884c8cfee\u001a$27f223be-f0c8-44fe-bc9b-976884c8cfee \u0001"}
{"level":"INFO","timestamp":"2026-04-13T01:52:53.832+0500","caller":"sarama@v1.47.0/consumer_group.go:976","message":"message received","member_id":"sarama-87b03760-15e5-4a06-a192-08e1715dbb15","key":"638911e2-77e6-4d8c-94f8-736c43b4c39b","partition":0,"offset":2}
{"level":"INFO","timestamp":"2026-04-13T01:52:53.833+0500","caller":"consumer/groupHandler.go:69","message":"Kafka msg received","topic":"order.assembled"}
{"level":"INFO","timestamp":"2026-04-13T01:52:53.833+0500","caller":"order_assembled_consumer/handler.go:19","message":"Processing message","topic":"order.assembled","partition":0,"offset":2,"event_uuid":"638911e2-77e6-4d8c-94f8-736c43b4c39b","order_uuid":"27f223be-f0c8-44fe-bc9b-976884c8cfee","user_uuid":"27f223be-f0c8-44fe-bc9b-976884c8cfee","build_time_sec":1}
{"level":"INFO","timestamp":"2026-04-13T01:52:53.833+0500","caller":"sarama@v1.47.0/consumer_group.go:976","message":"message received","member_id":"sarama-b527f4e4-28db-49d5-8f24-bab0e4dea1a6","key":"638911e2-77e6-4d8c-94f8-736c43b4c39b","partition":0,"offset":2}
{"level":"INFO","timestamp":"2026-04-13T01:52:53.833+0500","caller":"consumer/groupHandler.go:69","message":"Kafka msg received","topic":"order.assembled"}
{"level":"INFO","timestamp":"2026-04-13T01:52:53.834+0500","caller":"order_consumer/handler.go:21","message":"Processing message","topic":"order.assembled","partition":0,"offset":2,"order_uuid":"27f223be-f0c8-44fe-bc9b-976884c8cfee","event_uuid":"638911e2-77e6-4d8c-94f8-736c43b4c39b","user_uuid":"27f223be-f0c8-44fe-bc9b-976884c8cfee","build_time_sec":1}
{"level":"INFO","timestamp":"2026-04-13T01:52:54.010+0500","caller":"telegram/service.go:62","message":"Telegram message sent to chat","chat_id":886449792,"message":"🛸 **НОВОЕ СООБЩЕНИЕ О ПОСТРОЙКЕ КОСМИЧЕСКОГО КОРАБЛЯ!**\n\n🆔 **ID:** 638911e2-77e6-4d8c-94f8-736c43b4c39b\n📍 **Номер заказа:** 27f223be-f0c8-44fe-bc9b-976884c8cfee\n📝 **Пользователь:** 27f223be-f0c8-44fe-bc9b-976884c8cfee\n🕐 **Время сборки:** 1"}
{"level":"INFO","timestamp":"2026-04-13T01:54:00.937+0500","caller":"payment/payment.go:14","message":"payment succeeded","transaction_uuid":"8c0848ed-1eae-4924-91b1-a5e85f7c9086","order_uuid":"c2376ab6-d3d4-43b9-9b6d-a44fe1c072f2","user_uuid":"c2376ab6-d3d4-43b9-9b6d-a44fe1c072f2","payment_method":4}
{"level":"INFO","timestamp":"2026-04-13T01:54:00.942+0500","caller":"order_producer/producer.go:28","message":"Message sent","topic":"order.paid","partition":0,"offset":5,"key":"c2376ab6-d3d4-43b9-9b6d-a44fe1c072f2","value":"\n$f8fe1b55-e780-4857-864c-aa4610e95b8a\u0012$c2376ab6-d3d4-43b9-9b6d-a44fe1c072f2\u001a$c2376ab6-d3d4-43b9-9b6d-a44fe1c072f2\"\u000einvestor-money*$8c0848ed-1eae-4924-91b1-a5e85f7c9086"}
{"level":"INFO","timestamp":"2026-04-13T01:54:00.944+0500","caller":"sarama@v1.47.0/consumer_group.go:976","message":"message received","member_id":"sarama-3fa02150-df1d-431b-b6e0-ec4e214cb930","key":"c2376ab6-d3d4-43b9-9b6d-a44fe1c072f2","partition":0,"offset":5}
{"level":"INFO","timestamp":"2026-04-13T01:54:00.944+0500","caller":"consumer/groupHandler.go:69","message":"Kafka msg received","topic":"order.paid"}
{"level":"INFO","timestamp":"2026-04-13T01:54:00.944+0500","caller":"order_paid_consumer/handler.go:18","message":"Processing message","topic":"order.paid","partition":0,"offset":5,"order_uuid":"c2376ab6-d3d4-43b9-9b6d-a44fe1c072f2","event_uuid":"f8fe1b55-e780-4857-864c-aa4610e95b8a","payment_method":"investor-money","transaction_uuid":"8c0848ed-1eae-4924-91b1-a5e85f7c9086"}
{"level":"INFO","timestamp":"2026-04-13T01:54:01.153+0500","caller":"telegram/service.go:93","message":"Telegram message sent to chat","chat_id":886449792,"message":"🛸 **НОВОЕ СООБЩЕНИЕ ОБ ОПЛАТЕ СБОРКИ КОСМИЧЕСКОГО КОРАБЛЯ!**\n\n🆔 **ID:** f8fe1b55-e780-4857-864c-aa4610e95b8a\n📍 **Номер заказа:** c2376ab6-d3d4-43b9-9b6d-a44fe1c072f2\n📝 **Пользователь:** c2376ab6-d3d4-43b9-9b6d-a44fe1c072f2\n🎨 **Способ оплаты:** investor-money\n⏱️ **Транзакция номер:** 8c0848ed-1eae-4924-91b1-a5e85f7c9086"}
{"level":"INFO","timestamp":"2026-04-13T01:54:08.978+0500","caller":"sarama@v1.47.0/consumer_group.go:976","message":"message received","member_id":"sarama-87b03760-15e5-4a06-a192-08e1715dbb15","key":"f8fe1b55-e780-4857-864c-aa4610e95b8a","partition":1,"offset":4}
{"level":"INFO","timestamp":"2026-04-13T01:54:08.978+0500","caller":"consumer/groupHandler.go:69","message":"Kafka msg received","topic":"order.assembled"}
{"level":"INFO","timestamp":"2026-04-13T01:54:08.978+0500","caller":"order_assembled_consumer/handler.go:19","message":"Processing message","topic":"order.assembled","partition":1,"offset":4,"event_uuid":"f8fe1b55-e780-4857-864c-aa4610e95b8a","order_uuid":"c2376ab6-d3d4-43b9-9b6d-a44fe1c072f2","user_uuid":"c2376ab6-d3d4-43b9-9b6d-a44fe1c072f2","build_time_sec":8}
{"level":"INFO","timestamp":"2026-04-13T01:54:08.980+0500","caller":"sarama@v1.47.0/consumer_group.go:976","message":"message received","member_id":"sarama-b905ed50-9f6a-4a86-a325-20846ccda7f5","key":"f8fe1b55-e780-4857-864c-aa4610e95b8a","partition":1,"offset":4}
{"level":"INFO","timestamp":"2026-04-13T01:54:08.982+0500","caller":"consumer/groupHandler.go:69","message":"Kafka msg received","topic":"order.assembled"}
{"level":"INFO","timestamp":"2026-04-13T01:54:08.987+0500","caller":"order_consumer/handler.go:21","message":"Processing message","topic":"order.assembled","partition":1,"offset":4,"order_uuid":"c2376ab6-d3d4-43b9-9b6d-a44fe1c072f2","event_uuid":"f8fe1b55-e780-4857-864c-aa4610e95b8a","user_uuid":"c2376ab6-d3d4-43b9-9b6d-a44fe1c072f2","build_time_sec":8}
{"level":"INFO","timestamp":"2026-04-13T01:54:09.170+0500","caller":"telegram/service.go:62","message":"Telegram message sent to chat","chat_id":886449792,"message":"🛸 **НОВОЕ СООБЩЕНИЕ О ПОСТРОЙКЕ КОСМИЧЕСКОГО КОРАБЛЯ!**\n\n🆔 **ID:** f8fe1b55-e780-4857-864c-aa4610e95b8a\n📍 **Номер заказа:** c2376ab6-d3d4-43b9-9b6d-a44fe1c072f2\n📝 **Пользователь:** c2376ab6-d3d4-43b9-9b6d-a44fe1c072f2\n🕐 **Время сборки:** 8"}
