{"level":"INFO","timestamp":"2026-04-12T17:17:41.152+0500","caller":"app/app.go:91","message":"🚀 Order Kafka consumer running"}
{"level":"INFO","timestamp":"2026-04-12T17:17:41.164+0500","caller":"order_consumer/consumer.go:30","message":"Starting order consumer service"}
{"level":"INFO","timestamp":"2026-04-12T19:42:36.722+0500","caller":"app/app.go:173","message":"🗄️ Database initialized and migrations applied"}
{"level":"INFO","timestamp":"2026-04-12T19:42:36.746+0500","caller":"app/app.go:36","message":"🚀 HTTP OrderService server listening on localhost:8080"}
{"level":"INFO","timestamp":"2026-04-12T19:42:36.746+0500","caller":"app/app.go:47","message":"🚀 Order Kafka consumer running"}
{"level":"INFO","timestamp":"2026-04-12T19:42:36.750+0500","caller":"order_consumer/consumer.go:31","message":"Starting order consumer service"}
{"level":"INFO","timestamp":"2026-04-12T19:42:57.879+0500","caller":"app/app.go:173","message":"🗄️ Database initialized and migrations applied"}
{"level":"INFO","timestamp":"2026-04-12T19:42:57.882+0500","caller":"app/app.go:36","message":"🚀 HTTP OrderService server listening on localhost:8080"}
{"level":"INFO","timestamp":"2026-04-12T19:42:57.882+0500","caller":"app/app.go:47","message":"🚀 Order Kafka consumer running"}
{"level":"ERROR","timestamp":"2026-04-12T19:42:57.883+0500","caller":"app/app.go:82","message":"Component crashed, shutting down","error":"http server crashed: listen tcp 127.0.0.1:8080: bind: address already in use","errorVerbose":"http server crashed: listen tcp 127.0.0.1:8080: bind: address already in use\ngithub.com/mbakhodurov/homeworks/week5/order/internal/app.(*App).Run.func2\n\t/home/mbakhodurov/gomodules/homeworks/week5/order/internal/app/app.go:73\nruntime.goexit\n\t/usr/local/go/src/runtime/asm_amd64.s:1693"}
{"level":"ERROR","timestamp":"2026-04-12T19:42:57.883+0500","caller":"cmd/main.go:41","message":"❌ Ошибка при работе приложения","error":"http server crashed: listen tcp 127.0.0.1:8080: bind: address already in use","errorVerbose":"http server crashed: listen tcp 127.0.0.1:8080: bind: address already in use\ngithub.com/mbakhodurov/homeworks/week5/order/internal/app.(*App).Run.func2\n\t/home/mbakhodurov/gomodules/homeworks/week5/order/internal/app/app.go:73\nruntime.goexit\n\t/usr/local/go/src/runtime/asm_amd64.s:1693"}
{"level":"INFO","timestamp":"2026-04-12T19:42:57.883+0500","caller":"sync/once.go:78","message":"🚦 Начинаем процесс graceful shutdown..."}
{"level":"INFO","timestamp":"2026-04-12T19:42:57.883+0500","caller":"closer/closer.go:171","message":"🧩 Закрываем Payment gRPC connection..."}
{"level":"INFO","timestamp":"2026-04-12T19:42:57.883+0500","caller":"closer/closer.go:171","message":"🧩 Закрываем PostgresSQL connection..."}
{"level":"INFO","timestamp":"2026-04-12T19:42:57.883+0500","caller":"closer/closer.go:171","message":"🧩 Закрываем Inventory gRPC connection..."}
{"level":"INFO","timestamp":"2026-04-12T19:42:57.883+0500","caller":"closer/closer.go:171","message":"✅ PostgresSQL connection успешно закрыт за 141.153µs"}
{"level":"INFO","timestamp":"2026-04-12T19:42:57.883+0500","caller":"closer/closer.go:171","message":"✅ Inventory gRPC connection успешно закрыт за 143.88µs"}
{"level":"INFO","timestamp":"2026-04-12T19:42:57.883+0500","caller":"closer/closer.go:171","message":"✅ Payment gRPC connection успешно закрыт за 277.808µs"}
{"level":"INFO","timestamp":"2026-04-12T19:42:57.883+0500","caller":"closer/closer.go:171","message":"🧩 Закрываем HTTP server..."}
{"level":"INFO","timestamp":"2026-04-12T19:42:57.883+0500","caller":"closer/closer.go:171","message":"🧩 Закрываем Kafka sync producer..."}
{"level":"INFO","timestamp":"2026-04-12T19:42:57.884+0500","caller":"closer/closer.go:171","message":"✅ Kafka sync producer успешно закрыт за 810.73µs"}
{"level":"INFO","timestamp":"2026-04-12T19:42:57.884+0500","caller":"closer/closer.go:171","message":"✅ HTTP server успешно закрыт за 650.399µs"}
{"level":"INFO","timestamp":"2026-04-12T19:42:57.884+0500","caller":"sync/once.go:78","message":"✅ Все ресурсы успешно закрыты"}
{"level":"INFO","timestamp":"2026-04-12T19:49:43.647+0500","caller":"order_producer/producer.go:28","message":"Message sent","topic":"order.paid","partition":2,"offset":0,"key":"27f223be-f0c8-44fe-bc9b-976884c8cfee","value":"\n$af9e0edb-4684-4265-81b3-5060f7302990\u0012$27f223be-f0c8-44fe-bc9b-976884c8cfee\u001a$27f223be-f0c8-44fe-bc9b-976884c8cfee\"\u000einvestor-money*$8480fe3f-d28e-4883-9b69-5e0f5abbadb2"}
{"level":"INFO","timestamp":"2026-04-12T19:49:46.676+0500","caller":"sarama@v1.47.0/consumer_group.go:976","message":"message received","member_id":"sarama-9e9bf735-d98d-41dc-a560-b738abdff84d","key":"af9e0edb-4684-4265-81b3-5060f7302990","partition":0,"offset":0}
{"level":"INFO","timestamp":"2026-04-12T19:49:46.677+0500","caller":"consumer/groupHandler.go:69","message":"Kafka msg received","topic":"order.assembled"}
{"level":"INFO","timestamp":"2026-04-12T19:49:46.677+0500","caller":"order_consumer/handler.go:21","message":"Processing message","topic":"order.assembled","partition":0,"offset":0,"order_uuid":"27f223be-f0c8-44fe-bc9b-976884c8cfee","event_uuid":"af9e0edb-4684-4265-81b3-5060f7302990","user_uuid":"27f223be-f0c8-44fe-bc9b-976884c8cfee","build_time_sec":3}
{"level":"INFO","timestamp":"2026-04-12T19:51:36.580+0500","caller":"app/app.go:80","message":"Shutdown signal received"}
{"level":"INFO","timestamp":"2026-04-12T19:51:36.580+0500","caller":"sync/once.go:78","message":"🚦 Начинаем процесс graceful shutdown..."}
{"level":"INFO","timestamp":"2026-04-12T19:51:36.580+0500","caller":"sarama@v1.47.0/consumer_group.go:976","message":"Kafka session context done"}
{"level":"INFO","timestamp":"2026-04-12T19:51:36.580+0500","caller":"runtime/asm_amd64.s:1693","message":"🛑 Получен системный сигнал, начинаем graceful shutdown..."}
{"level":"INFO","timestamp":"2026-04-12T19:51:36.580+0500","caller":"closer/closer.go:171","message":"🧩 Закрываем Kafka sync producer..."}
{"level":"INFO","timestamp":"2026-04-12T19:51:36.580+0500","caller":"closer/closer.go:171","message":"🧩 Закрываем Inventory gRPC connection..."}
{"level":"INFO","timestamp":"2026-04-12T19:51:36.580+0500","caller":"closer/closer.go:171","message":"🧩 Закрываем Payment gRPC connection..."}
{"level":"INFO","timestamp":"2026-04-12T19:51:36.581+0500","caller":"closer/closer.go:171","message":"✅ Inventory gRPC connection успешно закрыт за 405.941µs"}
{"level":"INFO","timestamp":"2026-04-12T19:51:36.581+0500","caller":"closer/closer.go:171","message":"✅ Kafka sync producer успешно закрыт за 337.076µs"}
{"level":"INFO","timestamp":"2026-04-12T19:51:36.581+0500","caller":"closer/closer.go:171","message":"🧩 Закрываем Kafka consumer group..."}
{"level":"INFO","timestamp":"2026-04-12T19:51:36.581+0500","caller":"closer/closer.go:171","message":"🧩 Закрываем HTTP server..."}
{"level":"INFO","timestamp":"2026-04-12T19:51:36.581+0500","caller":"closer/closer.go:171","message":"🧩 Закрываем PostgresSQL connection..."}
{"level":"INFO","timestamp":"2026-04-12T19:51:36.581+0500","caller":"closer/closer.go:171","message":"✅ PostgresSQL connection успешно закрыт за 807.37µs"}
{"level":"INFO","timestamp":"2026-04-12T19:51:36.581+0500","caller":"closer/closer.go:171","message":"✅ HTTP server успешно закрыт за 842.089µs"}
{"level":"INFO","timestamp":"2026-04-12T19:51:36.581+0500","caller":"closer/closer.go:171","message":"✅ Payment gRPC connection успешно закрыт за 1.052569ms"}
{"level":"ERROR","timestamp":"2026-04-12T19:51:37.019+0500","caller":"order_consumer/consumer.go:33","message":"Consume from order.assembled topic error","error":"context canceled"}
{"level":"INFO","timestamp":"2026-04-12T19:51:37.024+0500","caller":"closer/closer.go:171","message":"✅ Kafka consumer group успешно закрыт за 443.990793ms"}
{"level":"INFO","timestamp":"2026-04-12T19:51:37.024+0500","caller":"sync/once.go:78","message":"✅ Все ресурсы успешно закрыты"}
{"level":"INFO","timestamp":"2026-04-12T19:51:39.175+0500","caller":"app/app.go:177","message":"🗄️ Database initialized and migrations applied"}
{"level":"INFO","timestamp":"2026-04-12T19:51:39.181+0500","caller":"app/app.go:36","message":"🚀 HTTP OrderService server listening on localhost:8080"}
{"level":"INFO","timestamp":"2026-04-12T19:51:39.181+0500","caller":"app/app.go:47","message":"🚀 Order Kafka consumer running"}
{"level":"INFO","timestamp":"2026-04-12T19:51:39.185+0500","caller":"order_consumer/consumer.go:31","message":"Starting order consumer service"}
{"level":"INFO","timestamp":"2026-04-12T19:51:51.910+0500","caller":"order_producer/producer.go:28","message":"Message sent","topic":"order.paid","partition":2,"offset":1,"key":"27f223be-f0c8-44fe-bc9b-976884c8cfee","value":"\n$67857496-4df9-460f-89ab-c5c4baf03482\u0012$27f223be-f0c8-44fe-bc9b-976884c8cfee\u001a$27f223be-f0c8-44fe-bc9b-976884c8cfee\"\u000einvestor-money*$575243c9-121b-479d-8e9c-fab23d0db43f"}
{"level":"INFO","timestamp":"2026-04-12T19:51:55.923+0500","caller":"sarama@v1.47.0/consumer_group.go:976","message":"message received","member_id":"sarama-6000e4c7-99b1-460c-91f4-739573aa737c","key":"67857496-4df9-460f-89ab-c5c4baf03482","partition":0,"offset":1}
{"level":"INFO","timestamp":"2026-04-12T19:51:55.924+0500","caller":"consumer/groupHandler.go:69","message":"Kafka msg received","topic":"order.assembled"}
{"level":"INFO","timestamp":"2026-04-12T19:51:55.924+0500","caller":"order_consumer/handler.go:21","message":"Processing message","topic":"order.assembled","partition":0,"offset":1,"order_uuid":"27f223be-f0c8-44fe-bc9b-976884c8cfee","event_uuid":"67857496-4df9-460f-89ab-c5c4baf03482","user_uuid":"27f223be-f0c8-44fe-bc9b-976884c8cfee","build_time_sec":4}
{"level":"INFO","timestamp":"2026-04-12T19:53:35.723+0500","caller":"order_producer/producer.go:28","message":"Message sent","topic":"order.paid","partition":0,"offset":0,"key":"c2376ab6-d3d4-43b9-9b6d-a44fe1c072f2","value":"\n$3b1b0c57-56c4-4297-b4c7-31571299c061\u0012$c2376ab6-d3d4-43b9-9b6d-a44fe1c072f2\u001a$c2376ab6-d3d4-43b9-9b6d-a44fe1c072f2\"\u000einvestor-money*$f64c305a-f86e-47fe-9592-ac05a5e7d95a"}
{"level":"INFO","timestamp":"2026-04-12T19:53:43.732+0500","caller":"sarama@v1.47.0/consumer_group.go:976","message":"message received","member_id":"sarama-6000e4c7-99b1-460c-91f4-739573aa737c","key":"3b1b0c57-56c4-4297-b4c7-31571299c061","partition":0,"offset":2}
{"level":"INFO","timestamp":"2026-04-12T19:53:43.732+0500","caller":"consumer/groupHandler.go:69","message":"Kafka msg received","topic":"order.assembled"}
{"level":"INFO","timestamp":"2026-04-12T19:53:43.732+0500","caller":"order_consumer/handler.go:21","message":"Processing message","topic":"order.assembled","partition":0,"offset":2,"order_uuid":"c2376ab6-d3d4-43b9-9b6d-a44fe1c072f2","event_uuid":"3b1b0c57-56c4-4297-b4c7-31571299c061","user_uuid":"c2376ab6-d3d4-43b9-9b6d-a44fe1c072f2","build_time_sec":8}
{"level":"INFO","timestamp":"2026-04-12T22:13:21.185+0500","caller":"app/app.go:92","message":"🚀 gRPC PaymentService server listening on localhost:50052"}
{"level":"INFO","timestamp":"2026-04-12T22:13:44.615+0500","caller":"app/app.go:91","message":"🚀 Order Kafka consumer running"}
{"level":"INFO","timestamp":"2026-04-12T22:13:44.629+0500","caller":"order_consumer/consumer.go:30","message":"Starting order consumer service"}
{"level":"INFO","timestamp":"2026-04-12T22:14:03.665+0500","caller":"app/app.go:91","message":"🚀 Order Kafka consumer running"}
{"level":"INFO","timestamp":"2026-04-12T22:14:03.670+0500","caller":"order_consumer/consumer.go:30","message":"Starting order consumer service"}
{"level":"INFO","timestamp":"2026-04-12T22:14:06.005+0500","caller":"sarama@v1.47.0/consumer_group.go:976","message":"Kafka session context done"}
{"level":"INFO","timestamp":"2026-04-12T22:14:06.005+0500","caller":"sarama@v1.47.0/consumer_group.go:976","message":"Kafka session context done"}
{"level":"INFO","timestamp":"2026-04-12T22:14:06.005+0500","caller":"sarama@v1.47.0/consumer_group.go:976","message":"Kafka session context done"}
{"level":"INFO","timestamp":"2026-04-12T22:14:06.509+0500","caller":"order_consumer/consumer.go:32","message":"Kafka consumer group rebalancing..."}
{"level":"INFO","timestamp":"2026-04-12T22:14:21.477+0500","caller":"app/app.go:91","message":"🚀 Order Kafka consumer running"}
{"level":"INFO","timestamp":"2026-04-12T22:14:21.484+0500","caller":"order_consumer/consumer.go:30","message":"Starting order consumer service"}
{"level":"INFO","timestamp":"2026-04-12T22:14:21.733+0500","caller":"sarama@v1.47.0/consumer_group.go:976","message":"Kafka session context done"}
{"level":"INFO","timestamp":"2026-04-12T22:14:21.733+0500","caller":"sarama@v1.47.0/consumer_group.go:976","message":"Kafka session context done"}
{"level":"INFO","timestamp":"2026-04-12T22:14:22.235+0500","caller":"sarama@v1.47.0/consumer_group.go:976","message":"Kafka session context done"}
{"level":"INFO","timestamp":"2026-04-12T22:14:22.235+0500","caller":"order_consumer/consumer.go:32","message":"Kafka consumer group rebalancing..."}
{"level":"INFO","timestamp":"2026-04-12T22:14:22.738+0500","caller":"order_consumer/consumer.go:32","message":"Kafka consumer group rebalancing..."}
{"level":"INFO","timestamp":"2026-04-12T22:14:57.162+0500","caller":"app/app.go:93","message":"🚀 gRPC InventoryService server listening on localhost:50051"}
{"level":"INFO","timestamp":"2026-04-12T22:15:19.708+0500","caller":"app/app.go:177","message":"🗄️ Database initialized and migrations applied"}
{"level":"INFO","timestamp":"2026-04-12T22:15:19.714+0500","caller":"app/app.go:36","message":"🚀 HTTP OrderService server listening on localhost:8080"}
{"level":"INFO","timestamp":"2026-04-12T22:15:19.714+0500","caller":"app/app.go:47","message":"🚀 Order Kafka consumer running"}
{"level":"INFO","timestamp":"2026-04-12T22:15:19.718+0500","caller":"order_consumer/consumer.go:31","message":"Starting order consumer service"}
{"level":"INFO","timestamp":"2026-04-12T22:24:53.616+0500","caller":"runtime/asm_amd64.s:1693","message":"🛑 Получен системный сигнал, начинаем graceful shutdown..."}
{"level":"INFO","timestamp":"2026-04-12T22:24:53.615+0500","caller":"sarama@v1.47.0/consumer_group.go:976","message":"Kafka session context done"}
{"level":"INFO","timestamp":"2026-04-12T22:24:53.615+0500","caller":"app/app.go:84","message":"Shutdown signal received"}
{"level":"INFO","timestamp":"2026-04-12T22:24:53.620+0500","caller":"sync/once.go:78","message":"🚦 Начинаем процесс graceful shutdown..."}
{"level":"INFO","timestamp":"2026-04-12T22:24:53.623+0500","caller":"closer/closer.go:171","message":"🧩 Закрываем Inventory gRPC connection..."}
{"level":"INFO","timestamp":"2026-04-12T22:24:53.623+0500","caller":"closer/closer.go:171","message":"🧩 Закрываем PostgresSQL connection..."}
{"level":"INFO","timestamp":"2026-04-12T22:24:53.624+0500","caller":"closer/closer.go:171","message":"🧩 Закрываем HTTP server..."}
{"level":"INFO","timestamp":"2026-04-12T22:24:53.624+0500","caller":"closer/closer.go:171","message":"🧩 Закрываем Payment gRPC connection..."}
{"level":"INFO","timestamp":"2026-04-12T22:24:53.623+0500","caller":"closer/closer.go:171","message":"🧩 Закрываем Kafka sync producer..."}
{"level":"INFO","timestamp":"2026-04-12T22:24:53.623+0500","caller":"closer/closer.go:171","message":"🧩 Закрываем Kafka consumer group..."}
{"level":"INFO","timestamp":"2026-04-12T22:24:53.626+0500","caller":"closer/closer.go:171","message":"✅ Kafka sync producer успешно закрыт за 2.16116ms"}
{"level":"INFO","timestamp":"2026-04-12T22:24:53.626+0500","caller":"closer/closer.go:171","message":"✅ PostgresSQL connection успешно закрыт за 2.410594ms"}
{"level":"INFO","timestamp":"2026-04-12T22:24:53.627+0500","caller":"closer/closer.go:171","message":"✅ HTTP server успешно закрыт за 3.577349ms"}
{"level":"INFO","timestamp":"2026-04-12T22:24:53.628+0500","caller":"closer/closer.go:171","message":"✅ Payment gRPC connection успешно закрыт за 4.60234ms"}
{"level":"INFO","timestamp":"2026-04-12T22:24:53.628+0500","caller":"closer/closer.go:171","message":"✅ Inventory gRPC connection успешно закрыт за 4.552866ms"}
{"level":"ERROR","timestamp":"2026-04-12T22:24:53.752+0500","caller":"order_consumer/consumer.go:33","message":"Consume from order.assembled topic error","error":"context canceled"}
{"level":"INFO","timestamp":"2026-04-12T22:24:53.766+0500","caller":"closer/closer.go:171","message":"✅ Kafka consumer group успешно закрыт за 142.717466ms"}
{"level":"INFO","timestamp":"2026-04-12T22:24:53.766+0500","caller":"sync/once.go:78","message":"✅ Все ресурсы успешно закрыты"}
{"level":"INFO","timestamp":"2026-04-12T22:24:56.107+0500","caller":"app/app.go:192","message":"🗄️ Database initialized and migrations applied"}
{"level":"INFO","timestamp":"2026-04-12T22:24:56.110+0500","caller":"app/app.go:36","message":"🚀 HTTP OrderService server listening on localhost:8080"}
{"level":"INFO","timestamp":"2026-04-12T22:24:56.110+0500","caller":"app/app.go:47","message":"🚀 Order Kafka consumer running"}
{"level":"INFO","timestamp":"2026-04-12T22:24:56.112+0500","caller":"order_consumer/consumer.go:31","message":"Starting order consumer service"}
{"level":"INFO","timestamp":"2026-04-12T22:24:56.113+0500","caller":"order_consumer/consumer.go:31","message":"Starting order consumer service"}
{"level":"INFO","timestamp":"2026-04-12T22:24:56.113+0500","caller":"order_consumer/consumer.go:31","message":"Starting order consumer service"}
{"level":"INFO","timestamp":"2026-04-12T22:25:15.215+0500","caller":"app/app.go:99","message":"Shutdown signal received"}
{"level":"INFO","timestamp":"2026-04-12T22:25:15.216+0500","caller":"sync/once.go:78","message":"🚦 Начинаем процесс graceful shutdown..."}
{"level":"INFO","timestamp":"2026-04-12T22:25:15.215+0500","caller":"runtime/asm_amd64.s:1693","message":"🛑 Получен системный сигнал, начинаем graceful shutdown..."}
{"level":"ERROR","timestamp":"2026-04-12T22:25:15.215+0500","caller":"order_consumer/consumer.go:33","message":"Consume from order.assembled topic error","error":"context canceled"}
{"level":"INFO","timestamp":"2026-04-12T22:25:15.216+0500","caller":"closer/closer.go:171","message":"🧩 Закрываем Kafka consumer group..."}
{"level":"INFO","timestamp":"2026-04-12T22:25:15.216+0500","caller":"sarama@v1.47.0/consumer_group.go:976","message":"Kafka session context done"}
{"level":"ERROR","timestamp":"2026-04-12T22:25:15.216+0500","caller":"order_consumer/consumer.go:33","message":"Consume from order.assembled topic error","error":"context canceled"}
{"level":"INFO","timestamp":"2026-04-12T22:25:15.216+0500","caller":"closer/closer.go:171","message":"🧩 Закрываем Kafka sync producer..."}
{"level":"INFO","timestamp":"2026-04-12T22:25:15.216+0500","caller":"closer/closer.go:171","message":"🧩 Закрываем Kafka consumer group..."}
{"level":"INFO","timestamp":"2026-04-12T22:25:15.216+0500","caller":"closer/closer.go:171","message":"🧩 Закрываем HTTP server..."}
{"level":"INFO","timestamp":"2026-04-12T22:25:15.216+0500","caller":"closer/closer.go:171","message":"🧩 Закрываем Kafka consumer group..."}
{"level":"INFO","timestamp":"2026-04-12T22:25:15.216+0500","caller":"closer/closer.go:171","message":"🧩 Закрываем Payment gRPC connection..."}
{"level":"INFO","timestamp":"2026-04-12T22:25:15.216+0500","caller":"closer/closer.go:171","message":"✅ Kafka sync producer успешно закрыт за 268.579µs"}
{"level":"INFO","timestamp":"2026-04-12T22:25:15.216+0500","caller":"closer/closer.go:171","message":"✅ HTTP server успешно закрыт за 296.602µs"}
{"level":"INFO","timestamp":"2026-04-12T22:25:15.217+0500","caller":"closer/closer.go:171","message":"🧩 Закрываем Inventory gRPC connection..."}
{"level":"INFO","timestamp":"2026-04-12T22:25:15.217+0500","caller":"closer/closer.go:171","message":"🧩 Закрываем PostgresSQL connection..."}
{"level":"INFO","timestamp":"2026-04-12T22:25:15.218+0500","caller":"closer/closer.go:171","message":"✅ Inventory gRPC connection успешно закрыт за 1.350254ms"}
{"level":"INFO","timestamp":"2026-04-12T22:25:15.218+0500","caller":"closer/closer.go:171","message":"✅ PostgresSQL connection успешно закрыт за 2.015054ms"}
{"level":"INFO","timestamp":"2026-04-12T22:25:15.218+0500","caller":"closer/closer.go:171","message":"✅ Payment gRPC connection успешно закрыт за 1.877731ms"}
{"level":"INFO","timestamp":"2026-04-12T22:25:15.220+0500","caller":"closer/closer.go:171","message":"✅ Kafka consumer group успешно закрыт за 4.303752ms"}
{"level":"INFO","timestamp":"2026-04-12T22:25:15.220+0500","caller":"closer/closer.go:171","message":"✅ Kafka consumer group успешно закрыт за 4.32152ms"}
{"level":"INFO","timestamp":"2026-04-12T22:25:15.221+0500","caller":"closer/closer.go:171","message":"✅ Kafka consumer group успешно закрыт за 4.331924ms"}
{"level":"INFO","timestamp":"2026-04-12T22:25:15.221+0500","caller":"sync/once.go:78","message":"✅ Все ресурсы успешно закрыты"}
{"level":"INFO","timestamp":"2026-04-12T22:26:22.139+0500","caller":"app/app.go:180","message":"🗄️ Database initialized and migrations applied"}
{"level":"INFO","timestamp":"2026-04-12T22:26:22.142+0500","caller":"app/app.go:36","message":"🚀 HTTP OrderService server listening on localhost:8080"}
{"level":"INFO","timestamp":"2026-04-12T22:26:22.142+0500","caller":"app/app.go:47","message":"🚀 Order Kafka consumer running"}
{"level":"INFO","timestamp":"2026-04-12T22:26:22.144+0500","caller":"order_consumer/consumer.go:31","message":"Starting order consumer service"}
{"level":"INFO","timestamp":"2026-04-12T22:27:03.637+0500","caller":"runtime/asm_amd64.s:1693","message":"🛑 Получен системный сигнал, начинаем graceful shutdown..."}
{"level":"INFO","timestamp":"2026-04-12T22:27:03.637+0500","caller":"app/app.go:87","message":"Shutdown signal received"}
{"level":"INFO","timestamp":"2026-04-12T22:27:03.637+0500","caller":"sarama@v1.47.0/consumer_group.go:976","message":"Kafka session context done"}
{"level":"INFO","timestamp":"2026-04-12T22:27:03.637+0500","caller":"sync/once.go:78","message":"🚦 Начинаем процесс graceful shutdown..."}
{"level":"INFO","timestamp":"2026-04-12T22:27:03.638+0500","caller":"closer/closer.go:171","message":"🧩 Закрываем Kafka sync producer..."}
{"level":"INFO","timestamp":"2026-04-12T22:27:03.638+0500","caller":"closer/closer.go:171","message":"🧩 Закрываем HTTP server..."}
{"level":"INFO","timestamp":"2026-04-12T22:27:03.638+0500","caller":"closer/closer.go:171","message":"🧩 Закрываем PostgresSQL connection..."}
{"level":"INFO","timestamp":"2026-04-12T22:27:03.638+0500","caller":"closer/closer.go:171","message":"🧩 Закрываем Payment gRPC connection..."}
{"level":"INFO","timestamp":"2026-04-12T22:27:03.638+0500","caller":"closer/closer.go:171","message":"🧩 Закрываем Kafka consumer group..."}
{"level":"INFO","timestamp":"2026-04-12T22:27:03.638+0500","caller":"closer/closer.go:171","message":"✅ Kafka sync producer успешно закрыт за 320.004µs"}
{"level":"INFO","timestamp":"2026-04-12T22:27:03.638+0500","caller":"closer/closer.go:171","message":"✅ PostgresSQL connection успешно закрыт за 318.545µs"}
{"level":"INFO","timestamp":"2026-04-12T22:27:03.638+0500","caller":"closer/closer.go:171","message":"✅ HTTP server успешно закрыт за 279.212µs"}
{"level":"INFO","timestamp":"2026-04-12T22:27:03.638+0500","caller":"closer/closer.go:171","message":"✅ Payment gRPC connection успешно закрыт за 444.451µs"}
{"level":"INFO","timestamp":"2026-04-12T22:27:03.638+0500","caller":"closer/closer.go:171","message":"🧩 Закрываем Inventory gRPC connection..."}
{"level":"INFO","timestamp":"2026-04-12T22:27:03.639+0500","caller":"closer/closer.go:171","message":"✅ Inventory gRPC connection успешно закрыт за 699.37µs"}
{"level":"ERROR","timestamp":"2026-04-12T22:27:03.916+0500","caller":"order_consumer/consumer.go:33","message":"Consume from order.assembled topic error","error":"context canceled"}
{"level":"INFO","timestamp":"2026-04-12T22:27:03.917+0500","caller":"closer/closer.go:171","message":"✅ Kafka consumer group успешно закрыт за 279.251968ms"}
{"level":"INFO","timestamp":"2026-04-12T22:27:03.917+0500","caller":"sync/once.go:78","message":"✅ Все ресурсы успешно закрыты"}
{"level":"INFO","timestamp":"2026-04-12T22:27:16.245+0500","caller":"app/app.go:179","message":"🗄️ Database initialized and migrations applied"}
{"level":"INFO","timestamp":"2026-04-12T22:27:16.247+0500","caller":"app/app.go:36","message":"🚀 HTTP OrderService server listening on localhost:8080"}
{"level":"INFO","timestamp":"2026-04-12T22:27:16.247+0500","caller":"app/app.go:47","message":"🚀 Order Kafka consumer running"}
{"level":"INFO","timestamp":"2026-04-12T22:27:16.247+0500","caller":"app/app.go:47","message":"🚀 Order Kafka consumer running"}
{"level":"INFO","timestamp":"2026-04-12T22:27:16.248+0500","caller":"order_consumer/consumer.go:31","message":"Starting order consumer service"}
{"level":"INFO","timestamp":"2026-04-12T22:27:16.248+0500","caller":"order_consumer/consumer.go:31","message":"Starting order consumer service"}
{"level":"INFO","timestamp":"2026-04-12T22:28:32.280+0500","caller":"sarama@v1.47.0/consumer_group.go:976","message":"Kafka session context done"}
{"level":"INFO","timestamp":"2026-04-12T22:28:32.782+0500","caller":"order_consumer/consumer.go:32","message":"Kafka consumer group rebalancing..."}
{"level":"INFO","timestamp":"2026-04-12T22:45:07.398+0500","caller":"app/app.go:173","message":"🗄️ Database initialized and migrations applied"}
{"level":"INFO","timestamp":"2026-04-12T22:45:07.405+0500","caller":"app/app.go:36","message":"🚀 HTTP OrderService server listening on localhost:8080"}
{"level":"INFO","timestamp":"2026-04-12T22:45:07.405+0500","caller":"app/app.go:47","message":"🚀 Order Kafka consumer running"}
{"level":"INFO","timestamp":"2026-04-12T22:45:07.407+0500","caller":"order_consumer/consumer.go:31","message":"Starting order consumer service"}
{"level":"INFO","timestamp":"2026-04-12T22:45:29.001+0500","caller":"app/app.go:173","message":"🗄️ Database initialized and migrations applied"}
{"level":"INFO","timestamp":"2026-04-12T22:45:29.003+0500","caller":"app/app.go:47","message":"🚀 Order Kafka consumer running"}
{"level":"INFO","timestamp":"2026-04-12T22:45:29.004+0500","caller":"order_consumer/consumer.go:31","message":"Starting order consumer service"}
{"level":"INFO","timestamp":"2026-04-12T22:45:31.635+0500","caller":"sarama@v1.47.0/consumer_group.go:976","message":"Kafka session context done"}
{"level":"INFO","timestamp":"2026-04-12T22:45:31.635+0500","caller":"sarama@v1.47.0/consumer_group.go:976","message":"Kafka session context done"}
{"level":"INFO","timestamp":"2026-04-12T22:45:32.137+0500","caller":"order_consumer/consumer.go:32","message":"Kafka consumer group rebalancing..."}
{"level":"INFO","timestamp":"2026-04-12T22:46:00.265+0500","caller":"payment/payment.go:14","message":"payment succeeded","transaction_uuid":"2dc78114-a431-44e5-bc2c-1f12715ee578","order_uuid":"c2376ab6-d3d4-43b9-9b6d-a44fe1c072f2","user_uuid":"c2376ab6-d3d4-43b9-9b6d-a44fe1c072f2","payment_method":4}
{"level":"INFO","timestamp":"2026-04-12T22:46:00.303+0500","caller":"order_producer/producer.go:28","message":"Message sent","topic":"order.paid","partition":0,"offset":0,"key":"c2376ab6-d3d4-43b9-9b6d-a44fe1c072f2","value":"\n$4e8e3916-da42-49f2-b71f-868a886bcf01\u0012$c2376ab6-d3d4-43b9-9b6d-a44fe1c072f2\u001a$c2376ab6-d3d4-43b9-9b6d-a44fe1c072f2\"\u000einvestor-money*$2dc78114-a431-44e5-bc2c-1f12715ee578"}
{"level":"INFO","timestamp":"2026-04-12T22:46:00.314+0500","caller":"sarama@v1.47.0/consumer_group.go:976","message":"message received","member_id":"sarama-8ffc3a53-d10b-430a-8013-aabb3a31b8ab","key":"c2376ab6-d3d4-43b9-9b6d-a44fe1c072f2","partition":0,"offset":0}
{"level":"INFO","timestamp":"2026-04-12T22:46:00.317+0500","caller":"consumer/groupHandler.go:69","message":"Kafka msg received","topic":"order.paid"}
{"level":"INFO","timestamp":"2026-04-12T22:46:00.319+0500","caller":"order_consumer/handler.go:21","message":"Processing message","topic":"order.paid","partition":0,"offset":0,"order_uuid":"c2376ab6-d3d4-43b9-9b6d-a44fe1c072f2","event_uuid":"4e8e3916-da42-49f2-b71f-868a886bcf01","payment_method":"investor-money","transaction_uuid":"2dc78114-a431-44e5-bc2c-1f12715ee578"}
{"level":"INFO","timestamp":"2026-04-12T22:46:07.326+0500","caller":"order_producer/producer.go:42","message":"Message sent","topic":"order.assembled","partition":1,"offset":0,"key":"4e8e3916-da42-49f2-b71f-868a886bcf01","value":"\n$4e8e3916-da42-49f2-b71f-868a886bcf01\u0012$c2376ab6-d3d4-43b9-9b6d-a44fe1c072f2\u001a$c2376ab6-d3d4-43b9-9b6d-a44fe1c072f2 \u0007"}
{"level":"INFO","timestamp":"2026-04-12T22:46:07.327+0500","caller":"sarama@v1.47.0/consumer_group.go:976","message":"message received","member_id":"sarama-49b72400-8442-4b98-9ee7-749eeb150c14","key":"4e8e3916-da42-49f2-b71f-868a886bcf01","partition":1,"offset":0}
{"level":"INFO","timestamp":"2026-04-12T22:46:07.327+0500","caller":"consumer/groupHandler.go:69","message":"Kafka msg received","topic":"order.assembled"}
{"level":"INFO","timestamp":"2026-04-12T22:46:07.328+0500","caller":"order_consumer/handler.go:21","message":"Processing message","topic":"order.assembled","partition":1,"offset":0,"order_uuid":"c2376ab6-d3d4-43b9-9b6d-a44fe1c072f2","event_uuid":"4e8e3916-da42-49f2-b71f-868a886bcf01","user_uuid":"c2376ab6-d3d4-43b9-9b6d-a44fe1c072f2","build_time_sec":7}
{"level":"INFO","timestamp":"2026-04-12T22:47:08.206+0500","caller":"payment/payment.go:14","message":"payment succeeded","transaction_uuid":"1944891c-b563-42ea-895d-8955cc98acb5","order_uuid":"27f223be-f0c8-44fe-bc9b-976884c8cfee","user_uuid":"27f223be-f0c8-44fe-bc9b-976884c8cfee","payment_method":4}
{"level":"INFO","timestamp":"2026-04-12T22:47:08.221+0500","caller":"order_producer/producer.go:28","message":"Message sent","topic":"order.paid","partition":2,"offset":0,"key":"27f223be-f0c8-44fe-bc9b-976884c8cfee","value":"\n$32a4e62f-006a-44e7-a2a4-ad9adda9cca2\u0012$27f223be-f0c8-44fe-bc9b-976884c8cfee\u001a$27f223be-f0c8-44fe-bc9b-976884c8cfee\"\u000einvestor-money*$1944891c-b563-42ea-895d-8955cc98acb5"}
{"level":"INFO","timestamp":"2026-04-12T22:47:08.222+0500","caller":"sarama@v1.47.0/consumer_group.go:976","message":"message received","member_id":"sarama-8ffc3a53-d10b-430a-8013-aabb3a31b8ab","key":"27f223be-f0c8-44fe-bc9b-976884c8cfee","partition":2,"offset":0}
{"level":"INFO","timestamp":"2026-04-12T22:47:08.222+0500","caller":"consumer/groupHandler.go:69","message":"Kafka msg received","topic":"order.paid"}
{"level":"INFO","timestamp":"2026-04-12T22:47:08.222+0500","caller":"order_consumer/handler.go:21","message":"Processing message","topic":"order.paid","partition":2,"offset":0,"order_uuid":"27f223be-f0c8-44fe-bc9b-976884c8cfee","event_uuid":"32a4e62f-006a-44e7-a2a4-ad9adda9cca2","payment_method":"investor-money","transaction_uuid":"1944891c-b563-42ea-895d-8955cc98acb5"}
{"level":"INFO","timestamp":"2026-04-12T22:47:13.233+0500","caller":"order_producer/producer.go:42","message":"Message sent","topic":"order.assembled","partition":1,"offset":1,"key":"32a4e62f-006a-44e7-a2a4-ad9adda9cca2","value":"\n$32a4e62f-006a-44e7-a2a4-ad9adda9cca2\u0012$27f223be-f0c8-44fe-bc9b-976884c8cfee\u001a$27f223be-f0c8-44fe-bc9b-976884c8cfee \u0005"}
{"level":"INFO","timestamp":"2026-04-12T22:47:13.234+0500","caller":"sarama@v1.47.0/consumer_group.go:976","message":"message received","member_id":"sarama-49b72400-8442-4b98-9ee7-749eeb150c14","key":"32a4e62f-006a-44e7-a2a4-ad9adda9cca2","partition":1,"offset":1}
{"level":"INFO","timestamp":"2026-04-12T22:47:13.234+0500","caller":"consumer/groupHandler.go:69","message":"Kafka msg received","topic":"order.assembled"}
{"level":"INFO","timestamp":"2026-04-12T22:47:13.234+0500","caller":"order_consumer/handler.go:21","message":"Processing message","topic":"order.assembled","partition":1,"offset":1,"order_uuid":"27f223be-f0c8-44fe-bc9b-976884c8cfee","event_uuid":"32a4e62f-006a-44e7-a2a4-ad9adda9cca2","user_uuid":"27f223be-f0c8-44fe-bc9b-976884c8cfee","build_time_sec":5}
{"level":"INFO","timestamp":"2026-04-12T22:47:50.975+0500","caller":"app/app.go:80","message":"Shutdown signal received"}
{"level":"INFO","timestamp":"2026-04-12T22:47:50.975+0500","caller":"sync/once.go:78","message":"🚦 Начинаем процесс graceful shutdown..."}
{"level":"INFO","timestamp":"2026-04-12T22:47:50.975+0500","caller":"sarama@v1.47.0/consumer_group.go:976","message":"Kafka session context done"}
{"level":"INFO","timestamp":"2026-04-12T22:47:50.975+0500","caller":"runtime/asm_amd64.s:1693","message":"🛑 Получен системный сигнал, начинаем graceful shutdown..."}
{"level":"INFO","timestamp":"2026-04-12T22:47:50.975+0500","caller":"closer/closer.go:171","message":"🧩 Закрываем HTTP server..."}
{"level":"INFO","timestamp":"2026-04-12T22:47:50.975+0500","caller":"closer/closer.go:171","message":"🧩 Закрываем Kafka consumer group..."}
{"level":"INFO","timestamp":"2026-04-12T22:47:50.975+0500","caller":"closer/closer.go:171","message":"🧩 Закрываем Payment gRPC connection..."}
{"level":"INFO","timestamp":"2026-04-12T22:47:50.975+0500","caller":"closer/closer.go:171","message":"🧩 Закрываем Kafka sync producer..."}
{"level":"INFO","timestamp":"2026-04-12T22:47:50.975+0500","caller":"closer/closer.go:171","message":"🧩 Закрываем Inventory gRPC connection..."}
{"level":"INFO","timestamp":"2026-04-12T22:47:50.975+0500","caller":"closer/closer.go:171","message":"🧩 Закрываем PostgresSQL connection..."}
{"level":"INFO","timestamp":"2026-04-12T22:47:50.976+0500","caller":"closer/closer.go:171","message":"✅ Kafka sync producer успешно закрыт за 355.994µs"}
{"level":"INFO","timestamp":"2026-04-12T22:47:50.976+0500","caller":"closer/closer.go:171","message":"✅ HTTP server успешно закрыт за 457.307µs"}
{"level":"INFO","timestamp":"2026-04-12T22:47:50.976+0500","caller":"closer/closer.go:171","message":"✅ Inventory gRPC connection успешно закрыт за 535.551µs"}
{"level":"INFO","timestamp":"2026-04-12T22:47:50.976+0500","caller":"closer/closer.go:171","message":"✅ PostgresSQL connection успешно закрыт за 626.484µs"}
{"level":"INFO","timestamp":"2026-04-12T22:47:50.976+0500","caller":"closer/closer.go:171","message":"✅ Payment gRPC connection успешно закрыт за 665.358µs"}
{"level":"ERROR","timestamp":"2026-04-12T22:47:51.369+0500","caller":"order_consumer/consumer.go:33","message":"Consume from order.assembled topic error","error":"context canceled"}
{"level":"INFO","timestamp":"2026-04-12T22:47:51.373+0500","caller":"closer/closer.go:171","message":"✅ Kafka consumer group успешно закрыт за 397.311628ms"}
{"level":"INFO","timestamp":"2026-04-12T22:47:51.373+0500","caller":"sync/once.go:78","message":"✅ Все ресурсы успешно закрыты"}
{"level":"INFO","timestamp":"2026-04-12T22:47:53.061+0500","caller":"app/app.go:173","message":"🗄️ Database initialized and migrations applied"}
{"level":"INFO","timestamp":"2026-04-12T22:47:53.067+0500","caller":"app/app.go:36","message":"🚀 HTTP OrderService server listening on localhost:8080"}
{"level":"INFO","timestamp":"2026-04-12T22:47:53.067+0500","caller":"app/app.go:47","message":"🚀 Order Kafka consumer running"}
{"level":"INFO","timestamp":"2026-04-12T22:47:53.072+0500","caller":"order_consumer/consumer.go:31","message":"Starting order consumer service"}
{"level":"INFO","timestamp":"2026-04-12T22:47:53.831+0500","caller":"sarama@v1.47.0/consumer_group.go:976","message":"Kafka session context done"}
{"level":"INFO","timestamp":"2026-04-12T22:47:54.332+0500","caller":"order_consumer/consumer.go:32","message":"Kafka consumer group rebalancing..."}
{"level":"INFO","timestamp":"2026-04-12T22:48:44.867+0500","caller":"payment/payment.go:14","message":"payment succeeded","transaction_uuid":"7689d688-8a63-49b3-927f-51140f149974","order_uuid":"27f223be-f0c8-44fe-bc9b-976884c8cfee","user_uuid":"27f223be-f0c8-44fe-bc9b-976884c8cfee","payment_method":4}
{"level":"INFO","timestamp":"2026-04-12T22:48:44.873+0500","caller":"order_producer/producer.go:28","message":"Message sent","topic":"order.paid","partition":2,"offset":1,"key":"27f223be-f0c8-44fe-bc9b-976884c8cfee","value":"\n$4a82b48e-965a-40c8-ab80-d216305609b7\u0012$27f223be-f0c8-44fe-bc9b-976884c8cfee\u001a$27f223be-f0c8-44fe-bc9b-976884c8cfee\"\u000einvestor-money*$7689d688-8a63-49b3-927f-51140f149974"}
{"level":"INFO","timestamp":"2026-04-12T22:48:44.874+0500","caller":"sarama@v1.47.0/consumer_group.go:976","message":"message received","member_id":"sarama-8ffc3a53-d10b-430a-8013-aabb3a31b8ab","key":"27f223be-f0c8-44fe-bc9b-976884c8cfee","partition":2,"offset":1}
{"level":"INFO","timestamp":"2026-04-12T22:48:44.874+0500","caller":"consumer/groupHandler.go:69","message":"Kafka msg received","topic":"order.paid"}
{"level":"INFO","timestamp":"2026-04-12T22:48:44.874+0500","caller":"order_consumer/handler.go:21","message":"Processing message","topic":"order.paid","partition":2,"offset":1,"order_uuid":"27f223be-f0c8-44fe-bc9b-976884c8cfee","event_uuid":"4a82b48e-965a-40c8-ab80-d216305609b7","payment_method":"investor-money","transaction_uuid":"7689d688-8a63-49b3-927f-51140f149974"}
{"level":"INFO","timestamp":"2026-04-12T22:48:48.259+0500","caller":"payment/payment.go:14","message":"payment succeeded","transaction_uuid":"ff98db4d-a909-4df5-91c9-6cc0f62f232e","order_uuid":"c2376ab6-d3d4-43b9-9b6d-a44fe1c072f2","user_uuid":"c2376ab6-d3d4-43b9-9b6d-a44fe1c072f2","payment_method":4}
{"level":"INFO","timestamp":"2026-04-12T22:48:48.262+0500","caller":"order_producer/producer.go:28","message":"Message sent","topic":"order.paid","partition":0,"offset":1,"key":"c2376ab6-d3d4-43b9-9b6d-a44fe1c072f2","value":"\n$0f436ebf-d2db-4485-bdd0-dd401cad0dc3\u0012$c2376ab6-d3d4-43b9-9b6d-a44fe1c072f2\u001a$c2376ab6-d3d4-43b9-9b6d-a44fe1c072f2\"\u000einvestor-money*$ff98db4d-a909-4df5-91c9-6cc0f62f232e"}
{"level":"INFO","timestamp":"2026-04-12T22:48:48.262+0500","caller":"sarama@v1.47.0/consumer_group.go:976","message":"message received","member_id":"sarama-8ffc3a53-d10b-430a-8013-aabb3a31b8ab","key":"c2376ab6-d3d4-43b9-9b6d-a44fe1c072f2","partition":0,"offset":1}
{"level":"INFO","timestamp":"2026-04-12T22:48:48.263+0500","caller":"consumer/groupHandler.go:69","message":"Kafka msg received","topic":"order.paid"}
{"level":"INFO","timestamp":"2026-04-12T22:48:48.263+0500","caller":"order_consumer/handler.go:21","message":"Processing message","topic":"order.paid","partition":0,"offset":1,"order_uuid":"c2376ab6-d3d4-43b9-9b6d-a44fe1c072f2","event_uuid":"0f436ebf-d2db-4485-bdd0-dd401cad0dc3","payment_method":"investor-money","transaction_uuid":"ff98db4d-a909-4df5-91c9-6cc0f62f232e"}
{"level":"INFO","timestamp":"2026-04-12T22:48:51.267+0500","caller":"order_producer/producer.go:42","message":"Message sent","topic":"order.assembled","partition":1,"offset":2,"key":"0f436ebf-d2db-4485-bdd0-dd401cad0dc3","value":"\n$0f436ebf-d2db-4485-bdd0-dd401cad0dc3\u0012$c2376ab6-d3d4-43b9-9b6d-a44fe1c072f2\u001a$c2376ab6-d3d4-43b9-9b6d-a44fe1c072f2 \u0003"}
{"level":"INFO","timestamp":"2026-04-12T22:48:51.267+0500","caller":"sarama@v1.47.0/consumer_group.go:976","message":"message received","member_id":"sarama-3a5e1e5f-1deb-461e-84bd-41f8efb2c372","key":"0f436ebf-d2db-4485-bdd0-dd401cad0dc3","partition":1,"offset":2}
{"level":"INFO","timestamp":"2026-04-12T22:48:51.267+0500","caller":"consumer/groupHandler.go:69","message":"Kafka msg received","topic":"order.assembled"}
{"level":"INFO","timestamp":"2026-04-12T22:48:51.268+0500","caller":"order_consumer/handler.go:21","message":"Processing message","topic":"order.assembled","partition":1,"offset":2,"order_uuid":"c2376ab6-d3d4-43b9-9b6d-a44fe1c072f2","event_uuid":"0f436ebf-d2db-4485-bdd0-dd401cad0dc3","user_uuid":"c2376ab6-d3d4-43b9-9b6d-a44fe1c072f2","build_time_sec":3}
{"level":"INFO","timestamp":"2026-04-12T22:48:53.879+0500","caller":"sarama@v1.47.0/consumer_group.go:976","message":"message received","member_id":"sarama-3a5e1e5f-1deb-461e-84bd-41f8efb2c372","key":"4a82b48e-965a-40c8-ab80-d216305609b7","partition":1,"offset":3}
{"level":"INFO","timestamp":"2026-04-12T22:48:53.879+0500","caller":"order_producer/producer.go:42","message":"Message sent","topic":"order.assembled","partition":1,"offset":3,"key":"4a82b48e-965a-40c8-ab80-d216305609b7","value":"\n$4a82b48e-965a-40c8-ab80-d216305609b7\u0012$27f223be-f0c8-44fe-bc9b-976884c8cfee\u001a$27f223be-f0c8-44fe-bc9b-976884c8cfee \t"}
{"level":"INFO","timestamp":"2026-04-12T22:48:53.880+0500","caller":"consumer/groupHandler.go:69","message":"Kafka msg received","topic":"order.assembled"}
{"level":"INFO","timestamp":"2026-04-12T22:48:53.880+0500","caller":"order_consumer/handler.go:21","message":"Processing message","topic":"order.assembled","partition":1,"offset":3,"order_uuid":"27f223be-f0c8-44fe-bc9b-976884c8cfee","event_uuid":"4a82b48e-965a-40c8-ab80-d216305609b7","user_uuid":"27f223be-f0c8-44fe-bc9b-976884c8cfee","build_time_sec":9}
{"level":"INFO","timestamp":"2026-04-12T22:51:07.498+0500","caller":"sarama@v1.47.0/consumer_group.go:976","message":"Kafka session context done"}
{"level":"INFO","timestamp":"2026-04-12T22:51:07.498+0500","caller":"app/app.go:80","message":"Shutdown signal received"}
{"level":"INFO","timestamp":"2026-04-12T22:51:07.498+0500","caller":"runtime/asm_amd64.s:1693","message":"🛑 Получен системный сигнал, начинаем graceful shutdown..."}
{"level":"INFO","timestamp":"2026-04-12T22:51:07.498+0500","caller":"sync/once.go:78","message":"🚦 Начинаем процесс graceful shutdown..."}
{"level":"INFO","timestamp":"2026-04-12T22:51:07.499+0500","caller":"closer/closer.go:171","message":"🧩 Закрываем HTTP server..."}
{"level":"INFO","timestamp":"2026-04-12T22:51:07.499+0500","caller":"closer/closer.go:171","message":"🧩 Закрываем Payment gRPC connection..."}
{"level":"INFO","timestamp":"2026-04-12T22:51:07.499+0500","caller":"closer/closer.go:171","message":"🧩 Закрываем Kafka consumer group..."}
{"level":"INFO","timestamp":"2026-04-12T22:51:07.499+0500","caller":"closer/closer.go:171","message":"🧩 Закрываем Kafka sync producer..."}
{"level":"INFO","timestamp":"2026-04-12T22:51:07.499+0500","caller":"closer/closer.go:171","message":"🧩 Закрываем Inventory gRPC connection..."}
{"level":"INFO","timestamp":"2026-04-12T22:51:07.499+0500","caller":"closer/closer.go:171","message":"✅ HTTP server успешно закрыт за 355.948µs"}
{"level":"INFO","timestamp":"2026-04-12T22:51:07.499+0500","caller":"closer/closer.go:171","message":"🧩 Закрываем PostgresSQL connection..."}
{"level":"INFO","timestamp":"2026-04-12T22:51:07.499+0500","caller":"closer/closer.go:171","message":"✅ Kafka sync producer успешно закрыт за 363.168µs"}
{"level":"INFO","timestamp":"2026-04-12T22:51:07.499+0500","caller":"closer/closer.go:171","message":"✅ Inventory gRPC connection успешно закрыт за 470.918µs"}
{"level":"INFO","timestamp":"2026-04-12T22:51:07.499+0500","caller":"closer/closer.go:171","message":"✅ PostgresSQL connection успешно закрыт за 569.919µs"}
{"level":"INFO","timestamp":"2026-04-12T22:51:07.499+0500","caller":"closer/closer.go:171","message":"✅ Payment gRPC connection успешно закрыт за 639.624µs"}
{"level":"ERROR","timestamp":"2026-04-12T22:51:07.913+0500","caller":"order_consumer/consumer.go:33","message":"Consume from order.assembled topic error","error":"context canceled"}
{"level":"INFO","timestamp":"2026-04-12T22:51:07.914+0500","caller":"closer/closer.go:171","message":"✅ Kafka consumer group успешно закрыт за 414.903405ms"}
{"level":"INFO","timestamp":"2026-04-12T22:51:07.914+0500","caller":"sync/once.go:78","message":"✅ Все ресурсы успешно закрыты"}
{"level":"INFO","timestamp":"2026-04-12T22:51:09.725+0500","caller":"sarama@v1.47.0/consumer_group.go:976","message":"Kafka session context done"}
{"level":"INFO","timestamp":"2026-04-12T22:51:10.225+0500","caller":"order_consumer/consumer.go:32","message":"Kafka consumer group rebalancing..."}
{"level":"INFO","timestamp":"2026-04-12T22:51:49.705+0500","caller":"runtime/asm_amd64.s:1693","message":"🛑 Получен системный сигнал, начинаем graceful shutdown..."}
{"level":"INFO","timestamp":"2026-04-12T22:51:49.705+0500","caller":"app/app.go:80","message":"Shutdown signal received"}
{"level":"INFO","timestamp":"2026-04-12T22:51:49.705+0500","caller":"sarama@v1.47.0/consumer_group.go:976","message":"Kafka session context done"}
{"level":"INFO","timestamp":"2026-04-12T22:51:49.705+0500","caller":"sarama@v1.47.0/consumer_group.go:976","message":"Kafka session context done"}
{"level":"INFO","timestamp":"2026-04-12T22:51:49.705+0500","caller":"sync/once.go:78","message":"🚦 Начинаем процесс graceful shutdown..."}
{"level":"INFO","timestamp":"2026-04-12T22:51:49.705+0500","caller":"closer/closer.go:171","message":"🧩 Закрываем HTTP server..."}
{"level":"INFO","timestamp":"2026-04-12T22:51:49.705+0500","caller":"closer/closer.go:171","message":"🧩 Закрываем Kafka consumer group..."}
{"level":"INFO","timestamp":"2026-04-12T22:51:49.705+0500","caller":"closer/closer.go:171","message":"🧩 Закрываем Inventory gRPC connection..."}
{"level":"INFO","timestamp":"2026-04-12T22:51:49.705+0500","caller":"closer/closer.go:171","message":"✅ HTTP server успешно закрыт за 123.878µs"}
{"level":"INFO","timestamp":"2026-04-12T22:51:49.705+0500","caller":"closer/closer.go:171","message":"🧩 Закрываем PostgresSQL connection..."}
{"level":"INFO","timestamp":"2026-04-12T22:51:49.705+0500","caller":"closer/closer.go:171","message":"🧩 Закрываем Kafka sync producer..."}
{"level":"INFO","timestamp":"2026-04-12T22:51:49.705+0500","caller":"closer/closer.go:171","message":"✅ Inventory gRPC connection успешно закрыт за 283.646µs"}
{"level":"INFO","timestamp":"2026-04-12T22:51:49.705+0500","caller":"closer/closer.go:171","message":"🧩 Закрываем Payment gRPC connection..."}
{"level":"INFO","timestamp":"2026-04-12T22:51:49.705+0500","caller":"closer/closer.go:171","message":"✅ Kafka sync producer успешно закрыт за 256.042µs"}
{"level":"INFO","timestamp":"2026-04-12T22:51:49.706+0500","caller":"closer/closer.go:171","message":"✅ Payment gRPC connection успешно закрыт за 456.436µs"}
{"level":"INFO","timestamp":"2026-04-12T22:51:49.706+0500","caller":"closer/closer.go:171","message":"✅ PostgresSQL connection успешно закрыт за 573.293µs"}
{"level":"ERROR","timestamp":"2026-04-12T22:51:49.983+0500","caller":"order_consumer/consumer.go:33","message":"Consume from order.assembled topic error","error":"context canceled"}
{"level":"INFO","timestamp":"2026-04-12T22:51:49.987+0500","caller":"closer/closer.go:171","message":"✅ Kafka consumer group успешно закрыт за 281.988385ms"}
{"level":"INFO","timestamp":"2026-04-12T22:51:49.987+0500","caller":"sync/once.go:78","message":"✅ Все ресурсы успешно закрыты"}
{"level":"INFO","timestamp":"2026-04-12T22:52:47.935+0500","caller":"app/app.go:173","message":"🗄️ Database initialized and migrations applied"}
{"level":"INFO","timestamp":"2026-04-12T22:52:47.937+0500","caller":"app/app.go:36","message":"🚀 HTTP OrderService server listening on localhost:8080"}
{"level":"INFO","timestamp":"2026-04-12T22:52:47.937+0500","caller":"app/app.go:47","message":"🚀 Order Kafka consumer running"}
{"level":"INFO","timestamp":"2026-04-12T22:52:47.939+0500","caller":"order_consumer/consumer.go:31","message":"Starting order consumer service"}
{"level":"INFO","timestamp":"2026-04-12T22:52:47.944+0500","caller":"sarama@v1.47.0/consumer_group.go:869","message":"New session","member_id":"sarama-b6269db3-51ff-4776-a2e7-422ed82bf15a","claims":{"order.assembled":[0,1]}}
{"level":"INFO","timestamp":"2026-04-12T22:52:55.254+0500","caller":"app/app.go:173","message":"🗄️ Database initialized and migrations applied"}
{"level":"INFO","timestamp":"2026-04-12T22:52:55.256+0500","caller":"app/app.go:36","message":"🚀 HTTP OrderService server listening on localhost:8080"}
{"level":"INFO","timestamp":"2026-04-12T22:52:55.256+0500","caller":"app/app.go:47","message":"🚀 Order Kafka consumer running"}
{"level":"ERROR","timestamp":"2026-04-12T22:52:55.256+0500","caller":"app/app.go:82","message":"Component crashed, shutting down","error":"http server crashed: listen tcp 127.0.0.1:8080: bind: address already in use","errorVerbose":"http server crashed: listen tcp 127.0.0.1:8080: bind: address already in use\ngithub.com/mbakhodurov/homeworks/week5/order/internal/app.(*App).Run.func2\n\t/home/mbakhodurov/gomodules/homeworks/week5/order/internal/app/app.go:73\nruntime.goexit\n\t/usr/local/go/src/runtime/asm_amd64.s:1693"}
{"level":"ERROR","timestamp":"2026-04-12T22:52:55.256+0500","caller":"cmd/main.go:41","message":"❌ Ошибка при работе приложения","error":"http server crashed: listen tcp 127.0.0.1:8080: bind: address already in use","errorVerbose":"http server crashed: listen tcp 127.0.0.1:8080: bind: address already in use\ngithub.com/mbakhodurov/homeworks/week5/order/internal/app.(*App).Run.func2\n\t/home/mbakhodurov/gomodules/homeworks/week5/order/internal/app/app.go:73\nruntime.goexit\n\t/usr/local/go/src/runtime/asm_amd64.s:1693"}
{"level":"INFO","timestamp":"2026-04-12T22:52:55.257+0500","caller":"sync/once.go:78","message":"🚦 Начинаем процесс graceful shutdown..."}
{"level":"INFO","timestamp":"2026-04-12T22:52:55.257+0500","caller":"closer/closer.go:171","message":"🧩 Закрываем Payment gRPC connection..."}
{"level":"INFO","timestamp":"2026-04-12T22:52:55.257+0500","caller":"closer/closer.go:171","message":"✅ Payment gRPC connection успешно закрыт за 65.952µs"}
{"level":"INFO","timestamp":"2026-04-12T22:52:55.257+0500","caller":"closer/closer.go:171","message":"🧩 Закрываем PostgresSQL connection..."}
{"level":"INFO","timestamp":"2026-04-12T22:52:55.257+0500","caller":"closer/closer.go:171","message":"🧩 Закрываем Inventory gRPC connection..."}
{"level":"INFO","timestamp":"2026-04-12T22:52:55.257+0500","caller":"closer/closer.go:171","message":"✅ Inventory gRPC connection успешно закрыт за 509.934µs"}
{"level":"INFO","timestamp":"2026-04-12T22:52:55.257+0500","caller":"closer/closer.go:171","message":"🧩 Закрываем Kafka sync producer..."}
{"level":"INFO","timestamp":"2026-04-12T22:52:55.257+0500","caller":"closer/closer.go:171","message":"🧩 Закрываем HTTP server..."}
{"level":"INFO","timestamp":"2026-04-12T22:52:55.257+0500","caller":"closer/closer.go:171","message":"✅ HTTP server успешно закрыт за 595.209µs"}
{"level":"INFO","timestamp":"2026-04-12T22:52:55.257+0500","caller":"closer/closer.go:171","message":"✅ Kafka sync producer успешно закрыт за 642.868µs"}
{"level":"INFO","timestamp":"2026-04-12T22:52:55.258+0500","caller":"closer/closer.go:171","message":"✅ PostgresSQL connection успешно закрыт за 1.556216ms"}
{"level":"INFO","timestamp":"2026-04-12T22:52:55.258+0500","caller":"order_consumer/consumer.go:31","message":"Starting order consumer service"}
{"level":"INFO","timestamp":"2026-04-12T22:52:55.258+0500","caller":"sync/once.go:78","message":"✅ Все ресурсы успешно закрыты"}
{"level":"INFO","timestamp":"2026-04-12T22:53:20.505+0500","caller":"app/app.go:173","message":"🗄️ Database initialized and migrations applied"}
{"level":"INFO","timestamp":"2026-04-12T22:53:20.506+0500","caller":"app/app.go:47","message":"🚀 Order Kafka consumer running"}
{"level":"INFO","timestamp":"2026-04-12T22:53:20.507+0500","caller":"order_consumer/consumer.go:31","message":"Starting order consumer service"}
{"level":"INFO","timestamp":"2026-04-12T22:53:21.163+0500","caller":"sarama@v1.47.0/consumer_group.go:976","message":"Kafka session context done"}
{"level":"INFO","timestamp":"2026-04-12T22:53:21.163+0500","caller":"sarama@v1.47.0/consumer_group.go:976","message":"Kafka session context done"}
{"level":"INFO","timestamp":"2026-04-12T22:53:21.664+0500","caller":"order_consumer/consumer.go:32","message":"Kafka consumer group rebalancing..."}
{"level":"INFO","timestamp":"2026-04-12T22:53:21.668+0500","caller":"sarama@v1.47.0/consumer_group.go:869","message":"New session","member_id":"sarama-591cd1f0-1038-4c33-808c-6a894a81fe34","claims":{"order.assembled":[0]}}
{"level":"INFO","timestamp":"2026-04-12T22:53:21.669+0500","caller":"sarama@v1.47.0/consumer_group.go:869","message":"New session","member_id":"sarama-b6269db3-51ff-4776-a2e7-422ed82bf15a","claims":{"order.assembled":[1]}}
{"level":"INFO","timestamp":"2026-04-12T22:53:52.414+0500","caller":"sarama@v1.47.0/consumer_group.go:976","message":"Kafka session context done"}
{"level":"INFO","timestamp":"2026-04-12T22:53:52.916+0500","caller":"order_consumer/consumer.go:32","message":"Kafka consumer group rebalancing..."}
{"level":"INFO","timestamp":"2026-04-12T22:53:52.920+0500","caller":"sarama@v1.47.0/consumer_group.go:869","message":"New session","member_id":"sarama-591cd1f0-1038-4c33-808c-6a894a81fe34","claims":{"order.assembled":[0,1]}}
{"level":"INFO","timestamp":"2026-04-12T22:56:14.525+0500","caller":"runtime/asm_amd64.s:1693","message":"🛑 Получен системный сигнал, начинаем graceful shutdown..."}
{"level":"INFO","timestamp":"2026-04-12T22:56:14.525+0500","caller":"app/app.go:80","message":"Shutdown signal received"}
{"level":"INFO","timestamp":"2026-04-12T22:56:14.525+0500","caller":"sarama@v1.47.0/consumer_group.go:976","message":"Kafka session context done"}
{"level":"INFO","timestamp":"2026-04-12T22:56:14.525+0500","caller":"sarama@v1.47.0/consumer_group.go:976","message":"Kafka session context done"}
{"level":"INFO","timestamp":"2026-04-12T22:56:14.525+0500","caller":"sync/once.go:78","message":"🚦 Начинаем процесс graceful shutdown..."}
{"level":"INFO","timestamp":"2026-04-12T22:56:14.525+0500","caller":"closer/closer.go:171","message":"🧩 Закрываем Kafka consumer group..."}
{"level":"INFO","timestamp":"2026-04-12T22:56:14.525+0500","caller":"closer/closer.go:171","message":"🧩 Закрываем Inventory gRPC connection..."}
{"level":"INFO","timestamp":"2026-04-12T22:56:14.525+0500","caller":"closer/closer.go:171","message":"🧩 Закрываем Payment gRPC connection..."}
{"level":"INFO","timestamp":"2026-04-12T22:56:14.525+0500","caller":"closer/closer.go:171","message":"🧩 Закрываем PostgresSQL connection..."}
{"level":"INFO","timestamp":"2026-04-12T22:56:14.525+0500","caller":"closer/closer.go:171","message":"🧩 Закрываем Kafka sync producer..."}
{"level":"INFO","timestamp":"2026-04-12T22:56:14.525+0500","caller":"closer/closer.go:171","message":"🧩 Закрываем HTTP server..."}
{"level":"INFO","timestamp":"2026-04-12T22:56:14.525+0500","caller":"closer/closer.go:171","message":"✅ Inventory gRPC connection успешно закрыт за 111.936µs"}
{"level":"INFO","timestamp":"2026-04-12T22:56:14.525+0500","caller":"closer/closer.go:171","message":"✅ Payment gRPC connection успешно закрыт за 95.266µs"}
{"level":"INFO","timestamp":"2026-04-12T22:56:14.525+0500","caller":"closer/closer.go:171","message":"✅ Kafka sync producer успешно закрыт за 94.33µs"}
{"level":"INFO","timestamp":"2026-04-12T22:56:14.525+0500","caller":"closer/closer.go:171","message":"✅ PostgresSQL connection успешно закрыт за 166.193µs"}
{"level":"INFO","timestamp":"2026-04-12T22:56:14.525+0500","caller":"closer/closer.go:171","message":"✅ HTTP server успешно закрыт за 186.993µs"}
{"level":"ERROR","timestamp":"2026-04-12T22:56:14.968+0500","caller":"order_consumer/consumer.go:33","message":"Consume from order.assembled topic error","error":"context canceled"}
{"level":"INFO","timestamp":"2026-04-12T22:56:14.979+0500","caller":"closer/closer.go:171","message":"✅ Kafka consumer group успешно закрыт за 453.715604ms"}
{"level":"INFO","timestamp":"2026-04-12T22:56:14.979+0500","caller":"sync/once.go:78","message":"✅ Все ресурсы успешно закрыты"}
{"level":"INFO","timestamp":"2026-04-12T22:56:17.940+0500","caller":"app/app.go:173","message":"🗄️ Database initialized and migrations applied"}
{"level":"INFO","timestamp":"2026-04-12T22:56:17.943+0500","caller":"app/app.go:36","message":"🚀 HTTP OrderService server listening on localhost:8080"}
{"level":"INFO","timestamp":"2026-04-12T22:56:17.943+0500","caller":"app/app.go:47","message":"🚀 Order Kafka consumer running"}
{"level":"INFO","timestamp":"2026-04-12T22:56:17.944+0500","caller":"order_consumer/consumer.go:31","message":"Starting order consumer service"}
{"level":"INFO","timestamp":"2026-04-12T22:56:17.949+0500","caller":"sarama@v1.47.0/consumer_group.go:869","message":"New session","member_id":"sarama-1d024a44-b3d2-431e-8a3c-20afc21c98a1","claims":{"order.assembled":[0,1]}}
{"level":"INFO","timestamp":"2026-04-12T22:56:33.400+0500","caller":"app/app.go:80","message":"Shutdown signal received"}
{"level":"INFO","timestamp":"2026-04-12T22:56:33.400+0500","caller":"runtime/asm_amd64.s:1693","message":"🛑 Получен системный сигнал, начинаем graceful shutdown..."}
{"level":"INFO","timestamp":"2026-04-12T22:56:33.400+0500","caller":"sync/once.go:78","message":"🚦 Начинаем процесс graceful shutdown..."}
{"level":"INFO","timestamp":"2026-04-12T22:56:33.400+0500","caller":"sarama@v1.47.0/consumer_group.go:976","message":"Kafka session context done"}
{"level":"INFO","timestamp":"2026-04-12T22:56:33.400+0500","caller":"closer/closer.go:171","message":"🧩 Закрываем Kafka consumer group..."}
{"level":"INFO","timestamp":"2026-04-12T22:56:33.400+0500","caller":"closer/closer.go:171","message":"🧩 Закрываем Inventory gRPC connection..."}
{"level":"INFO","timestamp":"2026-04-12T22:56:33.400+0500","caller":"closer/closer.go:171","message":"🧩 Закрываем Kafka sync producer..."}
{"level":"INFO","timestamp":"2026-04-12T22:56:33.400+0500","caller":"sarama@v1.47.0/consumer_group.go:976","message":"Kafka session context done"}
{"level":"INFO","timestamp":"2026-04-12T22:56:33.400+0500","caller":"closer/closer.go:171","message":"🧩 Закрываем PostgresSQL connection..."}
{"level":"INFO","timestamp":"2026-04-12T22:56:33.400+0500","caller":"closer/closer.go:171","message":"🧩 Закрываем HTTP server..."}
{"level":"INFO","timestamp":"2026-04-12T22:56:33.400+0500","caller":"closer/closer.go:171","message":"✅ Inventory gRPC connection успешно закрыт за 251.454µs"}
{"level":"INFO","timestamp":"2026-04-12T22:56:33.400+0500","caller":"closer/closer.go:171","message":"✅ Kafka sync producer успешно закрыт за 228.626µs"}
{"level":"INFO","timestamp":"2026-04-12T22:56:33.400+0500","caller":"closer/closer.go:171","message":"🧩 Закрываем Payment gRPC connection..."}
{"level":"INFO","timestamp":"2026-04-12T22:56:33.401+0500","caller":"closer/closer.go:171","message":"✅ Payment gRPC connection успешно закрыт за 338.293µs"}
{"level":"INFO","timestamp":"2026-04-12T22:56:33.401+0500","caller":"closer/closer.go:171","message":"✅ HTTP server успешно закрыт за 404.338µs"}
{"level":"INFO","timestamp":"2026-04-12T22:56:33.401+0500","caller":"closer/closer.go:171","message":"✅ PostgresSQL connection успешно закрыт за 343.931µs"}
{"level":"ERROR","timestamp":"2026-04-12T22:56:33.599+0500","caller":"order_consumer/consumer.go:33","message":"Consume from order.assembled topic error","error":"context canceled"}
{"level":"INFO","timestamp":"2026-04-12T22:56:33.601+0500","caller":"closer/closer.go:171","message":"✅ Kafka consumer group успешно закрыт за 201.162032ms"}
{"level":"INFO","timestamp":"2026-04-12T22:56:33.601+0500","caller":"sync/once.go:78","message":"✅ Все ресурсы успешно закрыты"}
{"level":"INFO","timestamp":"2026-04-12T22:56:39.327+0500","caller":"app/app.go:173","message":"🗄️ Database initialized and migrations applied"}
{"level":"INFO","timestamp":"2026-04-12T22:56:39.329+0500","caller":"app/app.go:47","message":"🚀 Order Kafka consumer running"}
{"level":"INFO","timestamp":"2026-04-12T22:56:39.331+0500","caller":"order_consumer/consumer.go:31","message":"Starting order consumer service"}
{"level":"INFO","timestamp":"2026-04-12T22:56:39.335+0500","caller":"sarama@v1.47.0/consumer_group.go:869","message":"New session","member_id":"sarama-58f0d2d0-706e-4cb8-91eb-54c36c4a3623","claims":{"order.assembled":[0,1]}}
{"level":"INFO","timestamp":"2026-04-12T22:56:44.755+0500","caller":"runtime/asm_amd64.s:1693","message":"🛑 Получен системный сигнал, начинаем graceful shutdown..."}
{"level":"INFO","timestamp":"2026-04-12T22:56:44.755+0500","caller":"app/app.go:80","message":"Shutdown signal received"}
{"level":"INFO","timestamp":"2026-04-12T22:56:44.755+0500","caller":"sarama@v1.47.0/consumer_group.go:976","message":"Kafka session context done"}
{"level":"INFO","timestamp":"2026-04-12T22:56:44.755+0500","caller":"sync/once.go:78","message":"🚦 Начинаем процесс graceful shutdown..."}
{"level":"INFO","timestamp":"2026-04-12T22:56:44.755+0500","caller":"sarama@v1.47.0/consumer_group.go:976","message":"Kafka session context done"}
{"level":"INFO","timestamp":"2026-04-12T22:56:44.756+0500","caller":"closer/closer.go:171","message":"🧩 Закрываем Kafka sync producer..."}
{"level":"INFO","timestamp":"2026-04-12T22:56:44.756+0500","caller":"closer/closer.go:171","message":"🧩 Закрываем HTTP server..."}
{"level":"INFO","timestamp":"2026-04-12T22:56:44.756+0500","caller":"closer/closer.go:171","message":"🧩 Закрываем Kafka consumer group..."}
{"level":"INFO","timestamp":"2026-04-12T22:56:44.756+0500","caller":"closer/closer.go:171","message":"🧩 Закрываем PostgresSQL connection..."}
{"level":"INFO","timestamp":"2026-04-12T22:56:44.756+0500","caller":"closer/closer.go:171","message":"🧩 Закрываем Inventory gRPC connection..."}
{"level":"INFO","timestamp":"2026-04-12T22:56:44.756+0500","caller":"closer/closer.go:171","message":"✅ Kafka sync producer успешно закрыт за 175.718µs"}
{"level":"INFO","timestamp":"2026-04-12T22:56:44.756+0500","caller":"closer/closer.go:171","message":"✅ HTTP server успешно закрыт за 92.645µs"}
{"level":"INFO","timestamp":"2026-04-12T22:56:44.756+0500","caller":"closer/closer.go:171","message":"🧩 Закрываем Payment gRPC connection..."}
{"level":"INFO","timestamp":"2026-04-12T22:56:44.756+0500","caller":"closer/closer.go:171","message":"✅ Payment gRPC connection успешно закрыт за 426.682µs"}
{"level":"INFO","timestamp":"2026-04-12T22:56:44.756+0500","caller":"closer/closer.go:171","message":"✅ Inventory gRPC connection успешно закрыт за 470.11µs"}
{"level":"INFO","timestamp":"2026-04-12T22:56:44.756+0500","caller":"closer/closer.go:171","message":"✅ PostgresSQL connection успешно закрыт за 476.383µs"}
{"level":"ERROR","timestamp":"2026-04-12T22:56:44.957+0500","caller":"order_consumer/consumer.go:33","message":"Consume from order.assembled topic error","error":"context canceled"}
{"level":"INFO","timestamp":"2026-04-12T22:56:44.959+0500","caller":"closer/closer.go:171","message":"✅ Kafka consumer group успешно закрыт за 203.340544ms"}
{"level":"INFO","timestamp":"2026-04-12T22:56:44.959+0500","caller":"sync/once.go:78","message":"✅ Все ресурсы успешно закрыты"}
{"level":"INFO","timestamp":"2026-04-12T22:56:52.646+0500","caller":"app/app.go:173","message":"🗄️ Database initialized and migrations applied"}
{"level":"INFO","timestamp":"2026-04-12T22:56:52.648+0500","caller":"app/app.go:36","message":"🚀 HTTP OrderService server listening on localhost:8080"}
{"level":"INFO","timestamp":"2026-04-12T22:56:52.648+0500","caller":"app/app.go:47","message":"🚀 Order Kafka consumer running"}
{"level":"INFO","timestamp":"2026-04-12T22:56:52.649+0500","caller":"order_consumer/consumer.go:31","message":"Starting order consumer service"}
{"level":"INFO","timestamp":"2026-04-12T22:56:52.654+0500","caller":"sarama@v1.47.0/consumer_group.go:869","message":"New session","member_id":"sarama-716c62a8-49bb-43e6-a01b-9b96c7109066","claims":{"order.assembled":[0,1]}}
{"level":"INFO","timestamp":"2026-04-12T22:57:05.001+0500","caller":"app/app.go:173","message":"🗄️ Database initialized and migrations applied"}
{"level":"INFO","timestamp":"2026-04-12T22:57:05.003+0500","caller":"app/app.go:47","message":"🚀 Order Kafka consumer running"}
{"level":"INFO","timestamp":"2026-04-12T22:57:05.004+0500","caller":"order_consumer/consumer.go:31","message":"Starting order consumer service"}
{"level":"INFO","timestamp":"2026-04-12T22:57:07.805+0500","caller":"sarama@v1.47.0/consumer_group.go:976","message":"Kafka session context done"}
{"level":"INFO","timestamp":"2026-04-12T22:57:07.805+0500","caller":"sarama@v1.47.0/consumer_group.go:976","message":"Kafka session context done"}
{"level":"INFO","timestamp":"2026-04-12T22:57:08.306+0500","caller":"order_consumer/consumer.go:32","message":"Kafka consumer group rebalancing..."}
{"level":"INFO","timestamp":"2026-04-12T22:57:08.316+0500","caller":"sarama@v1.47.0/consumer_group.go:869","message":"New session","member_id":"sarama-a7387cae-3780-46c1-afcf-28e85b34dfcc","claims":{"order.assembled":[1]}}
{"level":"INFO","timestamp":"2026-04-12T22:57:08.317+0500","caller":"sarama@v1.47.0/consumer_group.go:869","message":"New session","member_id":"sarama-716c62a8-49bb-43e6-a01b-9b96c7109066","claims":{"order.assembled":[0]}}
{"level":"INFO","timestamp":"2026-04-12T22:57:15.508+0500","caller":"payment/payment.go:14","message":"payment succeeded","transaction_uuid":"f94e2ae2-b290-4a44-b8e0-7aae7d0ffa31","order_uuid":"c2376ab6-d3d4-43b9-9b6d-a44fe1c072f2","user_uuid":"c2376ab6-d3d4-43b9-9b6d-a44fe1c072f2","payment_method":4}
{"level":"INFO","timestamp":"2026-04-12T22:57:15.516+0500","caller":"order_producer/producer.go:28","message":"Message sent","topic":"order.paid","partition":0,"offset":2,"key":"c2376ab6-d3d4-43b9-9b6d-a44fe1c072f2","value":"\n$9e85cd19-4072-4bcc-9e1a-0287178292f3\u0012$c2376ab6-d3d4-43b9-9b6d-a44fe1c072f2\u001a$c2376ab6-d3d4-43b9-9b6d-a44fe1c072f2\"\u000einvestor-money*$f94e2ae2-b290-4a44-b8e0-7aae7d0ffa31"}
{"level":"INFO","timestamp":"2026-04-12T22:57:15.519+0500","caller":"sarama@v1.47.0/consumer_group.go:976","message":"message received","member_id":"sarama-8ffc3a53-d10b-430a-8013-aabb3a31b8ab","key":"c2376ab6-d3d4-43b9-9b6d-a44fe1c072f2","partition":0,"offset":2}
{"level":"INFO","timestamp":"2026-04-12T22:57:15.519+0500","caller":"consumer/groupHandler.go:69","message":"Kafka msg received","topic":"order.paid"}
{"level":"INFO","timestamp":"2026-04-12T22:57:15.521+0500","caller":"order_consumer/handler.go:21","message":"Processing message","topic":"order.paid","partition":0,"offset":2,"order_uuid":"c2376ab6-d3d4-43b9-9b6d-a44fe1c072f2","event_uuid":"9e85cd19-4072-4bcc-9e1a-0287178292f3","payment_method":"investor-money","transaction_uuid":"f94e2ae2-b290-4a44-b8e0-7aae7d0ffa31"}
{"level":"INFO","timestamp":"2026-04-12T22:57:19.534+0500","caller":"order_producer/producer.go:42","message":"Message sent","topic":"order.assembled","partition":1,"offset":0,"key":"9e85cd19-4072-4bcc-9e1a-0287178292f3","value":"\n$9e85cd19-4072-4bcc-9e1a-0287178292f3\u0012$c2376ab6-d3d4-43b9-9b6d-a44fe1c072f2\u001a$c2376ab6-d3d4-43b9-9b6d-a44fe1c072f2 \u0004"}
{"level":"INFO","timestamp":"2026-04-12T22:57:19.535+0500","caller":"sarama@v1.47.0/consumer_group.go:976","message":"message received","member_id":"sarama-a7387cae-3780-46c1-afcf-28e85b34dfcc","key":"9e85cd19-4072-4bcc-9e1a-0287178292f3","partition":1,"offset":0}
{"level":"INFO","timestamp":"2026-04-12T22:57:19.535+0500","caller":"consumer/groupHandler.go:69","message":"Kafka msg received","topic":"order.assembled"}
{"level":"INFO","timestamp":"2026-04-12T22:57:19.535+0500","caller":"order_consumer/handler.go:21","message":"Processing message","topic":"order.assembled","partition":1,"offset":0,"order_uuid":"c2376ab6-d3d4-43b9-9b6d-a44fe1c072f2","event_uuid":"9e85cd19-4072-4bcc-9e1a-0287178292f3","user_uuid":"c2376ab6-d3d4-43b9-9b6d-a44fe1c072f2","build_time_sec":4}
{"level":"INFO","timestamp":"2026-04-12T22:57:20.173+0500","caller":"payment/payment.go:14","message":"payment succeeded","transaction_uuid":"0d7b988c-39c0-467d-8ced-5009a8607683","order_uuid":"27f223be-f0c8-44fe-bc9b-976884c8cfee","user_uuid":"27f223be-f0c8-44fe-bc9b-976884c8cfee","payment_method":4}
{"level":"INFO","timestamp":"2026-04-12T22:57:20.178+0500","caller":"order_producer/producer.go:28","message":"Message sent","topic":"order.paid","partition":2,"offset":2,"key":"27f223be-f0c8-44fe-bc9b-976884c8cfee","value":"\n$c3e4d6cc-c219-41b6-bd30-827a1f85cc95\u0012$27f223be-f0c8-44fe-bc9b-976884c8cfee\u001a$27f223be-f0c8-44fe-bc9b-976884c8cfee\"\u000einvestor-money*$0d7b988c-39c0-467d-8ced-5009a8607683"}
{"level":"INFO","timestamp":"2026-04-12T22:57:20.179+0500","caller":"sarama@v1.47.0/consumer_group.go:976","message":"message received","member_id":"sarama-8ffc3a53-d10b-430a-8013-aabb3a31b8ab","key":"27f223be-f0c8-44fe-bc9b-976884c8cfee","partition":2,"offset":2}
{"level":"INFO","timestamp":"2026-04-12T22:57:20.179+0500","caller":"consumer/groupHandler.go:69","message":"Kafka msg received","topic":"order.paid"}
{"level":"INFO","timestamp":"2026-04-12T22:57:20.179+0500","caller":"order_consumer/handler.go:21","message":"Processing message","topic":"order.paid","partition":2,"offset":2,"order_uuid":"27f223be-f0c8-44fe-bc9b-976884c8cfee","event_uuid":"c3e4d6cc-c219-41b6-bd30-827a1f85cc95","payment_method":"investor-money","transaction_uuid":"0d7b988c-39c0-467d-8ced-5009a8607683"}
{"level":"INFO","timestamp":"2026-04-12T22:57:26.183+0500","caller":"order_producer/producer.go:42","message":"Message sent","topic":"order.assembled","partition":1,"offset":1,"key":"c3e4d6cc-c219-41b6-bd30-827a1f85cc95","value":"\n$c3e4d6cc-c219-41b6-bd30-827a1f85cc95\u0012$27f223be-f0c8-44fe-bc9b-976884c8cfee\u001a$27f223be-f0c8-44fe-bc9b-976884c8cfee \u0006"}
{"level":"INFO","timestamp":"2026-04-12T22:57:26.183+0500","caller":"sarama@v1.47.0/consumer_group.go:976","message":"message received","member_id":"sarama-a7387cae-3780-46c1-afcf-28e85b34dfcc","key":"c3e4d6cc-c219-41b6-bd30-827a1f85cc95","partition":1,"offset":1}
{"level":"INFO","timestamp":"2026-04-12T22:57:26.183+0500","caller":"consumer/groupHandler.go:69","message":"Kafka msg received","topic":"order.assembled"}
{"level":"INFO","timestamp":"2026-04-12T22:57:26.183+0500","caller":"order_consumer/handler.go:21","message":"Processing message","topic":"order.assembled","partition":1,"offset":1,"order_uuid":"27f223be-f0c8-44fe-bc9b-976884c8cfee","event_uuid":"c3e4d6cc-c219-41b6-bd30-827a1f85cc95","user_uuid":"27f223be-f0c8-44fe-bc9b-976884c8cfee","build_time_sec":6}
{"level":"INFO","timestamp":"2026-04-12T22:57:47.064+0500","caller":"app/app.go:80","message":"Shutdown signal received"}
{"level":"INFO","timestamp":"2026-04-12T22:57:47.064+0500","caller":"runtime/asm_amd64.s:1693","message":"🛑 Получен системный сигнал, начинаем graceful shutdown..."}
{"level":"INFO","timestamp":"2026-04-12T22:57:47.064+0500","caller":"sarama@v1.47.0/consumer_group.go:976","message":"Kafka session context done"}
{"level":"INFO","timestamp":"2026-04-12T22:57:47.064+0500","caller":"sync/once.go:78","message":"🚦 Начинаем процесс graceful shutdown..."}
{"level":"INFO","timestamp":"2026-04-12T22:57:47.064+0500","caller":"closer/closer.go:171","message":"🧩 Закрываем Inventory gRPC connection..."}
{"level":"INFO","timestamp":"2026-04-12T22:57:47.064+0500","caller":"closer/closer.go:171","message":"🧩 Закрываем Payment gRPC connection..."}
{"level":"INFO","timestamp":"2026-04-12T22:57:47.065+0500","caller":"closer/closer.go:171","message":"🧩 Закрываем PostgresSQL connection..."}
{"level":"INFO","timestamp":"2026-04-12T22:57:47.065+0500","caller":"closer/closer.go:171","message":"🧩 Закрываем HTTP server..."}
{"level":"INFO","timestamp":"2026-04-12T22:57:47.065+0500","caller":"closer/closer.go:171","message":"🧩 Закрываем Kafka sync producer..."}
{"level":"INFO","timestamp":"2026-04-12T22:57:47.065+0500","caller":"closer/closer.go:171","message":"🧩 Закрываем Kafka consumer group..."}
{"level":"INFO","timestamp":"2026-04-12T22:57:47.065+0500","caller":"closer/closer.go:171","message":"✅ PostgresSQL connection успешно закрыт за 229.598µs"}
{"level":"INFO","timestamp":"2026-04-12T22:57:47.065+0500","caller":"closer/closer.go:171","message":"✅ HTTP server успешно закрыт за 274.138µs"}
{"level":"INFO","timestamp":"2026-04-12T22:57:47.065+0500","caller":"closer/closer.go:171","message":"✅ Payment gRPC connection успешно закрыт за 481.578µs"}
{"level":"INFO","timestamp":"2026-04-12T22:57:47.065+0500","caller":"closer/closer.go:171","message":"✅ Inventory gRPC connection успешно закрыт за 633.74µs"}
{"level":"INFO","timestamp":"2026-04-12T22:57:47.065+0500","caller":"closer/closer.go:171","message":"✅ Kafka sync producer успешно закрыт за 775.549µs"}
{"level":"ERROR","timestamp":"2026-04-12T22:57:47.067+0500","caller":"order_consumer/consumer.go:33","message":"Consume from order.assembled topic error","error":"context canceled"}
{"level":"INFO","timestamp":"2026-04-12T22:57:47.069+0500","caller":"closer/closer.go:171","message":"✅ Kafka consumer group успешно закрыт за 4.035073ms"}
{"level":"INFO","timestamp":"2026-04-12T22:57:47.069+0500","caller":"sync/once.go:78","message":"✅ Все ресурсы успешно закрыты"}
{"level":"INFO","timestamp":"2026-04-12T22:57:48.277+0500","caller":"sarama@v1.47.0/consumer_group.go:976","message":"Kafka session context done"}
{"level":"INFO","timestamp":"2026-04-12T22:57:48.779+0500","caller":"order_consumer/consumer.go:32","message":"Kafka consumer group rebalancing..."}
{"level":"INFO","timestamp":"2026-04-12T22:57:48.789+0500","caller":"sarama@v1.47.0/consumer_group.go:869","message":"New session","member_id":"sarama-a7387cae-3780-46c1-afcf-28e85b34dfcc","claims":{"order.assembled":[0,1]}}
{"level":"INFO","timestamp":"2026-04-12T22:57:50.594+0500","caller":"runtime/asm_amd64.s:1693","message":"🛑 Получен системный сигнал, начинаем graceful shutdown..."}
{"level":"INFO","timestamp":"2026-04-12T22:57:50.594+0500","caller":"app/app.go:80","message":"Shutdown signal received"}
{"level":"INFO","timestamp":"2026-04-12T22:57:50.594+0500","caller":"sarama@v1.47.0/consumer_group.go:976","message":"Kafka session context done"}
{"level":"INFO","timestamp":"2026-04-12T22:57:50.594+0500","caller":"sync/once.go:78","message":"🚦 Начинаем процесс graceful shutdown..."}
{"level":"INFO","timestamp":"2026-04-12T22:57:50.594+0500","caller":"sarama@v1.47.0/consumer_group.go:976","message":"Kafka session context done"}
{"level":"INFO","timestamp":"2026-04-12T22:57:50.594+0500","caller":"closer/closer.go:171","message":"🧩 Закрываем Kafka consumer group..."}
{"level":"INFO","timestamp":"2026-04-12T22:57:50.595+0500","caller":"closer/closer.go:171","message":"🧩 Закрываем Inventory gRPC connection..."}
{"level":"INFO","timestamp":"2026-04-12T22:57:50.595+0500","caller":"closer/closer.go:171","message":"🧩 Закрываем PostgresSQL connection..."}
{"level":"INFO","timestamp":"2026-04-12T22:57:50.595+0500","caller":"closer/closer.go:171","message":"🧩 Закрываем Kafka sync producer..."}
{"level":"INFO","timestamp":"2026-04-12T22:57:50.595+0500","caller":"closer/closer.go:171","message":"🧩 Закрываем Payment gRPC connection..."}
{"level":"INFO","timestamp":"2026-04-12T22:57:50.595+0500","caller":"closer/closer.go:171","message":"🧩 Закрываем HTTP server..."}
{"level":"INFO","timestamp":"2026-04-12T22:57:50.595+0500","caller":"closer/closer.go:171","message":"✅ Inventory gRPC connection успешно закрыт за 212.14µs"}
{"level":"INFO","timestamp":"2026-04-12T22:57:50.595+0500","caller":"closer/closer.go:171","message":"✅ HTTP server успешно закрыт за 336.923µs"}
{"level":"INFO","timestamp":"2026-04-12T22:57:50.595+0500","caller":"closer/closer.go:171","message":"✅ Payment gRPC connection успешно закрыт за 437.865µs"}
{"level":"INFO","timestamp":"2026-04-12T22:57:50.595+0500","caller":"closer/closer.go:171","message":"✅ PostgresSQL connection успешно закрыт за 279.993µs"}
{"level":"INFO","timestamp":"2026-04-12T22:57:50.595+0500","caller":"closer/closer.go:171","message":"✅ Kafka sync producer успешно закрыт за 139.532µs"}
{"level":"ERROR","timestamp":"2026-04-12T22:57:50.899+0500","caller":"order_consumer/consumer.go:33","message":"Consume from order.assembled topic error","error":"context canceled"}
{"level":"INFO","timestamp":"2026-04-12T22:57:50.903+0500","caller":"closer/closer.go:171","message":"✅ Kafka consumer group успешно закрыт за 308.667811ms"}
{"level":"INFO","timestamp":"2026-04-12T22:57:50.903+0500","caller":"sync/once.go:78","message":"✅ Все ресурсы успешно закрыты"}
{"level":"INFO","timestamp":"2026-04-12T22:58:01.616+0500","caller":"app/app.go:173","message":"🗄️ Database initialized and migrations applied"}
{"level":"INFO","timestamp":"2026-04-12T22:58:01.618+0500","caller":"app/app.go:36","message":"🚀 HTTP OrderService server listening on localhost:8080"}
{"level":"INFO","timestamp":"2026-04-12T22:58:01.618+0500","caller":"app/app.go:47","message":"🚀 Order Kafka consumer running"}
{"level":"INFO","timestamp":"2026-04-12T22:58:01.619+0500","caller":"order_consumer/consumer.go:31","message":"Starting order consumer service"}
{"level":"INFO","timestamp":"2026-04-12T22:58:01.624+0500","caller":"sarama@v1.47.0/consumer_group.go:869","message":"New session","member_id":"sarama-46778c40-12db-4d1a-b038-a0def3344a5d","claims":{"order.assembled":[0,1]}}
{"level":"INFO","timestamp":"2026-04-12T22:58:10.389+0500","caller":"app/app.go:173","message":"🗄️ Database initialized and migrations applied"}
{"level":"INFO","timestamp":"2026-04-12T22:58:10.391+0500","caller":"app/app.go:47","message":"🚀 Order Kafka consumer running"}
{"level":"INFO","timestamp":"2026-04-12T22:58:10.392+0500","caller":"order_consumer/consumer.go:31","message":"Starting order consumer service"}
{"level":"INFO","timestamp":"2026-04-12T22:58:10.773+0500","caller":"sarama@v1.47.0/consumer_group.go:976","message":"Kafka session context done"}
{"level":"INFO","timestamp":"2026-04-12T22:58:10.773+0500","caller":"sarama@v1.47.0/consumer_group.go:976","message":"Kafka session context done"}
{"level":"INFO","timestamp":"2026-04-12T22:58:11.274+0500","caller":"order_consumer/consumer.go:32","message":"Kafka consumer group rebalancing..."}
{"level":"INFO","timestamp":"2026-04-12T22:58:11.278+0500","caller":"sarama@v1.47.0/consumer_group.go:869","message":"New session","member_id":"sarama-46778c40-12db-4d1a-b038-a0def3344a5d","claims":{"order.assembled":[0]}}
{"level":"INFO","timestamp":"2026-04-12T22:58:11.278+0500","caller":"sarama@v1.47.0/consumer_group.go:869","message":"New session","member_id":"sarama-6d65fc27-025f-4dcf-a0eb-19fe298c7fcb","claims":{"order.assembled":[1]}}
{"level":"INFO","timestamp":"2026-04-12T22:58:23.723+0500","caller":"payment/payment.go:14","message":"payment succeeded","transaction_uuid":"92243dbe-4b67-4076-ae3d-8c17f0bcc19b","order_uuid":"27f223be-f0c8-44fe-bc9b-976884c8cfee","user_uuid":"27f223be-f0c8-44fe-bc9b-976884c8cfee","payment_method":4}
{"level":"INFO","timestamp":"2026-04-12T22:58:23.730+0500","caller":"order_producer/producer.go:28","message":"Message sent","topic":"order.paid","partition":2,"offset":3,"key":"27f223be-f0c8-44fe-bc9b-976884c8cfee","value":"\n$dc967226-c2c8-4dba-a75b-612c2dac38d4\u0012$27f223be-f0c8-44fe-bc9b-976884c8cfee\u001a$27f223be-f0c8-44fe-bc9b-976884c8cfee\"\u000einvestor-money*$92243dbe-4b67-4076-ae3d-8c17f0bcc19b"}
{"level":"INFO","timestamp":"2026-04-12T22:58:23.731+0500","caller":"sarama@v1.47.0/consumer_group.go:976","message":"message received","member_id":"sarama-8ffc3a53-d10b-430a-8013-aabb3a31b8ab","key":"27f223be-f0c8-44fe-bc9b-976884c8cfee","partition":2,"offset":3}
{"level":"INFO","timestamp":"2026-04-12T22:58:23.731+0500","caller":"consumer/groupHandler.go:69","message":"Kafka msg received","topic":"order.paid"}
{"level":"INFO","timestamp":"2026-04-12T22:58:23.731+0500","caller":"order_consumer/handler.go:21","message":"Processing message","topic":"order.paid","partition":2,"offset":3,"order_uuid":"27f223be-f0c8-44fe-bc9b-976884c8cfee","event_uuid":"dc967226-c2c8-4dba-a75b-612c2dac38d4","payment_method":"investor-money","transaction_uuid":"92243dbe-4b67-4076-ae3d-8c17f0bcc19b"}
{"level":"INFO","timestamp":"2026-04-12T22:58:25.733+0500","caller":"order_producer/producer.go:42","message":"Message sent","topic":"order.assembled","partition":1,"offset":2,"key":"dc967226-c2c8-4dba-a75b-612c2dac38d4","value":"\n$dc967226-c2c8-4dba-a75b-612c2dac38d4\u0012$27f223be-f0c8-44fe-bc9b-976884c8cfee\u001a$27f223be-f0c8-44fe-bc9b-976884c8cfee \u0002"}
{"level":"INFO","timestamp":"2026-04-12T22:58:25.734+0500","caller":"sarama@v1.47.0/consumer_group.go:976","message":"message received","member_id":"sarama-6d65fc27-025f-4dcf-a0eb-19fe298c7fcb","key":"dc967226-c2c8-4dba-a75b-612c2dac38d4","partition":1,"offset":2}
{"level":"INFO","timestamp":"2026-04-12T22:58:25.734+0500","caller":"consumer/groupHandler.go:69","message":"Kafka msg received","topic":"order.assembled"}
{"level":"INFO","timestamp":"2026-04-12T22:58:25.734+0500","caller":"order_consumer/handler.go:21","message":"Processing message","topic":"order.assembled","partition":1,"offset":2,"order_uuid":"27f223be-f0c8-44fe-bc9b-976884c8cfee","event_uuid":"dc967226-c2c8-4dba-a75b-612c2dac38d4","user_uuid":"27f223be-f0c8-44fe-bc9b-976884c8cfee","build_time_sec":2}
{"level":"INFO","timestamp":"2026-04-12T22:58:27.372+0500","caller":"payment/payment.go:14","message":"payment succeeded","transaction_uuid":"f13c718f-1f74-4c99-852c-ac9db97e6c08","order_uuid":"c2376ab6-d3d4-43b9-9b6d-a44fe1c072f2","user_uuid":"c2376ab6-d3d4-43b9-9b6d-a44fe1c072f2","payment_method":4}
{"level":"INFO","timestamp":"2026-04-12T22:58:27.375+0500","caller":"order_producer/producer.go:28","message":"Message sent","topic":"order.paid","partition":0,"offset":3,"key":"c2376ab6-d3d4-43b9-9b6d-a44fe1c072f2","value":"\n$c5fe30e6-0ce7-4926-bed8-49861b922b99\u0012$c2376ab6-d3d4-43b9-9b6d-a44fe1c072f2\u001a$c2376ab6-d3d4-43b9-9b6d-a44fe1c072f2\"\u000einvestor-money*$f13c718f-1f74-4c99-852c-ac9db97e6c08"}
{"level":"INFO","timestamp":"2026-04-12T22:58:27.375+0500","caller":"sarama@v1.47.0/consumer_group.go:976","message":"message received","member_id":"sarama-8ffc3a53-d10b-430a-8013-aabb3a31b8ab","key":"c2376ab6-d3d4-43b9-9b6d-a44fe1c072f2","partition":0,"offset":3}
{"level":"INFO","timestamp":"2026-04-12T22:58:27.375+0500","caller":"consumer/groupHandler.go:69","message":"Kafka msg received","topic":"order.paid"}
{"level":"INFO","timestamp":"2026-04-12T22:58:27.376+0500","caller":"order_consumer/handler.go:21","message":"Processing message","topic":"order.paid","partition":0,"offset":3,"order_uuid":"c2376ab6-d3d4-43b9-9b6d-a44fe1c072f2","event_uuid":"c5fe30e6-0ce7-4926-bed8-49861b922b99","payment_method":"investor-money","transaction_uuid":"f13c718f-1f74-4c99-852c-ac9db97e6c08"}
{"level":"INFO","timestamp":"2026-04-12T22:58:28.387+0500","caller":"order_producer/producer.go:42","message":"Message sent","topic":"order.assembled","partition":0,"offset":0,"key":"c5fe30e6-0ce7-4926-bed8-49861b922b99","value":"\n$c5fe30e6-0ce7-4926-bed8-49861b922b99\u0012$c2376ab6-d3d4-43b9-9b6d-a44fe1c072f2\u001a$c2376ab6-d3d4-43b9-9b6d-a44fe1c072f2 \u0001"}
{"level":"INFO","timestamp":"2026-04-12T22:58:28.388+0500","caller":"sarama@v1.47.0/consumer_group.go:976","message":"message received","member_id":"sarama-46778c40-12db-4d1a-b038-a0def3344a5d","key":"c5fe30e6-0ce7-4926-bed8-49861b922b99","partition":0,"offset":0}
{"level":"INFO","timestamp":"2026-04-12T22:58:28.388+0500","caller":"consumer/groupHandler.go:69","message":"Kafka msg received","topic":"order.assembled"}
{"level":"INFO","timestamp":"2026-04-12T22:58:28.388+0500","caller":"order_consumer/handler.go:21","message":"Processing message","topic":"order.assembled","partition":0,"offset":0,"order_uuid":"c2376ab6-d3d4-43b9-9b6d-a44fe1c072f2","event_uuid":"c5fe30e6-0ce7-4926-bed8-49861b922b99","user_uuid":"c2376ab6-d3d4-43b9-9b6d-a44fe1c072f2","build_time_sec":1}
{"level":"INFO","timestamp":"2026-04-12T23:00:32.405+0500","caller":"app/app.go:173","message":"🗄️ Database initialized and migrations applied"}
{"level":"INFO","timestamp":"2026-04-12T23:00:32.406+0500","caller":"app/app.go:36","message":"🚀 HTTP OrderService server listening on localhost:8080"}
{"level":"INFO","timestamp":"2026-04-12T23:00:32.406+0500","caller":"app/app.go:47","message":"🚀 Order Kafka consumer running"}
{"level":"INFO","timestamp":"2026-04-12T23:00:32.407+0500","caller":"order_consumer/consumer.go:31","message":"Starting order consumer service"}
{"level":"INFO","timestamp":"2026-04-12T23:00:32.412+0500","caller":"sarama@v1.47.0/consumer_group.go:869","message":"New session","member_id":"sarama-79768e7d-a5ae-4aa9-b0a8-ef6db1899c25","claims":{"order.assembled":[0,1]}}
{"level":"INFO","timestamp":"2026-04-12T23:00:55.664+0500","caller":"app/app.go:173","message":"🗄️ Database initialized and migrations applied"}
{"level":"INFO","timestamp":"2026-04-12T23:00:55.666+0500","caller":"app/app.go:47","message":"🚀 Order Kafka consumer running"}
{"level":"INFO","timestamp":"2026-04-12T23:00:55.666+0500","caller":"order_consumer/consumer.go:31","message":"Starting order consumer service"}
{"level":"INFO","timestamp":"2026-04-12T23:00:56.598+0500","caller":"sarama@v1.47.0/consumer_group.go:976","message":"Kafka session context done"}
{"level":"INFO","timestamp":"2026-04-12T23:00:56.598+0500","caller":"sarama@v1.47.0/consumer_group.go:976","message":"Kafka session context done"}
{"level":"INFO","timestamp":"2026-04-12T23:00:57.100+0500","caller":"order_consumer/consumer.go:32","message":"Kafka consumer group rebalancing..."}
{"level":"INFO","timestamp":"2026-04-12T23:00:57.108+0500","caller":"sarama@v1.47.0/consumer_group.go:869","message":"New session","member_id":"sarama-79768e7d-a5ae-4aa9-b0a8-ef6db1899c25","claims":{"order.assembled":[0]}}
{"level":"INFO","timestamp":"2026-04-12T23:00:57.108+0500","caller":"sarama@v1.47.0/consumer_group.go:869","message":"New session","member_id":"sarama-d429a5f3-06a0-400a-96d0-0180ab6d6a0d","claims":{"order.assembled":[1]}}
{"level":"INFO","timestamp":"2026-04-12T23:01:22.397+0500","caller":"payment/payment.go:14","message":"payment succeeded","transaction_uuid":"61509344-80c7-43f2-9eef-3d303c6ef4f1","order_uuid":"c2376ab6-d3d4-43b9-9b6d-a44fe1c072f2","user_uuid":"c2376ab6-d3d4-43b9-9b6d-a44fe1c072f2","payment_method":4}
{"level":"INFO","timestamp":"2026-04-12T23:01:22.402+0500","caller":"order_producer/producer.go:28","message":"Message sent","topic":"order.paid","partition":0,"offset":4,"key":"c2376ab6-d3d4-43b9-9b6d-a44fe1c072f2","value":"\n$a456d6e5-cc32-4cd3-a471-bb8e192d58b5\u0012$c2376ab6-d3d4-43b9-9b6d-a44fe1c072f2\u001a$c2376ab6-d3d4-43b9-9b6d-a44fe1c072f2\"\u000einvestor-money*$61509344-80c7-43f2-9eef-3d303c6ef4f1"}
{"level":"INFO","timestamp":"2026-04-12T23:01:22.402+0500","caller":"sarama@v1.47.0/consumer_group.go:976","message":"message received","member_id":"sarama-8ffc3a53-d10b-430a-8013-aabb3a31b8ab","key":"c2376ab6-d3d4-43b9-9b6d-a44fe1c072f2","partition":0,"offset":4}
{"level":"INFO","timestamp":"2026-04-12T23:01:22.402+0500","caller":"consumer/groupHandler.go:69","message":"Kafka msg received","topic":"order.paid"}
{"level":"INFO","timestamp":"2026-04-12T23:01:22.403+0500","caller":"order_consumer/handler.go:21","message":"Processing message","topic":"order.paid","partition":0,"offset":4,"order_uuid":"c2376ab6-d3d4-43b9-9b6d-a44fe1c072f2","event_uuid":"a456d6e5-cc32-4cd3-a471-bb8e192d58b5","payment_method":"investor-money","transaction_uuid":"61509344-80c7-43f2-9eef-3d303c6ef4f1"}
{"level":"INFO","timestamp":"2026-04-12T23:01:28.405+0500","caller":"order_producer/producer.go:42","message":"Message sent","topic":"order.assembled","partition":0,"offset":1,"key":"a456d6e5-cc32-4cd3-a471-bb8e192d58b5","value":"\n$a456d6e5-cc32-4cd3-a471-bb8e192d58b5\u0012$c2376ab6-d3d4-43b9-9b6d-a44fe1c072f2\u001a$c2376ab6-d3d4-43b9-9b6d-a44fe1c072f2 \u0006"}
{"level":"INFO","timestamp":"2026-04-12T23:01:28.406+0500","caller":"sarama@v1.47.0/consumer_group.go:976","message":"message received","member_id":"sarama-79768e7d-a5ae-4aa9-b0a8-ef6db1899c25","key":"a456d6e5-cc32-4cd3-a471-bb8e192d58b5","partition":0,"offset":1}
{"level":"INFO","timestamp":"2026-04-12T23:01:28.406+0500","caller":"consumer/groupHandler.go:69","message":"Kafka msg received","topic":"order.assembled"}
{"level":"INFO","timestamp":"2026-04-12T23:01:28.406+0500","caller":"order_consumer/handler.go:21","message":"Processing message","topic":"order.assembled","partition":0,"offset":1,"order_uuid":"c2376ab6-d3d4-43b9-9b6d-a44fe1c072f2","event_uuid":"a456d6e5-cc32-4cd3-a471-bb8e192d58b5","user_uuid":"c2376ab6-d3d4-43b9-9b6d-a44fe1c072f2","build_time_sec":6}
{"level":"INFO","timestamp":"2026-04-12T23:06:04.963+0500","caller":"payment/payment.go:14","message":"payment succeeded","transaction_uuid":"8a5a7712-5056-4525-8258-a3bbc9ccba2a","order_uuid":"27f223be-f0c8-44fe-bc9b-976884c8cfee","user_uuid":"27f223be-f0c8-44fe-bc9b-976884c8cfee","payment_method":4}
{"level":"INFO","timestamp":"2026-04-12T23:06:04.976+0500","caller":"order_producer/producer.go:28","message":"Message sent","topic":"order.paid","partition":2,"offset":4,"key":"27f223be-f0c8-44fe-bc9b-976884c8cfee","value":"\n$79c0c079-8a9c-41b0-bd31-b35d24c6593d\u0012$27f223be-f0c8-44fe-bc9b-976884c8cfee\u001a$27f223be-f0c8-44fe-bc9b-976884c8cfee\"\u000einvestor-money*$8a5a7712-5056-4525-8258-a3bbc9ccba2a"}
{"level":"INFO","timestamp":"2026-04-12T23:06:04.977+0500","caller":"sarama@v1.47.0/consumer_group.go:976","message":"message received","member_id":"sarama-8ffc3a53-d10b-430a-8013-aabb3a31b8ab","key":"27f223be-f0c8-44fe-bc9b-976884c8cfee","partition":2,"offset":4}
{"level":"INFO","timestamp":"2026-04-12T23:06:04.977+0500","caller":"consumer/groupHandler.go:69","message":"Kafka msg received","topic":"order.paid"}
{"level":"INFO","timestamp":"2026-04-12T23:06:04.977+0500","caller":"order_consumer/handler.go:21","message":"Processing message","topic":"order.paid","partition":2,"offset":4,"order_uuid":"27f223be-f0c8-44fe-bc9b-976884c8cfee","event_uuid":"79c0c079-8a9c-41b0-bd31-b35d24c6593d","payment_method":"investor-money","transaction_uuid":"8a5a7712-5056-4525-8258-a3bbc9ccba2a"}
{"level":"INFO","timestamp":"2026-04-12T23:06:08.980+0500","caller":"order_producer/producer.go:42","message":"Message sent","topic":"order.assembled","partition":1,"offset":3,"key":"79c0c079-8a9c-41b0-bd31-b35d24c6593d","value":"\n$79c0c079-8a9c-41b0-bd31-b35d24c6593d\u0012$27f223be-f0c8-44fe-bc9b-976884c8cfee\u001a$27f223be-f0c8-44fe-bc9b-976884c8cfee \u0004"}
{"level":"INFO","timestamp":"2026-04-12T23:06:08.981+0500","caller":"sarama@v1.47.0/consumer_group.go:976","message":"message received","member_id":"sarama-d429a5f3-06a0-400a-96d0-0180ab6d6a0d","key":"79c0c079-8a9c-41b0-bd31-b35d24c6593d","partition":1,"offset":3}
{"level":"INFO","timestamp":"2026-04-12T23:06:08.981+0500","caller":"consumer/groupHandler.go:69","message":"Kafka msg received","topic":"order.assembled"}
{"level":"INFO","timestamp":"2026-04-12T23:06:08.981+0500","caller":"order_consumer/handler.go:21","message":"Processing message","topic":"order.assembled","partition":1,"offset":3,"order_uuid":"27f223be-f0c8-44fe-bc9b-976884c8cfee","event_uuid":"79c0c079-8a9c-41b0-bd31-b35d24c6593d","user_uuid":"27f223be-f0c8-44fe-bc9b-976884c8cfee","build_time_sec":4}
