{"level":"INFO","timestamp":"2026-04-29T00:00:17.345+0500","caller":"app/app.go:169","message":"🗄️ Database initialized and migrations applied"}
{"level":"INFO","timestamp":"2026-04-29T00:00:17.346+0500","caller":"app/app.go:84","message":"🚀 HTTP OrderService server listening on localhost:8080"}
{"level":"INFO","timestamp":"2026-04-29T00:00:17.346+0500","caller":"app/app.go:37","message":"🚀 Order Kafka consumer running"}
{"level":"INFO","timestamp":"2026-04-29T00:00:17.347+0500","caller":"order_consumer/consumer.go:32","message":"Starting order consumer service"}
{"level":"INFO","timestamp":"2026-04-29T00:00:17.354+0500","caller":"sarama@v1.48.0/consumer_group.go:869","message":"New session","member_id":"sarama-0898ee91-0f8b-4b92-9e29-35ba5c6b0a72","claims":{"order.assembled":[0,1]}}
{"level":"INFO","timestamp":"2026-04-29T00:00:26.479+0500","caller":"sarama@v1.48.0/consumer_group.go:969","message":"Kafka session context done"}
{"level":"INFO","timestamp":"2026-04-29T00:00:26.479+0500","caller":"sarama@v1.48.0/consumer_group.go:969","message":"Kafka session context done"}
{"level":"INFO","timestamp":"2026-04-29T00:00:26.982+0500","caller":"order_consumer/consumer.go:33","message":"Kafka consumer group rebalancing..."}
{"level":"INFO","timestamp":"2026-04-29T00:00:26.989+0500","caller":"sarama@v1.48.0/consumer_group.go:869","message":"New session","member_id":"sarama-0898ee91-0f8b-4b92-9e29-35ba5c6b0a72","claims":{"order.assembled":[0]}}
{"level":"INFO","timestamp":"2026-04-29T00:01:08.982+0500","caller":"order_producer/producer.go:28","message":"Message sent","topic":"order.paid","partition":0,"offset":0,"key":"6a2ba254-6972-454c-a05e-34ac3ffd1c63","value":"\n$13946c87-6cf3-4e39-aeb0-678b0a4e77ac\u0012$6a2ba254-6972-454c-a05e-34ac3ffd1c63\u001a$6a2ba254-6972-454c-a05e-34ac3ffd1c63\"\u000einvestor-money*$c74d1cb5-ffc7-44ce-bb46-3df6cd6660ea"}
{"level":"INFO","timestamp":"2026-04-29T00:01:08.989+0500","caller":"sarama@v1.48.0/consumer_group.go:969","message":"message received","member_id":"sarama-0898ee91-0f8b-4b92-9e29-35ba5c6b0a72","key":"13946c87-6cf3-4e39-aeb0-678b0a4e77ac","partition":0,"offset":0}
{"level":"INFO","timestamp":"2026-04-29T00:01:08.989+0500","caller":"consumer/groupHandler.go:66","message":"Kafka msg received","topic":"order.assembled"}
{"level":"INFO","timestamp":"2026-04-29T00:01:08.989+0500","caller":"order_consumer/handler.go:21","message":"Processing message","topic":"order.assembled","partition":0,"offset":0,"order_uuid":"6a2ba254-6972-454c-a05e-34ac3ffd1c63","event_uuid":"13946c87-6cf3-4e39-aeb0-678b0a4e77ac","user_uuid":"6a2ba254-6972-454c-a05e-34ac3ffd1c63","build_time_sec":10}
{"level":"INFO","timestamp":"2026-04-29T00:02:08.332+0500","caller":"order_producer/producer.go:28","message":"Message sent","topic":"order.paid","partition":1,"offset":0,"key":"e9c6b442-f8aa-42ba-b3fa-e7c5646bf620","value":"\n$c969e252-da78-4b88-ac0f-fd46ff26b189\u0012$e9c6b442-f8aa-42ba-b3fa-e7c5646bf620\u001a$e9c6b442-f8aa-42ba-b3fa-e7c5646bf620\"\u000einvestor-money*$c0936a99-11e1-4337-89de-548d1161eb2d"}
{"level":"INFO","timestamp":"2026-04-29T00:02:08.339+0500","caller":"sarama@v1.48.0/consumer_group.go:969","message":"message received","member_id":"sarama-0898ee91-0f8b-4b92-9e29-35ba5c6b0a72","key":"c969e252-da78-4b88-ac0f-fd46ff26b189","partition":0,"offset":1}
{"level":"INFO","timestamp":"2026-04-29T00:02:08.339+0500","caller":"consumer/groupHandler.go:66","message":"Kafka msg received","topic":"order.assembled"}
{"level":"INFO","timestamp":"2026-04-29T00:02:08.339+0500","caller":"order_consumer/handler.go:21","message":"Processing message","topic":"order.assembled","partition":0,"offset":1,"order_uuid":"e9c6b442-f8aa-42ba-b3fa-e7c5646bf620","event_uuid":"c969e252-da78-4b88-ac0f-fd46ff26b189","user_uuid":"e9c6b442-f8aa-42ba-b3fa-e7c5646bf620","build_time_sec":7}
{"level":"INFO","timestamp":"2026-04-29T00:03:03.906+0500","caller":"order_producer/producer.go:28","message":"Message sent","topic":"order.paid","partition":1,"offset":1,"key":"e79b467c-50ac-4f31-bd3c-7ac139cf0647","value":"\n$b0fce3dc-dc7b-4626-9267-625360628d0b\u0012$e79b467c-50ac-4f31-bd3c-7ac139cf0647\u001a$e79b467c-50ac-4f31-bd3c-7ac139cf0647\"\u000einvestor-money*$5133c017-47d2-44b8-93ad-4129217418f0"}
el":"INFO","timestamp":"2026-04-29T00:01:08.989+0500","caller":"order_producer/producer.go:27","message":"Message sent","topic":"order.assembled","partition":0,"offset":0,"key":"13946c87-6cf3-4e39-aeb0-678b0a4e77ac","value":"\n$13946c87-6cf3-4e39-aeb0-678b0a4e77ac\u0012$6a2ba254-6972-454c-a05e-34ac3ffd1c63\u001a$6a2ba254-6972-454c-a05e-34ac3ffd1c63 \n"}
{"level":"INFO","timestamp":"2026-04-29T00:01:08.989+0500","caller":"order_consumer/handler.go:57","message":"handler end"}
{"level":"INFO","timestamp":"2026-04-29T00:02:08.333+0500","caller":"sarama@v1.48.0/consumer_group.go:969","message":"message received","member_id":"sarama-871410e5-fe12-4ad7-91fc-dffe930b1551","key":"e9c6b442-f8aa-42ba-b3fa-e7c5646bf620","partition":1,"offset":0}
{"level":"INFO","timestamp":"2026-04-29T00:02:08.333+0500","caller":"consumer/groupHandler.go:66","message":"Kafka msg received","topic":"order.paid"}
{"level":"INFO","timestamp":"2026-04-29T00:02:08.333+0500","caller":"order_consumer/handler.go:15","message":"handler start"}
{"level":"INFO","timestamp":"2026-04-29T00:02:08.333+0500","caller":"order_consumer/handler.go:23","message":"Processing message","topic":"order.paid","partition":1,"offset":0,"order_uuid":"e9c6b442-f8aa-42ba-b3fa-e7c5646bf620","event_uuid":"c969e252-da78-4b88-ac0f-fd46ff26b189","payment_method":"investor-money","transaction_uuid":"c0936a99-11e1-4337-89de-548d1161eb2d"}
{"level":"INFO","timestamp":"2026-04-29T00:02:08.338+0500","caller":"order_producer/producer.go:27","message":"Message sent","topic":"order.assembled","partition":0,"offset":1,"key":"c969e252-da78-4b88-ac0f-fd46ff26b189","value":"\n$c969e252-da78-4b88-ac0f-fd46ff26b189\u0012$e9c6b442-f8aa-42ba-b3fa-e7c5646bf620\u001a$e9c6b442-f8aa-42ba-b3fa-e7c5646bf620 \u0007"}
{"level":"INFO","timestamp":"2026-04-29T00:02:08.338+0500","caller":"order_consumer/handler.go:57","message":"handler end"}
{"level":"INFO","timestamp":"2026-04-29T00:03:03.906+0500","caller":"sarama@v1.48.0/consumer_group.go:969","message":"message received","member_id":"sarama-871410e5-fe12-4ad7-91fc-dffe930b1551","key":"e79b467c-50ac-4f31-bd3c-7ac139cf0647","partition":1,"offset":1}
{"level":"INFO","timestamp":"2026-04-29T00:03:03.906+0500","caller":"consumer/groupHandler.go:66","message":"Kafka msg received","topic":"order.paid"}
{"level":"INFO","timestamp":"2026-04-29T00:03:03.906+0500","caller":"order_consumer/handler.go:15","message":"handler start"}
{"level":"INFO","timestamp":"2026-04-29T00:03:03.906+0500","caller":"order_consumer/handler.go:23","message":"Processing message","topic":"order.paid","partition":1,"offset":1,"order_uuid":"e79b467c-50ac-4f31-bd3c-7ac139cf0647","event_uuid":"b0fce3dc-dc7b-4626-9267-625360628d0b","payment_method":"investor-money","transaction_uuid":"5133c017-47d2-44b8-93ad-4129217418f0"}
{"level":"INFO","timestamp":"2026-04-29T00:03:03.907+0500","caller":"order_producer/producer.go:27","message":"Message sent","topic":"order.assembled","partition":1,"offset":0,"key":"b0fce3dc-dc7b-4626-9267-625360628d0b","value":"\n$b0fce3dc-dc7b-4626-9267-625360628d0b\u0012$e79b467c-50ac-4f31-bd3c-7ac139cf0647\u001a$e79b467c-50ac-4f31-bd3c-7ac139cf0647 \u0002"}
{"level":"INFO","timestamp":"2026-04-29T00:03:03.907+0500","caller":"order_consumer/handler.go:57","message":"handler end"}
{"level":"INFO","timestamp":"2026-04-29T00:03:03.907+0500","caller":"sarama@v1.48.0/consumer_group.go:969","message":"message received","member_id":"sarama-c616fd8f-004f-431c-a97c-9c307328b33f","key":"b0fce3dc-dc7b-4626-9267-625360628d0b","partition":1,"offset":0}
{"level":"INFO","timestamp":"2026-04-29T00:03:03.908+0500","caller":"consumer/groupHandler.go:66","message":"Kafka msg received","topic":"order.assembled"}
{"level":"INFO","timestamp":"2026-04-29T00:03:03.908+0500","caller":"order_consumer/handler.go:21","message":"Processing message","topic":"order.assembled","partition":1,"offset":0,"order_uuid":"e79b467c-50ac-4f31-bd3c-7ac139cf0647","event_uuid":"b0fce3dc-dc7b-4626-9267-625360628d0b","user_uuid":"e79b467c-50ac-4f31-bd3c-7ac139cf0647","build_time_sec":2}
