{"level":"INFO","timestamp":"2026-05-07T06:30:01.916+0500","caller":"app/app.go:177","message":"🗄️ Database initialized and migrations applied"}
{"level":"INFO","timestamp":"2026-05-07T06:30:01.922+0500","caller":"app/app.go:87","message":"🚀 HTTP OrderService server listening on localhost:8080"}
{"level":"INFO","timestamp":"2026-05-07T06:30:01.922+0500","caller":"app/app.go:40","message":"🚀 Order Kafka consumer running"}
{"level":"INFO","timestamp":"2026-05-07T06:30:01.925+0500","caller":"order_consumer/consumer.go:32","message":"Starting order consumer service"}
{"level":"INFO","timestamp":"2026-05-07T06:30:01.946+0500","caller":"sarama@v1.48.0/consumer_group.go:869","message":"New session","member_id":"sarama-570dea42-8813-4400-964e-53eaaacd70f6","claims":{"order.assembled":[0,1]}}
{"level":"INFO","timestamp":"2026-05-07T06:32:29.808+0500","caller":"sarama@v1.48.0/consumer_group.go:969","message":"Kafka session context done"}
{"level":"INFO","timestamp":"2026-05-07T06:32:29.808+0500","caller":"app/app.go:73","message":"Shutdown signal received"}
{"level":"INFO","timestamp":"2026-05-07T06:32:29.817+0500","caller":"sync/once.go:78","message":"🚦 Начинаем процесс graceful shutdown..."}
{"level":"INFO","timestamp":"2026-05-07T06:32:29.808+0500","caller":"runtime/asm_amd64.s:1693","message":"🛑 Получен системный сигнал, начинаем graceful shutdown..."}
{"level":"INFO","timestamp":"2026-05-07T06:32:29.808+0500","caller":"sarama@v1.48.0/consumer_group.go:969","message":"Kafka session context done"}
{"level":"INFO","timestamp":"2026-05-07T06:32:29.817+0500","caller":"closer/closer.go:171","message":"🧩 Закрываем Payment gRPC connection..."}
{"level":"INFO","timestamp":"2026-05-07T06:32:29.817+0500","caller":"closer/closer.go:171","message":"🧩 Закрываем Kafka sync producer..."}
{"level":"INFO","timestamp":"2026-05-07T06:32:29.817+0500","caller":"closer/closer.go:171","message":"🧩 Закрываем Kafka consumer group..."}
{"level":"INFO","timestamp":"2026-05-07T06:32:29.817+0500","caller":"closer/closer.go:171","message":"🧩 Закрываем PostgresSQL connection..."}
{"level":"INFO","timestamp":"2026-05-07T06:32:29.817+0500","caller":"closer/closer.go:171","message":"🧩 Закрываем Inventory gRPC connection..."}
{"level":"INFO","timestamp":"2026-05-07T06:32:29.817+0500","caller":"closer/closer.go:171","message":"✅ Kafka sync producer успешно закрыт за 177.55µs"}
{"level":"INFO","timestamp":"2026-05-07T06:32:29.817+0500","caller":"closer/closer.go:171","message":"🧩 Закрываем HTTP server..."}
{"level":"INFO","timestamp":"2026-05-07T06:32:29.817+0500","caller":"closer/closer.go:171","message":"🧩 Закрываем IAM gRPC connection..."}
{"level":"INFO","timestamp":"2026-05-07T06:32:29.818+0500","caller":"closer/closer.go:171","message":"✅ PostgresSQL connection успешно закрыт за 307.112µs"}
{"level":"INFO","timestamp":"2026-05-07T06:32:29.818+0500","caller":"closer/closer.go:171","message":"✅ Payment gRPC connection успешно закрыт за 416.503µs"}
{"level":"INFO","timestamp":"2026-05-07T06:32:29.818+0500","caller":"closer/closer.go:171","message":"✅ Inventory gRPC connection успешно закрыт за 447.015µs"}
{"level":"INFO","timestamp":"2026-05-07T06:32:29.818+0500","caller":"closer/closer.go:171","message":"✅ HTTP server успешно закрыт за 591.009µs"}
{"level":"INFO","timestamp":"2026-05-07T06:32:29.818+0500","caller":"closer/closer.go:171","message":"✅ IAM gRPC connection успешно закрыт за 826.605µs"}
{"level":"ERROR","timestamp":"2026-05-07T06:32:29.897+0500","caller":"order_consumer/consumer.go:34","message":"Consume from order.assembled topic error","error":"context canceled"}
{"level":"INFO","timestamp":"2026-05-07T06:32:29.903+0500","caller":"closer/closer.go:171","message":"✅ Kafka consumer group успешно закрыт за 85.390594ms"}
{"level":"INFO","timestamp":"2026-05-07T06:32:29.904+0500","caller":"sync/once.go:78","message":"✅ Все ресурсы успешно закрыты"}
{"level":"INFO","timestamp":"2026-05-07T06:32:32.276+0500","caller":"app/app.go:177","message":"🗄️ Database initialized and migrations applied"}
{"level":"INFO","timestamp":"2026-05-07T06:32:32.284+0500","caller":"app/app.go:87","message":"🚀 HTTP OrderService server listening on localhost:8080"}
{"level":"INFO","timestamp":"2026-05-07T06:32:32.284+0500","caller":"app/app.go:40","message":"🚀 Order Kafka consumer running"}
{"level":"INFO","timestamp":"2026-05-07T06:32:32.288+0500","caller":"order_consumer/consumer.go:32","message":"Starting order consumer service"}
{"level":"INFO","timestamp":"2026-05-07T06:32:32.304+0500","caller":"sarama@v1.48.0/consumer_group.go:869","message":"New session","member_id":"sarama-b05714e0-04e4-498b-b129-66a8ffa8f675","claims":{"order.assembled":[0,1]}}
{"level":"INFO","timestamp":"2026-05-07T06:32:34.414+0500","caller":"app/app.go:94","message":"🗄️ Database initialized and migrations applied"}
{"level":"INFO","timestamp":"2026-05-07T06:32:34.415+0500","caller":"app/app.go:64","message":"🔴 Redis initialized"}
{"level":"INFO","timestamp":"2026-05-07T06:32:34.415+0500","caller":"app/app.go:134","message":"🚀 gRPC IAMService server listening on localhost:50053"}
{"level":"INFO","timestamp":"2026-05-07T06:32:37.198+0500","caller":"runtime/asm_amd64.s:1693","message":"🛑 Получен системный сигнал, начинаем graceful shutdown..."}
{"level":"INFO","timestamp":"2026-05-07T06:32:37.198+0500","caller":"sarama@v1.48.0/consumer_group.go:969","message":"Kafka session context done"}
{"level":"INFO","timestamp":"2026-05-07T06:32:37.199+0500","caller":"sync/once.go:78","message":"🚦 Начинаем процесс graceful shutdown..."}
{"level":"INFO","timestamp":"2026-05-07T06:32:37.198+0500","caller":"sarama@v1.48.0/consumer_group.go:969","message":"Kafka session context done"}
{"level":"INFO","timestamp":"2026-05-07T06:32:37.198+0500","caller":"app/app.go:73","message":"Shutdown signal received"}
{"level":"INFO","timestamp":"2026-05-07T06:32:37.199+0500","caller":"closer/closer.go:171","message":"🧩 Закрываем Kafka consumer group..."}
{"level":"INFO","timestamp":"2026-05-07T06:32:37.199+0500","caller":"closer/closer.go:171","message":"🧩 Закрываем PostgresSQL connection..."}
{"level":"INFO","timestamp":"2026-05-07T06:32:37.199+0500","caller":"closer/closer.go:171","message":"🧩 Закрываем Payment gRPC connection..."}
{"level":"INFO","timestamp":"2026-05-07T06:32:37.199+0500","caller":"closer/closer.go:171","message":"🧩 Закрываем Kafka sync producer..."}
{"level":"INFO","timestamp":"2026-05-07T06:32:37.199+0500","caller":"closer/closer.go:171","message":"🧩 Закрываем IAM gRPC connection..."}
{"level":"INFO","timestamp":"2026-05-07T06:32:37.199+0500","caller":"closer/closer.go:171","message":"🧩 Закрываем HTTP server..."}
{"level":"INFO","timestamp":"2026-05-07T06:32:37.199+0500","caller":"closer/closer.go:171","message":"✅ Payment gRPC connection успешно закрыт за 242.788µs"}
{"level":"INFO","timestamp":"2026-05-07T06:32:37.199+0500","caller":"closer/closer.go:171","message":"✅ Kafka sync producer успешно закрыт за 304.036µs"}
{"level":"INFO","timestamp":"2026-05-07T06:32:37.199+0500","caller":"closer/closer.go:171","message":"🧩 Закрываем Inventory gRPC connection..."}
{"level":"INFO","timestamp":"2026-05-07T06:32:37.199+0500","caller":"closer/closer.go:171","message":"✅ IAM gRPC connection успешно закрыт за 235.412µs"}
{"level":"INFO","timestamp":"2026-05-07T06:32:37.199+0500","caller":"closer/closer.go:171","message":"✅ PostgresSQL connection успешно закрыт за 277.114µs"}
{"level":"INFO","timestamp":"2026-05-07T06:32:37.199+0500","caller":"closer/closer.go:171","message":"✅ Inventory gRPC connection успешно закрыт за 257.828µs"}
{"level":"INFO","timestamp":"2026-05-07T06:32:37.199+0500","caller":"closer/closer.go:171","message":"✅ HTTP server успешно закрыт за 430.535µs"}
{"level":"ERROR","timestamp":"2026-05-07T06:32:37.453+0500","caller":"order_consumer/consumer.go:34","message":"Consume from order.assembled topic error","error":"context canceled"}
{"level":"INFO","timestamp":"2026-05-07T06:32:37.457+0500","caller":"closer/closer.go:171","message":"✅ Kafka consumer group успешно закрыт за 258.454383ms"}
{"level":"INFO","timestamp":"2026-05-07T06:32:37.457+0500","caller":"sync/once.go:78","message":"✅ Все ресурсы успешно закрыты"}
{"level":"INFO","timestamp":"2026-05-07T06:32:38.242+0500","caller":"app/app.go:177","message":"🗄️ Database initialized and migrations applied"}
{"level":"INFO","timestamp":"2026-05-07T06:32:38.246+0500","caller":"app/app.go:87","message":"🚀 HTTP OrderService server listening on localhost:8080"}
{"level":"INFO","timestamp":"2026-05-07T06:32:38.246+0500","caller":"app/app.go:40","message":"🚀 Order Kafka consumer running"}
{"level":"INFO","timestamp":"2026-05-07T06:32:38.249+0500","caller":"order_consumer/consumer.go:32","message":"Starting order consumer service"}
{"level":"INFO","timestamp":"2026-05-07T06:32:38.261+0500","caller":"sarama@v1.48.0/consumer_group.go:869","message":"New session","member_id":"sarama-3f7ca94e-f906-4aa6-a2e3-3f8e58044e98","claims":{"order.assembled":[0,1]}}
{"level":"INFO","timestamp":"2026-05-07T06:33:38.444+0500","caller":"runtime/asm_amd64.s:1693","message":"🛑 Получен системный сигнал, начинаем graceful shutdown..."}
{"level":"INFO","timestamp":"2026-05-07T06:33:38.444+0500","caller":"sync/once.go:78","message":"🚦 Начинаем процесс graceful shutdown..."}
{"level":"INFO","timestamp":"2026-05-07T06:33:38.444+0500","caller":"closer/closer.go:171","message":"🧩 Закрываем Redis pool..."}
{"level":"INFO","timestamp":"2026-05-07T06:33:38.444+0500","caller":"closer/closer.go:171","message":"🧩 Закрываем TCP listener..."}
{"level":"INFO","timestamp":"2026-05-07T06:33:38.444+0500","caller":"closer/closer.go:171","message":"🧩 Закрываем PostgresSQL connection..."}
{"level":"INFO","timestamp":"2026-05-07T06:33:38.445+0500","caller":"closer/closer.go:171","message":"✅ Redis pool успешно закрыт за 158.783µs"}
{"level":"INFO","timestamp":"2026-05-07T06:33:38.444+0500","caller":"closer/closer.go:171","message":"🧩 Закрываем gRPC server..."}
{"level":"INFO","timestamp":"2026-05-07T06:33:38.445+0500","caller":"closer/closer.go:171","message":"✅ TCP listener успешно закрыт за 295.612µs"}
{"level":"INFO","timestamp":"2026-05-07T06:33:38.445+0500","caller":"closer/closer.go:171","message":"✅ PostgresSQL connection успешно закрыт за 222.907µs"}
{"level":"ERROR","timestamp":"2026-05-07T06:33:38.445+0500","caller":"cmd/main.go:39","message":"💥 Ошибка при работе приложения","error":"accept tcp 127.0.0.1:50053: use of closed network connection"}
{"level":"INFO","timestamp":"2026-05-07T06:33:38.445+0500","caller":"closer/closer.go:171","message":"✅ gRPC server успешно закрыт за 831.611µs"}
{"level":"INFO","timestamp":"2026-05-07T06:33:38.445+0500","caller":"sync/once.go:78","message":"✅ Все ресурсы успешно закрыты"}
{"level":"INFO","timestamp":"2026-05-07T06:33:39.360+0500","caller":"app/app.go:94","message":"🗄️ Database initialized and migrations applied"}
{"level":"INFO","timestamp":"2026-05-07T06:33:39.360+0500","caller":"app/app.go:64","message":"🔴 Redis initialized"}
{"level":"INFO","timestamp":"2026-05-07T06:33:39.361+0500","caller":"app/app.go:134","message":"🚀 gRPC IAMService server listening on localhost:50053"}
{"level":"INFO","timestamp":"2026-05-07T06:36:13.617+0500","caller":"app/app.go:73","message":"Shutdown signal received"}
{"level":"INFO","timestamp":"2026-05-07T06:36:13.617+0500","caller":"runtime/asm_amd64.s:1693","message":"🛑 Получен системный сигнал, начинаем graceful shutdown..."}
{"level":"INFO","timestamp":"2026-05-07T06:36:13.617+0500","caller":"sarama@v1.48.0/consumer_group.go:969","message":"Kafka session context done"}
{"level":"INFO","timestamp":"2026-05-07T06:36:13.617+0500","caller":"sarama@v1.48.0/consumer_group.go:969","message":"Kafka session context done"}
{"level":"INFO","timestamp":"2026-05-07T06:36:13.618+0500","caller":"sync/once.go:78","message":"🚦 Начинаем процесс graceful shutdown..."}
{"level":"INFO","timestamp":"2026-05-07T06:36:13.618+0500","caller":"closer/closer.go:171","message":"🧩 Закрываем IAM gRPC connection..."}
{"level":"INFO","timestamp":"2026-05-07T06:36:13.618+0500","caller":"closer/closer.go:171","message":"🧩 Закрываем Inventory gRPC connection..."}
{"level":"INFO","timestamp":"2026-05-07T06:36:13.618+0500","caller":"closer/closer.go:171","message":"🧩 Закрываем Payment gRPC connection..."}
{"level":"INFO","timestamp":"2026-05-07T06:36:13.618+0500","caller":"closer/closer.go:171","message":"🧩 Закрываем Kafka consumer group..."}
{"level":"INFO","timestamp":"2026-05-07T06:36:13.618+0500","caller":"closer/closer.go:171","message":"🧩 Закрываем PostgresSQL connection..."}
{"level":"INFO","timestamp":"2026-05-07T06:36:13.618+0500","caller":"closer/closer.go:171","message":"🧩 Закрываем HTTP server..."}
{"level":"INFO","timestamp":"2026-05-07T06:36:13.618+0500","caller":"closer/closer.go:171","message":"🧩 Закрываем Kafka sync producer..."}
{"level":"INFO","timestamp":"2026-05-07T06:36:13.619+0500","caller":"closer/closer.go:171","message":"✅ PostgresSQL connection успешно закрыт за 402.191µs"}
{"level":"INFO","timestamp":"2026-05-07T06:36:13.619+0500","caller":"closer/closer.go:171","message":"✅ HTTP server успешно закрыт за 510.233µs"}
{"level":"INFO","timestamp":"2026-05-07T06:36:13.619+0500","caller":"closer/closer.go:171","message":"✅ Kafka sync producer успешно закрыт за 555.306µs"}
{"level":"INFO","timestamp":"2026-05-07T06:36:13.619+0500","caller":"closer/closer.go:171","message":"✅ Payment gRPC connection успешно закрыт за 1.019004ms"}
{"level":"INFO","timestamp":"2026-05-07T06:36:13.619+0500","caller":"closer/closer.go:171","message":"✅ Inventory gRPC connection успешно закрыт за 1.033258ms"}
{"level":"INFO","timestamp":"2026-05-07T06:36:13.620+0500","caller":"closer/closer.go:171","message":"✅ IAM gRPC connection успешно закрыт за 1.588309ms"}
{"level":"ERROR","timestamp":"2026-05-07T06:36:13.938+0500","caller":"order_consumer/consumer.go:34","message":"Consume from order.assembled topic error","error":"context canceled"}
{"level":"INFO","timestamp":"2026-05-07T06:36:13.942+0500","caller":"closer/closer.go:171","message":"✅ Kafka consumer group успешно закрыт за 323.982264ms"}
{"level":"INFO","timestamp":"2026-05-07T06:36:13.942+0500","caller":"sync/once.go:78","message":"✅ Все ресурсы успешно закрыты"}
{"level":"INFO","timestamp":"2026-05-07T06:36:16.304+0500","caller":"app/app.go:177","message":"🗄️ Database initialized and migrations applied"}
{"level":"INFO","timestamp":"2026-05-07T06:36:16.315+0500","caller":"app/app.go:40","message":"🚀 Order Kafka consumer running"}
{"level":"INFO","timestamp":"2026-05-07T06:36:16.316+0500","caller":"app/app.go:87","message":"🚀 HTTP OrderService server listening on localhost:8080"}
{"level":"INFO","timestamp":"2026-05-07T06:36:16.318+0500","caller":"order_consumer/consumer.go:32","message":"Starting order consumer service"}
{"level":"INFO","timestamp":"2026-05-07T06:36:16.334+0500","caller":"sarama@v1.48.0/consumer_group.go:869","message":"New session","member_id":"sarama-88b14322-202a-4ca3-9912-ccb2c2d9d196","claims":{"order.assembled":[0,1]}}
{"level":"INFO","timestamp":"2026-05-07T06:37:03.127+0500","caller":"runtime/asm_amd64.s:1693","message":"🛑 Получен системный сигнал, начинаем graceful shutdown..."}
{"level":"INFO","timestamp":"2026-05-07T06:37:03.127+0500","caller":"sarama@v1.48.0/consumer_group.go:969","message":"Kafka session context done"}
{"level":"INFO","timestamp":"2026-05-07T06:37:03.127+0500","caller":"app/app.go:73","message":"Shutdown signal received"}
{"level":"INFO","timestamp":"2026-05-07T06:37:03.127+0500","caller":"sarama@v1.48.0/consumer_group.go:969","message":"Kafka session context done"}
{"level":"INFO","timestamp":"2026-05-07T06:37:03.127+0500","caller":"sync/once.go:78","message":"🚦 Начинаем процесс graceful shutdown..."}
{"level":"INFO","timestamp":"2026-05-07T06:37:03.127+0500","caller":"closer/closer.go:171","message":"🧩 Закрываем Kafka consumer group..."}
{"level":"INFO","timestamp":"2026-05-07T06:37:03.127+0500","caller":"closer/closer.go:171","message":"🧩 Закрываем Payment gRPC connection..."}
{"level":"INFO","timestamp":"2026-05-07T06:37:03.127+0500","caller":"closer/closer.go:171","message":"🧩 Закрываем IAM gRPC connection..."}
{"level":"INFO","timestamp":"2026-05-07T06:37:03.127+0500","caller":"closer/closer.go:171","message":"🧩 Закрываем HTTP server..."}
{"level":"INFO","timestamp":"2026-05-07T06:37:03.127+0500","caller":"closer/closer.go:171","message":"🧩 Закрываем Inventory gRPC connection..."}
{"level":"INFO","timestamp":"2026-05-07T06:37:03.127+0500","caller":"closer/closer.go:171","message":"✅ Payment gRPC connection успешно закрыт за 229.442µs"}
{"level":"INFO","timestamp":"2026-05-07T06:37:03.127+0500","caller":"closer/closer.go:171","message":"🧩 Закрываем Kafka sync producer..."}
{"level":"INFO","timestamp":"2026-05-07T06:37:03.127+0500","caller":"closer/closer.go:171","message":"🧩 Закрываем PostgresSQL connection..."}
{"level":"INFO","timestamp":"2026-05-07T06:37:03.127+0500","caller":"closer/closer.go:171","message":"✅ IAM gRPC connection успешно закрыт за 212.036µs"}
{"level":"INFO","timestamp":"2026-05-07T06:37:03.128+0500","caller":"closer/closer.go:171","message":"✅ HTTP server успешно закрыт за 232.502µs"}
{"level":"INFO","timestamp":"2026-05-07T06:37:03.128+0500","caller":"closer/closer.go:171","message":"✅ Inventory gRPC connection успешно закрыт за 518.587µs"}
{"level":"INFO","timestamp":"2026-05-07T06:37:03.128+0500","caller":"closer/closer.go:171","message":"✅ Kafka sync producer успешно закрыт за 578.288µs"}
{"level":"INFO","timestamp":"2026-05-07T06:37:03.128+0500","caller":"closer/closer.go:171","message":"✅ PostgresSQL connection успешно закрыт за 703.423µs"}
{"level":"ERROR","timestamp":"2026-05-07T06:37:03.174+0500","caller":"order_consumer/consumer.go:34","message":"Consume from order.assembled topic error","error":"context canceled"}
{"level":"INFO","timestamp":"2026-05-07T06:37:03.177+0500","caller":"closer/closer.go:171","message":"✅ Kafka consumer group успешно закрыт за 49.833839ms"}
{"level":"INFO","timestamp":"2026-05-07T06:37:03.177+0500","caller":"sync/once.go:78","message":"✅ Все ресурсы успешно закрыты"}
{"level":"INFO","timestamp":"2026-05-07T06:37:05.124+0500","caller":"app/app.go:177","message":"🗄️ Database initialized and migrations applied"}
{"level":"INFO","timestamp":"2026-05-07T06:37:05.128+0500","caller":"app/app.go:87","message":"🚀 HTTP OrderService server listening on localhost:8080"}
{"level":"INFO","timestamp":"2026-05-07T06:37:05.128+0500","caller":"app/app.go:40","message":"🚀 Order Kafka consumer running"}
{"level":"INFO","timestamp":"2026-05-07T06:37:05.131+0500","caller":"order_consumer/consumer.go:32","message":"Starting order consumer service"}
{"level":"INFO","timestamp":"2026-05-07T06:37:05.141+0500","caller":"sarama@v1.48.0/consumer_group.go:869","message":"New session","member_id":"sarama-2c088959-c100-413e-ace8-31c54938cc9d","claims":{"order.assembled":[0,1]}}
{"level":"INFO","timestamp":"2026-05-07T06:37:17.705+0500","caller":"runtime/asm_amd64.s:1693","message":"🛑 Получен системный сигнал, начинаем graceful shutdown..."}
{"level":"INFO","timestamp":"2026-05-07T06:37:17.705+0500","caller":"sarama@v1.48.0/consumer_group.go:969","message":"Kafka session context done"}
{"level":"INFO","timestamp":"2026-05-07T06:37:17.705+0500","caller":"app/app.go:73","message":"Shutdown signal received"}
{"level":"INFO","timestamp":"2026-05-07T06:37:17.706+0500","caller":"sarama@v1.48.0/consumer_group.go:969","message":"Kafka session context done"}
{"level":"INFO","timestamp":"2026-05-07T06:37:17.706+0500","caller":"sync/once.go:78","message":"🚦 Начинаем процесс graceful shutdown..."}
{"level":"INFO","timestamp":"2026-05-07T06:37:17.706+0500","caller":"closer/closer.go:171","message":"🧩 Закрываем HTTP server..."}
{"level":"INFO","timestamp":"2026-05-07T06:37:17.706+0500","caller":"closer/closer.go:171","message":"🧩 Закрываем Kafka consumer group..."}
{"level":"INFO","timestamp":"2026-05-07T06:37:17.706+0500","caller":"closer/closer.go:171","message":"🧩 Закрываем IAM gRPC connection..."}
{"level":"INFO","timestamp":"2026-05-07T06:37:17.706+0500","caller":"closer/closer.go:171","message":"🧩 Закрываем PostgresSQL connection..."}
{"level":"INFO","timestamp":"2026-05-07T06:37:17.706+0500","caller":"closer/closer.go:171","message":"🧩 Закрываем Inventory gRPC connection..."}
{"level":"INFO","timestamp":"2026-05-07T06:37:17.706+0500","caller":"closer/closer.go:171","message":"✅ HTTP server успешно закрыт за 213.641µs"}
{"level":"INFO","timestamp":"2026-05-07T06:37:17.706+0500","caller":"closer/closer.go:171","message":"🧩 Закрываем Payment gRPC connection..."}
{"level":"INFO","timestamp":"2026-05-07T06:37:17.706+0500","caller":"closer/closer.go:171","message":"✅ PostgresSQL connection успешно закрыт за 208.816µs"}
{"level":"INFO","timestamp":"2026-05-07T06:37:17.706+0500","caller":"closer/closer.go:171","message":"🧩 Закрываем Kafka sync producer..."}
{"level":"INFO","timestamp":"2026-05-07T06:37:17.706+0500","caller":"closer/closer.go:171","message":"✅ Payment gRPC connection успешно закрыт за 192.386µs"}
{"level":"INFO","timestamp":"2026-05-07T06:37:17.706+0500","caller":"closer/closer.go:171","message":"✅ Inventory gRPC connection успешно закрыт за 327.412µs"}
{"level":"INFO","timestamp":"2026-05-07T06:37:17.706+0500","caller":"closer/closer.go:171","message":"✅ Kafka sync producer успешно закрыт за 293.928µs"}
{"level":"INFO","timestamp":"2026-05-07T06:37:17.706+0500","caller":"closer/closer.go:171","message":"✅ IAM gRPC connection успешно закрыт за 397.991µs"}
{"level":"ERROR","timestamp":"2026-05-07T06:37:17.796+0500","caller":"order_consumer/consumer.go:34","message":"Consume from order.assembled topic error","error":"context canceled"}
{"level":"INFO","timestamp":"2026-05-07T06:37:17.800+0500","caller":"closer/closer.go:171","message":"✅ Kafka consumer group успешно закрыт за 93.969801ms"}
{"level":"INFO","timestamp":"2026-05-07T06:37:17.800+0500","caller":"sync/once.go:78","message":"✅ Все ресурсы успешно закрыты"}
{"level":"INFO","timestamp":"2026-05-07T06:37:19.541+0500","caller":"app/app.go:177","message":"🗄️ Database initialized and migrations applied"}
{"level":"INFO","timestamp":"2026-05-07T06:37:19.543+0500","caller":"app/app.go:40","message":"🚀 Order Kafka consumer running"}
{"level":"INFO","timestamp":"2026-05-07T06:37:19.543+0500","caller":"app/app.go:87","message":"🚀 HTTP OrderService server listening on localhost:8080"}
{"level":"INFO","timestamp":"2026-05-07T06:37:19.546+0500","caller":"order_consumer/consumer.go:32","message":"Starting order consumer service"}
{"level":"INFO","timestamp":"2026-05-07T06:37:19.555+0500","caller":"sarama@v1.48.0/consumer_group.go:869","message":"New session","member_id":"sarama-833cbed9-e5d5-45be-856e-02f4bbcd7444","claims":{"order.assembled":[0,1]}}
{"level":"INFO","timestamp":"2026-05-07T06:38:07.891+0500","caller":"runtime/asm_amd64.s:1693","message":"🛑 Получен системный сигнал, начинаем graceful shutdown..."}
{"level":"INFO","timestamp":"2026-05-07T06:38:07.891+0500","caller":"sync/once.go:78","message":"🚦 Начинаем процесс graceful shutdown..."}
{"level":"INFO","timestamp":"2026-05-07T06:38:07.891+0500","caller":"closer/closer.go:171","message":"🧩 Закрываем Payment gRPC connection..."}
{"level":"INFO","timestamp":"2026-05-07T06:38:07.891+0500","caller":"sarama@v1.48.0/consumer_group.go:969","message":"Kafka session context done"}
{"level":"INFO","timestamp":"2026-05-07T06:38:07.891+0500","caller":"closer/closer.go:171","message":"🧩 Закрываем Kafka consumer group..."}
{"level":"INFO","timestamp":"2026-05-07T06:38:07.891+0500","caller":"app/app.go:73","message":"Shutdown signal received"}
{"level":"INFO","timestamp":"2026-05-07T06:38:07.892+0500","caller":"closer/closer.go:171","message":"🧩 Закрываем HTTP server..."}
{"level":"INFO","timestamp":"2026-05-07T06:38:07.892+0500","caller":"closer/closer.go:171","message":"✅ Payment gRPC connection успешно закрыт за 274.04µs"}
{"level":"INFO","timestamp":"2026-05-07T06:38:07.891+0500","caller":"sarama@v1.48.0/consumer_group.go:969","message":"Kafka session context done"}
{"level":"INFO","timestamp":"2026-05-07T06:38:07.891+0500","caller":"closer/closer.go:171","message":"🧩 Закрываем Kafka sync producer..."}
{"level":"INFO","timestamp":"2026-05-07T06:38:07.892+0500","caller":"closer/closer.go:171","message":"✅ Kafka sync producer успешно закрыт за 457.949µs"}
{"level":"INFO","timestamp":"2026-05-07T06:38:07.891+0500","caller":"closer/closer.go:171","message":"🧩 Закрываем Inventory gRPC connection..."}
{"level":"INFO","timestamp":"2026-05-07T06:38:07.891+0500","caller":"closer/closer.go:171","message":"🧩 Закрываем IAM gRPC connection..."}
{"level":"INFO","timestamp":"2026-05-07T06:38:07.892+0500","caller":"closer/closer.go:171","message":"✅ Inventory gRPC connection успешно закрыт за 507.118µs"}
{"level":"INFO","timestamp":"2026-05-07T06:38:07.892+0500","caller":"closer/closer.go:171","message":"✅ HTTP server успешно закрыт за 483.456µs"}
{"level":"INFO","timestamp":"2026-05-07T06:38:07.892+0500","caller":"closer/closer.go:171","message":"🧩 Закрываем PostgresSQL connection..."}
{"level":"INFO","timestamp":"2026-05-07T06:38:07.892+0500","caller":"closer/closer.go:171","message":"✅ PostgresSQL connection успешно закрыт за 726.922µs"}
{"level":"INFO","timestamp":"2026-05-07T06:38:07.893+0500","caller":"closer/closer.go:171","message":"✅ IAM gRPC connection успешно закрыт за 1.364027ms"}
{"level":"ERROR","timestamp":"2026-05-07T06:38:08.390+0500","caller":"order_consumer/consumer.go:34","message":"Consume from order.assembled topic error","error":"context canceled"}
{"level":"INFO","timestamp":"2026-05-07T06:38:08.393+0500","caller":"closer/closer.go:171","message":"✅ Kafka consumer group успешно закрыт за 501.516771ms"}
{"level":"INFO","timestamp":"2026-05-07T06:38:08.393+0500","caller":"sync/once.go:78","message":"✅ Все ресурсы успешно закрыты"}
{"level":"INFO","timestamp":"2026-05-07T06:38:10.362+0500","caller":"app/app.go:176","message":"🗄️ Database initialized and migrations applied"}
{"level":"INFO","timestamp":"2026-05-07T06:38:10.366+0500","caller":"app/app.go:87","message":"🚀 HTTP OrderService server listening on localhost:8080"}
{"level":"INFO","timestamp":"2026-05-07T06:38:10.366+0500","caller":"app/app.go:40","message":"🚀 Order Kafka consumer running"}
{"level":"INFO","timestamp":"2026-05-07T06:38:10.369+0500","caller":"order_consumer/consumer.go:32","message":"Starting order consumer service"}
{"level":"INFO","timestamp":"2026-05-07T06:38:10.377+0500","caller":"sarama@v1.48.0/consumer_group.go:869","message":"New session","member_id":"sarama-c8509051-5e92-4c62-a4be-4fa4fdc45c4d","claims":{"order.assembled":[0,1]}}
{"level":"INFO","timestamp":"2026-05-07T06:38:30.710+0500","caller":"sarama@v1.48.0/consumer_group.go:969","message":"Kafka session context done"}
{"level":"INFO","timestamp":"2026-05-07T06:38:30.710+0500","caller":"sarama@v1.48.0/consumer_group.go:969","message":"Kafka session context done"}
{"level":"INFO","timestamp":"2026-05-07T06:38:30.710+0500","caller":"app/app.go:73","message":"Shutdown signal received"}
{"level":"INFO","timestamp":"2026-05-07T06:38:30.710+0500","caller":"sync/once.go:78","message":"🚦 Начинаем процесс graceful shutdown..."}
{"level":"INFO","timestamp":"2026-05-07T06:38:30.710+0500","caller":"closer/closer.go:171","message":"🧩 Закрываем HTTP server..."}
{"level":"INFO","timestamp":"2026-05-07T06:38:30.710+0500","caller":"runtime/asm_amd64.s:1693","message":"🛑 Получен системный сигнал, начинаем graceful shutdown..."}
{"level":"INFO","timestamp":"2026-05-07T06:38:30.710+0500","caller":"closer/closer.go:171","message":"🧩 Закрываем PostgresSQL connection..."}
{"level":"INFO","timestamp":"2026-05-07T06:38:30.710+0500","caller":"closer/closer.go:171","message":"🧩 Закрываем Inventory gRPC connection..."}
{"level":"INFO","timestamp":"2026-05-07T06:38:30.710+0500","caller":"closer/closer.go:171","message":"🧩 Закрываем Payment gRPC connection..."}
{"level":"INFO","timestamp":"2026-05-07T06:38:30.710+0500","caller":"closer/closer.go:171","message":"🧩 Закрываем IAM gRPC connection..."}
{"level":"INFO","timestamp":"2026-05-07T06:38:30.710+0500","caller":"closer/closer.go:171","message":"🧩 Закрываем Kafka consumer group..."}
{"level":"INFO","timestamp":"2026-05-07T06:38:30.710+0500","caller":"closer/closer.go:171","message":"🧩 Закрываем Kafka sync producer..."}
{"level":"INFO","timestamp":"2026-05-07T06:38:30.710+0500","caller":"closer/closer.go:171","message":"✅ Payment gRPC connection успешно закрыт за 133.83µs"}
{"level":"INFO","timestamp":"2026-05-07T06:38:30.710+0500","caller":"closer/closer.go:171","message":"✅ Inventory gRPC connection успешно закрыт за 195.805µs"}
{"level":"INFO","timestamp":"2026-05-07T06:38:30.710+0500","caller":"closer/closer.go:171","message":"✅ PostgresSQL connection успешно закрыт за 262.685µs"}
{"level":"INFO","timestamp":"2026-05-07T06:38:30.711+0500","caller":"closer/closer.go:171","message":"✅ Kafka sync producer успешно закрыт за 271.699µs"}
{"level":"INFO","timestamp":"2026-05-07T06:38:30.711+0500","caller":"closer/closer.go:171","message":"✅ HTTP server успешно закрыт за 430.252µs"}
{"level":"INFO","timestamp":"2026-05-07T06:38:30.711+0500","caller":"closer/closer.go:171","message":"✅ IAM gRPC connection успешно закрыт за 805.978µs"}
{"level":"ERROR","timestamp":"2026-05-07T06:38:31.068+0500","caller":"order_consumer/consumer.go:34","message":"Consume from order.assembled topic error","error":"context canceled"}
{"level":"INFO","timestamp":"2026-05-07T06:38:31.072+0500","caller":"closer/closer.go:171","message":"✅ Kafka consumer group успешно закрыт за 361.879112ms"}
{"level":"INFO","timestamp":"2026-05-07T06:38:31.072+0500","caller":"sync/once.go:78","message":"✅ Все ресурсы успешно закрыты"}
{"level":"INFO","timestamp":"2026-05-07T06:38:32.798+0500","caller":"app/app.go:176","message":"🗄️ Database initialized and migrations applied"}
{"level":"INFO","timestamp":"2026-05-07T06:38:32.804+0500","caller":"app/app.go:87","message":"🚀 HTTP OrderService server listening on localhost:8080"}
{"level":"INFO","timestamp":"2026-05-07T06:38:32.804+0500","caller":"app/app.go:40","message":"🚀 Order Kafka consumer running"}
{"level":"INFO","timestamp":"2026-05-07T06:38:32.810+0500","caller":"order_consumer/consumer.go:32","message":"Starting order consumer service"}
{"level":"INFO","timestamp":"2026-05-07T06:38:32.832+0500","caller":"sarama@v1.48.0/consumer_group.go:869","message":"New session","member_id":"sarama-659fcc79-3f23-42a7-966a-0d503d24067f","claims":{"order.assembled":[0,1]}}
{"level":"INFO","timestamp":"2026-05-07T06:40:02.596+0500","caller":"runtime/asm_amd64.s:1693","message":"🛑 Получен системный сигнал, начинаем graceful shutdown..."}
{"level":"INFO","timestamp":"2026-05-07T06:40:02.596+0500","caller":"app/app.go:73","message":"Shutdown signal received"}
{"level":"INFO","timestamp":"2026-05-07T06:40:02.596+0500","caller":"sarama@v1.48.0/consumer_group.go:969","message":"Kafka session context done"}
{"level":"INFO","timestamp":"2026-05-07T06:40:02.596+0500","caller":"sarama@v1.48.0/consumer_group.go:969","message":"Kafka session context done"}
{"level":"INFO","timestamp":"2026-05-07T06:40:02.597+0500","caller":"sync/once.go:78","message":"🚦 Начинаем процесс graceful shutdown..."}
{"level":"INFO","timestamp":"2026-05-07T06:40:02.597+0500","caller":"closer/closer.go:171","message":"🧩 Закрываем Kafka sync producer..."}
{"level":"INFO","timestamp":"2026-05-07T06:40:02.597+0500","caller":"closer/closer.go:171","message":"🧩 Закрываем Payment gRPC connection..."}
{"level":"INFO","timestamp":"2026-05-07T06:40:02.597+0500","caller":"closer/closer.go:171","message":"🧩 Закрываем Inventory gRPC connection..."}
{"level":"INFO","timestamp":"2026-05-07T06:40:02.597+0500","caller":"closer/closer.go:171","message":"🧩 Закрываем IAM gRPC connection..."}
{"level":"INFO","timestamp":"2026-05-07T06:40:02.597+0500","caller":"closer/closer.go:171","message":"🧩 Закрываем Kafka consumer group..."}
{"level":"INFO","timestamp":"2026-05-07T06:40:02.597+0500","caller":"closer/closer.go:171","message":"🧩 Закрываем PostgresSQL connection..."}
{"level":"INFO","timestamp":"2026-05-07T06:40:02.597+0500","caller":"closer/closer.go:171","message":"✅ Payment gRPC connection успешно закрыт за 215.777µs"}
{"level":"INFO","timestamp":"2026-05-07T06:40:02.597+0500","caller":"closer/closer.go:171","message":"✅ Inventory gRPC connection успешно закрыт за 241.334µs"}
{"level":"INFO","timestamp":"2026-05-07T06:40:02.597+0500","caller":"closer/closer.go:171","message":"🧩 Закрываем HTTP server..."}
{"level":"INFO","timestamp":"2026-05-07T06:40:02.597+0500","caller":"closer/closer.go:171","message":"✅ Kafka sync producer успешно закрыт за 304.645µs"}
{"level":"INFO","timestamp":"2026-05-07T06:40:02.598+0500","caller":"closer/closer.go:171","message":"✅ PostgresSQL connection успешно закрыт за 334.094µs"}
{"level":"INFO","timestamp":"2026-05-07T06:40:02.598+0500","caller":"closer/closer.go:171","message":"✅ HTTP server успешно закрыт за 610.312µs"}
{"level":"INFO","timestamp":"2026-05-07T06:40:02.598+0500","caller":"closer/closer.go:171","message":"✅ IAM gRPC connection успешно закрыт за 910.245µs"}
{"level":"ERROR","timestamp":"2026-05-07T06:40:03.080+0500","caller":"order_consumer/consumer.go:34","message":"Consume from order.assembled topic error","error":"context canceled"}
{"level":"INFO","timestamp":"2026-05-07T06:40:03.083+0500","caller":"closer/closer.go:171","message":"✅ Kafka consumer group успешно закрыт за 485.400601ms"}
{"level":"INFO","timestamp":"2026-05-07T06:40:03.083+0500","caller":"sync/once.go:78","message":"✅ Все ресурсы успешно закрыты"}
{"level":"INFO","timestamp":"2026-05-07T06:40:04.762+0500","caller":"app/app.go:176","message":"🗄️ Database initialized and migrations applied"}
{"level":"INFO","timestamp":"2026-05-07T06:40:04.766+0500","caller":"app/app.go:87","message":"🚀 HTTP OrderService server listening on localhost:8080"}
{"level":"INFO","timestamp":"2026-05-07T06:40:04.766+0500","caller":"app/app.go:40","message":"🚀 Order Kafka consumer running"}
{"level":"INFO","timestamp":"2026-05-07T06:40:04.768+0500","caller":"order_consumer/consumer.go:32","message":"Starting order consumer service"}
{"level":"INFO","timestamp":"2026-05-07T06:40:04.782+0500","caller":"sarama@v1.48.0/consumer_group.go:869","message":"New session","member_id":"sarama-6c62e192-6ac4-4a83-8f4f-1b6c48091b05","claims":{"order.assembled":[0,1]}}
{"level":"INFO","timestamp":"2026-05-07T06:49:29.235+0500","caller":"runtime/asm_amd64.s:1693","message":"🛑 Получен системный сигнал, начинаем graceful shutdown..."}
{"level":"INFO","timestamp":"2026-05-07T06:49:29.244+0500","caller":"sync/once.go:78","message":"🚦 Начинаем процесс graceful shutdown..."}
{"level":"INFO","timestamp":"2026-05-07T06:49:29.236+0500","caller":"sarama@v1.48.0/consumer_group.go:969","message":"Kafka session context done"}
{"level":"INFO","timestamp":"2026-05-07T06:49:29.244+0500","caller":"closer/closer.go:171","message":"🧩 Закрываем Kafka consumer group..."}
{"level":"INFO","timestamp":"2026-05-07T06:49:29.235+0500","caller":"app/app.go:73","message":"Shutdown signal received"}
{"level":"INFO","timestamp":"2026-05-07T06:49:29.236+0500","caller":"sarama@v1.48.0/consumer_group.go:969","message":"Kafka session context done"}
{"level":"INFO","timestamp":"2026-05-07T06:49:29.245+0500","caller":"closer/closer.go:171","message":"🧩 Закрываем Payment gRPC connection..."}
{"level":"INFO","timestamp":"2026-05-07T06:49:29.245+0500","caller":"closer/closer.go:171","message":"🧩 Закрываем IAM gRPC connection..."}
{"level":"INFO","timestamp":"2026-05-07T06:49:29.245+0500","caller":"closer/closer.go:171","message":"🧩 Закрываем HTTP server..."}
{"level":"INFO","timestamp":"2026-05-07T06:49:29.245+0500","caller":"closer/closer.go:171","message":"🧩 Закрываем Kafka sync producer..."}
{"level":"INFO","timestamp":"2026-05-07T06:49:29.245+0500","caller":"closer/closer.go:171","message":"🧩 Закрываем PostgresSQL connection..."}
{"level":"INFO","timestamp":"2026-05-07T06:49:29.245+0500","caller":"closer/closer.go:171","message":"🧩 Закрываем Inventory gRPC connection..."}
{"level":"INFO","timestamp":"2026-05-07T06:49:29.245+0500","caller":"closer/closer.go:171","message":"✅ Payment gRPC connection успешно закрыт за 301.756µs"}
{"level":"INFO","timestamp":"2026-05-07T06:49:29.245+0500","caller":"closer/closer.go:171","message":"✅ Kafka sync producer успешно закрыт за 190.914µs"}
{"level":"INFO","timestamp":"2026-05-07T06:49:29.245+0500","caller":"closer/closer.go:171","message":"✅ PostgresSQL connection успешно закрыт за 270.409µs"}
{"level":"INFO","timestamp":"2026-05-07T06:49:29.245+0500","caller":"closer/closer.go:171","message":"✅ HTTP server успешно закрыт за 418.14µs"}
{"level":"INFO","timestamp":"2026-05-07T06:49:29.245+0500","caller":"closer/closer.go:171","message":"✅ Inventory gRPC connection успешно закрыт за 409.287µs"}
{"level":"INFO","timestamp":"2026-05-07T06:49:29.245+0500","caller":"closer/closer.go:171","message":"✅ IAM gRPC connection успешно закрыт за 525.805µs"}
{"level":"ERROR","timestamp":"2026-05-07T06:49:29.400+0500","caller":"order_consumer/consumer.go:34","message":"Consume from order.assembled topic error","error":"context canceled"}
{"level":"INFO","timestamp":"2026-05-07T06:49:29.404+0500","caller":"closer/closer.go:171","message":"✅ Kafka consumer group успешно закрыт за 159.353347ms"}
{"level":"INFO","timestamp":"2026-05-07T06:49:29.404+0500","caller":"sync/once.go:78","message":"✅ Все ресурсы успешно закрыты"}
{"level":"INFO","timestamp":"2026-05-07T06:49:31.758+0500","caller":"app/app.go:176","message":"🗄️ Database initialized and migrations applied"}
{"level":"INFO","timestamp":"2026-05-07T06:49:31.764+0500","caller":"app/app.go:87","message":"🚀 HTTP OrderService server listening on localhost:8080"}
{"level":"INFO","timestamp":"2026-05-07T06:49:31.764+0500","caller":"app/app.go:40","message":"🚀 Order Kafka consumer running"}
{"level":"INFO","timestamp":"2026-05-07T06:49:31.769+0500","caller":"order_consumer/consumer.go:32","message":"Starting order consumer service"}
{"level":"INFO","timestamp":"2026-05-07T06:49:31.787+0500","caller":"sarama@v1.48.0/consumer_group.go:869","message":"New session","member_id":"sarama-56c5d5a0-741d-4717-925a-8df921edbf67","claims":{"order.assembled":[0,1]}}
{"level":"INFO","timestamp":"2026-05-08T09:04:15.484+0500","caller":"sarama@v1.48.0/consumer_group.go:969","message":"Kafka session context done"}
{"level":"INFO","timestamp":"2026-05-08T09:04:15.483+0500","caller":"sarama@v1.48.0/consumer_group.go:969","message":"Kafka session context done"}
