{"level":"INFO","timestamp":"2026-05-04T22:07:55.624+0500","caller":"app/app.go:93","message":"🗄️ Database initialized and migrations applied"}
{"level":"INFO","timestamp":"2026-05-04T22:07:55.624+0500","caller":"app/app.go:63","message":"🔴 Redis initialized"}
{"level":"INFO","timestamp":"2026-05-04T22:07:55.624+0500","caller":"app/app.go:132","message":"🚀 gRPC IAMService server listening on localhost:50053"}
{"level":"ERROR","timestamp":"2026-05-04T22:11:41.973+0500","caller":"v1/get.go:26","message":"error while getting user","user_uuid":"5abab3f5-0f46-4682-96b0-51690262f139","error":"user not found"}
{"level":"INFO","timestamp":"2026-05-04T22:14:56.546+0500","caller":"runtime/asm_amd64.s:1693","message":"🛑 Получен системный сигнал, начинаем graceful shutdown..."}
{"level":"INFO","timestamp":"2026-05-04T22:14:56.546+0500","caller":"sync/once.go:78","message":"🚦 Начинаем процесс graceful shutdown..."}
{"level":"INFO","timestamp":"2026-05-04T22:14:56.546+0500","caller":"closer/closer.go:171","message":"🧩 Закрываем Redis pool..."}
{"level":"INFO","timestamp":"2026-05-04T22:14:56.547+0500","caller":"closer/closer.go:171","message":"🧩 Закрываем PostgresSQL connection..."}
{"level":"INFO","timestamp":"2026-05-04T22:14:56.547+0500","caller":"closer/closer.go:171","message":"✅ Redis pool успешно закрыт за 108.867µs"}
{"level":"INFO","timestamp":"2026-05-04T22:14:56.547+0500","caller":"closer/closer.go:171","message":"🧩 Закрываем TCP listener..."}
{"level":"INFO","timestamp":"2026-05-04T22:14:56.547+0500","caller":"closer/closer.go:171","message":"🧩 Закрываем gRPC server..."}
{"level":"INFO","timestamp":"2026-05-04T22:14:56.547+0500","caller":"closer/closer.go:171","message":"✅ PostgresSQL connection успешно закрыт за 555.8µs"}
{"level":"INFO","timestamp":"2026-05-04T22:14:56.547+0500","caller":"closer/closer.go:171","message":"✅ TCP listener успешно закрыт за 619.19µs"}
{"level":"INFO","timestamp":"2026-05-04T22:14:56.554+0500","caller":"closer/closer.go:171","message":"✅ gRPC server успешно закрыт за 7.484133ms"}
{"level":"INFO","timestamp":"2026-05-04T22:14:56.554+0500","caller":"sync/once.go:78","message":"✅ Все ресурсы успешно закрыты"}
{"level":"INFO","timestamp":"2026-05-04T22:14:57.794+0500","caller":"app/app.go:94","message":"🗄️ Database initialized and migrations applied"}
{"level":"INFO","timestamp":"2026-05-04T22:14:57.794+0500","caller":"app/app.go:64","message":"🔴 Redis initialized"}
{"level":"INFO","timestamp":"2026-05-04T22:14:57.795+0500","caller":"app/app.go:134","message":"🚀 gRPC IAMService server listening on localhost:50053"}
{"level":"ERROR","timestamp":"2026-05-04T22:15:22.988+0500","caller":"v1/login.go:20","message":"invalid credentials","error":"invalid credentials"}
{"level":"INFO","timestamp":"2026-05-04T22:16:14.924+0500","caller":"runtime/asm_amd64.s:1693","message":"🛑 Получен системный сигнал, начинаем graceful shutdown..."}
{"level":"INFO","timestamp":"2026-05-04T22:16:14.927+0500","caller":"sync/once.go:78","message":"🚦 Начинаем процесс graceful shutdown..."}
{"level":"INFO","timestamp":"2026-05-04T22:16:14.929+0500","caller":"closer/closer.go:171","message":"🧩 Закрываем Redis pool..."}
{"level":"INFO","timestamp":"2026-05-04T22:16:14.929+0500","caller":"closer/closer.go:171","message":"✅ Redis pool успешно закрыт за 824.39µs"}
{"level":"INFO","timestamp":"2026-05-04T22:16:14.929+0500","caller":"closer/closer.go:171","message":"🧩 Закрываем gRPC server..."}
{"level":"INFO","timestamp":"2026-05-04T22:16:14.929+0500","caller":"closer/closer.go:171","message":"🧩 Закрываем TCP listener..."}
{"level":"INFO","timestamp":"2026-05-04T22:16:14.930+0500","caller":"closer/closer.go:171","message":"🧩 Закрываем PostgresSQL connection..."}
{"level":"INFO","timestamp":"2026-05-04T22:16:14.931+0500","caller":"closer/closer.go:171","message":"✅ TCP listener успешно закрыт за 3.042481ms"}
{"level":"INFO","timestamp":"2026-05-04T22:16:14.933+0500","caller":"closer/closer.go:171","message":"✅ PostgresSQL connection успешно закрыт за 3.946823ms"}
{"level":"INFO","timestamp":"2026-05-04T22:16:14.935+0500","caller":"closer/closer.go:171","message":"✅ gRPC server успешно закрыт за 6.830807ms"}
{"level":"INFO","timestamp":"2026-05-04T22:16:14.935+0500","caller":"sync/once.go:78","message":"✅ Все ресурсы успешно закрыты"}
{"level":"INFO","timestamp":"2026-05-04T22:16:16.331+0500","caller":"app/app.go:94","message":"🗄️ Database initialized and migrations applied"}
{"level":"INFO","timestamp":"2026-05-04T22:16:16.332+0500","caller":"app/app.go:64","message":"🔴 Redis initialized"}
{"level":"INFO","timestamp":"2026-05-04T22:16:16.332+0500","caller":"app/app.go:134","message":"🚀 gRPC IAMService server listening on localhost:50053"}
{"level":"ERROR","timestamp":"2026-05-04T22:16:39.177+0500","caller":"v1/login.go:20","message":"invalid credentials","error":"invalid credentials"}
{"level":"INFO","timestamp":"2026-05-04T22:41:17.951+0500","caller":"runtime/asm_amd64.s:1693","message":"🛑 Получен системный сигнал, начинаем graceful shutdown..."}
{"level":"INFO","timestamp":"2026-05-04T22:41:17.952+0500","caller":"sync/once.go:78","message":"🚦 Начинаем процесс graceful shutdown..."}
{"level":"INFO","timestamp":"2026-05-04T22:41:17.952+0500","caller":"closer/closer.go:171","message":"🧩 Закрываем TCP listener..."}
{"level":"INFO","timestamp":"2026-05-04T22:41:17.952+0500","caller":"closer/closer.go:171","message":"🧩 Закрываем gRPC server..."}
{"level":"INFO","timestamp":"2026-05-04T22:41:17.952+0500","caller":"closer/closer.go:171","message":"🧩 Закрываем Redis pool..."}
{"level":"INFO","timestamp":"2026-05-04T22:41:17.952+0500","caller":"closer/closer.go:171","message":"✅ TCP listener успешно закрыт за 190.087µs"}
{"level":"INFO","timestamp":"2026-05-04T22:41:17.952+0500","caller":"closer/closer.go:171","message":"🧩 Закрываем PostgresSQL connection..."}
{"level":"INFO","timestamp":"2026-05-04T22:41:17.952+0500","caller":"closer/closer.go:171","message":"✅ Redis pool успешно закрыт за 287.183µs"}
{"level":"INFO","timestamp":"2026-05-04T22:41:17.952+0500","caller":"closer/closer.go:171","message":"✅ PostgresSQL connection успешно закрыт за 299.341µs"}
{"level":"INFO","timestamp":"2026-05-04T22:41:17.954+0500","caller":"closer/closer.go:171","message":"✅ gRPC server успешно закрыт за 2.116196ms"}
{"level":"INFO","timestamp":"2026-05-04T22:41:17.954+0500","caller":"sync/once.go:78","message":"✅ Все ресурсы успешно закрыты"}
{"level":"INFO","timestamp":"2026-05-04T22:41:19.072+0500","caller":"app/app.go:94","message":"🗄️ Database initialized and migrations applied"}
{"level":"INFO","timestamp":"2026-05-04T22:41:19.073+0500","caller":"app/app.go:64","message":"🔴 Redis initialized"}
{"level":"INFO","timestamp":"2026-05-04T22:41:19.074+0500","caller":"app/app.go:134","message":"🚀 gRPC IAMService server listening on localhost:50053"}
