{"level":"INFO","timestamp":"2026-02-28T22:02:09.628+0500","caller":"app/app.go:109","message":"🚀 gRPC InventoryService server listening on localhost:50051"}
{"level":"INFO","timestamp":"2026-02-28T22:02:20.550+0500","caller":"runtime/asm_amd64.s:1693","message":"🛑 Получен системный сигнал, начинаем graceful shutdown..."}
{"level":"INFO","timestamp":"2026-02-28T22:02:20.550+0500","caller":"sync/once.go:78","message":"🚦 Начинаем процесс graceful shutdown..."}
{"level":"INFO","timestamp":"2026-02-28T22:02:20.550+0500","caller":"closer/closer.go:171","message":"🧩 Закрываем gRPC server..."}
{"level":"INFO","timestamp":"2026-02-28T22:02:20.550+0500","caller":"closer/closer.go:171","message":"🧩 Закрываем TCP listener..."}
{"level":"INFO","timestamp":"2026-02-28T22:02:20.551+0500","caller":"closer/closer.go:171","message":"✅ gRPC server успешно закрыт за 324.093µs"}
{"level":"INFO","timestamp":"2026-02-28T22:02:20.551+0500","caller":"closer/closer.go:171","message":"✅ TCP listener успешно закрыт за 308.853µs"}
{"level":"INFO","timestamp":"2026-02-28T22:02:20.551+0500","caller":"sync/once.go:78","message":"✅ Все ресурсы успешно закрыты"}
{"level":"INFO","timestamp":"2026-02-28T22:02:21.983+0500","caller":"app/app.go:109","message":"🚀 gRPC InventoryService server listening on localhost:50051"}
{"level":"INFO","timestamp":"2026-02-28T22:02:57.306+0500","caller":"runtime/asm_amd64.s:1693","message":"🛑 Получен системный сигнал, начинаем graceful shutdown..."}
{"level":"INFO","timestamp":"2026-02-28T22:02:57.306+0500","caller":"sync/once.go:78","message":"🚦 Начинаем процесс graceful shutdown..."}
{"level":"INFO","timestamp":"2026-02-28T22:02:57.306+0500","caller":"closer/closer.go:171","message":"🧩 Закрываем gRPC server..."}
{"level":"INFO","timestamp":"2026-02-28T22:02:57.306+0500","caller":"closer/closer.go:171","message":"🧩 Закрываем TCP listener..."}
{"level":"INFO","timestamp":"2026-02-28T22:02:57.307+0500","caller":"closer/closer.go:171","message":"✅ gRPC server успешно закрыт за 302.997µs"}
{"level":"INFO","timestamp":"2026-02-28T22:02:57.307+0500","caller":"closer/closer.go:171","message":"✅ TCP listener успешно закрыт за 179.957µs"}
{"level":"INFO","timestamp":"2026-02-28T22:02:57.307+0500","caller":"sync/once.go:78","message":"✅ Все ресурсы успешно закрыты"}
{"level":"INFO","timestamp":"2026-02-28T22:02:58.623+0500","caller":"app/app.go:109","message":"🚀 gRPC InventoryService server listening on localhost:50051"}
{"level":"INFO","timestamp":"2026-02-28T22:03:09.964+0500","caller":"runtime/asm_amd64.s:1693","message":"🛑 Получен системный сигнал, начинаем graceful shutdown..."}
{"level":"INFO","timestamp":"2026-02-28T22:03:09.964+0500","caller":"sync/once.go:78","message":"🚦 Начинаем процесс graceful shutdown..."}
{"level":"INFO","timestamp":"2026-02-28T22:03:09.964+0500","caller":"closer/closer.go:171","message":"🧩 Закрываем gRPC server..."}
{"level":"INFO","timestamp":"2026-02-28T22:03:09.964+0500","caller":"closer/closer.go:171","message":"🧩 Закрываем TCP listener..."}
{"level":"INFO","timestamp":"2026-02-28T22:03:09.964+0500","caller":"closer/closer.go:171","message":"✅ TCP listener успешно закрыт за 123.823µs"}
{"level":"INFO","timestamp":"2026-02-28T22:03:09.964+0500","caller":"closer/closer.go:171","message":"✅ gRPC server успешно закрыт за 193.861µs"}
{"level":"INFO","timestamp":"2026-02-28T22:03:09.964+0500","caller":"sync/once.go:78","message":"✅ Все ресурсы успешно закрыты"}
{"level":"INFO","timestamp":"2026-02-28T22:03:11.161+0500","caller":"app/app.go:109","message":"🚀 gRPC InventoryService server listening on localhost:50051"}
{"level":"INFO","timestamp":"2026-02-28T22:03:13.042+0500","caller":"runtime/asm_amd64.s:1693","message":"🛑 Получен системный сигнал, начинаем graceful shutdown..."}
{"level":"INFO","timestamp":"2026-02-28T22:03:13.042+0500","caller":"sync/once.go:78","message":"🚦 Начинаем процесс graceful shutdown..."}
{"level":"INFO","timestamp":"2026-02-28T22:03:13.042+0500","caller":"closer/closer.go:171","message":"🧩 Закрываем gRPC server..."}
{"level":"INFO","timestamp":"2026-02-28T22:03:13.042+0500","caller":"closer/closer.go:171","message":"🧩 Закрываем TCP listener..."}
{"level":"INFO","timestamp":"2026-02-28T22:03:13.042+0500","caller":"closer/closer.go:171","message":"✅ gRPC server успешно закрыт за 246.068µs"}
{"level":"INFO","timestamp":"2026-02-28T22:03:13.042+0500","caller":"closer/closer.go:171","message":"✅ TCP listener успешно закрыт за 261.204µs"}
{"level":"INFO","timestamp":"2026-02-28T22:03:13.042+0500","caller":"sync/once.go:78","message":"✅ Все ресурсы успешно закрыты"}
