{"level":"ERROR","timestamp":"2026-03-29T13:20:36.636+0500","caller":"cmd/main.go:35","message":"❌ Не удалось создать приложение","error":"failed to run migrations: ./order/migrations directory does not exist"}
{"level":"INFO","timestamp":"2026-03-29T13:20:36.636+0500","caller":"sync/once.go:78","message":"🚦 Начинаем процесс graceful shutdown..."}
{"level":"INFO","timestamp":"2026-03-29T13:20:36.636+0500","caller":"closer/closer.go:171","message":"🧩 Закрываем PostgresSQL connection..."}
{"level":"INFO","timestamp":"2026-03-29T13:20:36.636+0500","caller":"closer/closer.go:171","message":"✅ PostgresSQL connection успешно закрыт за 229.152µs"}
{"level":"INFO","timestamp":"2026-03-29T13:20:36.636+0500","caller":"sync/once.go:78","message":"✅ Все ресурсы успешно закрыты"}
{"level":"INFO","timestamp":"2026-03-29T13:22:03.317+0500","caller":"app/app.go:128","message":"🗄️ Database initialized and migrations applied"}
{"level":"INFO","timestamp":"2026-03-29T13:22:03.317+0500","caller":"app/app.go:34","message":"🚀 HTTP OrderService server listening on localhost:8080"}
{"level":"INFO","timestamp":"2026-03-29T13:22:05.180+0500","caller":"runtime/asm_amd64.s:1693","message":"🛑 Получен системный сигнал, начинаем graceful shutdown..."}
{"level":"INFO","timestamp":"2026-03-29T13:22:05.180+0500","caller":"sync/once.go:78","message":"🚦 Начинаем процесс graceful shutdown..."}
{"level":"INFO","timestamp":"2026-03-29T13:22:05.181+0500","caller":"closer/closer.go:171","message":"🧩 Закрываем PostgresSQL connection..."}
{"level":"INFO","timestamp":"2026-03-29T13:22:05.181+0500","caller":"closer/closer.go:171","message":"🧩 Закрываем Inventory gRPC connection..."}
{"level":"INFO","timestamp":"2026-03-29T13:22:05.181+0500","caller":"closer/closer.go:171","message":"🧩 Закрываем Payment gRPC connection..."}
{"level":"INFO","timestamp":"2026-03-29T13:22:05.181+0500","caller":"closer/closer.go:171","message":"✅ PostgresSQL connection успешно закрыт за 321.984µs"}
{"level":"INFO","timestamp":"2026-03-29T13:22:05.181+0500","caller":"closer/closer.go:171","message":"✅ Inventory gRPC connection успешно закрыт за 441.469µs"}
{"level":"INFO","timestamp":"2026-03-29T13:22:05.181+0500","caller":"closer/closer.go:171","message":"🧩 Закрываем HTTP server..."}
{"level":"INFO","timestamp":"2026-03-29T13:22:05.181+0500","caller":"closer/closer.go:171","message":"✅ Payment gRPC connection успешно закрыт за 413.178µs"}
{"level":"INFO","timestamp":"2026-03-29T13:22:05.181+0500","caller":"closer/closer.go:171","message":"✅ HTTP server успешно закрыт за 736.452µs"}
{"level":"INFO","timestamp":"2026-03-29T13:22:05.182+0500","caller":"sync/once.go:78","message":"✅ Все ресурсы успешно закрыты"}
{"level":"INFO","timestamp":"2026-03-29T13:22:50.332+0500","caller":"app/app.go:128","message":"🗄️ Database initialized and migrations applied"}
{"level":"INFO","timestamp":"2026-03-29T13:22:50.333+0500","caller":"app/app.go:34","message":"🚀 HTTP OrderService server listening on localhost:8080"}
{"level":"INFO","timestamp":"2026-03-29T22:31:00.076+0500","caller":"runtime/asm_amd64.s:1693","message":"🛑 Получен системный сигнал, начинаем graceful shutdown..."}
{"level":"INFO","timestamp":"2026-03-29T22:31:00.085+0500","caller":"sync/once.go:78","message":"🚦 Начинаем процесс graceful shutdown..."}
{"level":"INFO","timestamp":"2026-03-29T22:31:00.088+0500","caller":"closer/closer.go:171","message":"🧩 Закрываем PostgresSQL connection..."}
{"level":"INFO","timestamp":"2026-03-29T22:31:00.088+0500","caller":"closer/closer.go:171","message":"🧩 Закрываем Inventory gRPC connection..."}
{"level":"INFO","timestamp":"2026-03-29T22:31:00.088+0500","caller":"closer/closer.go:171","message":"🧩 Закрываем Payment gRPC connection..."}
{"level":"INFO","timestamp":"2026-03-29T22:31:00.089+0500","caller":"closer/closer.go:171","message":"🧩 Закрываем HTTP server..."}
{"level":"INFO","timestamp":"2026-03-29T22:31:00.090+0500","caller":"closer/closer.go:171","message":"✅ PostgresSQL connection успешно закрыт за 2.737173ms"}
{"level":"INFO","timestamp":"2026-03-29T22:31:00.093+0500","caller":"closer/closer.go:171","message":"✅ HTTP server успешно закрыт за 5.639392ms"}
{"level":"INFO","timestamp":"2026-03-29T22:31:00.093+0500","caller":"closer/closer.go:171","message":"✅ Inventory gRPC connection успешно закрыт за 6.14611ms"}
{"level":"INFO","timestamp":"2026-03-29T22:31:00.093+0500","caller":"closer/closer.go:171","message":"✅ Payment gRPC connection успешно закрыт за 5.793299ms"}
{"level":"INFO","timestamp":"2026-03-29T22:31:00.093+0500","caller":"sync/once.go:78","message":"✅ Все ресурсы успешно закрыты"}
{"level":"INFO","timestamp":"2026-03-29T22:31:13.475+0500","caller":"app/app.go:128","message":"🗄️ Database initialized and migrations applied"}
{"level":"INFO","timestamp":"2026-03-29T22:31:13.475+0500","caller":"app/app.go:34","message":"🚀 HTTP OrderService server listening on localhost:8080"}
